Script started on 2020-04-23 11:07:58-04:00 [TERM="xterm-256color" TTY="/dev/pts/7" COLUMNS="75" LINES="14"]
mmuffol1@remote02:~/i240a/submit/lab11$ gedit balanced &
[1] 317171
mmuffol1@remote02:~/i240a/submit/lab11$ gedit balanced &. &c &c &
[2] 317218
[1]   Done                    gedit balanced
mmuffol1@remote02:~/i240a/submit/lab11$ 
(gedit:317218): GLib-GObject-[1;33mWARNING[0m **: [34m11:17:06.374[0m: g_object_get_is_valid_property: object class 'GdkX11DeviceCore' has no property named 'device-id'
main [K.[K[K[K[K[Kgedit main.cc&[K &
[3] 319040
mmuffol1@remote02:~/i240a/submit/lab11$ 
(gedit:317218): Gtk-[1;33mWARNING[0m **: [34m11:17:44.038[0m: Calling org.xfce.Session.Manager.Inhibit failed: GDBus.Error:org.freedesktop.DBus.Error.UnknownMethod: Method "Inhibit" with signature "susu" on interface "org.xfce.Session.Manager" doesn't exist

make
g++ -g -Wall -std=c++17    balanced.cc   -o balanced
[01m[Kbalanced.cc:[m[K In function â€˜[01m[Kint balance(int, const char**)[m[Kâ€™:
[01m[Kbalanced.cc:12:25:[m[K [01;31m[Kerror: [m[Kexpected primary-expression before â€˜[01m[K][m[Kâ€™ token
     for (char* c : argv[[01;31m[K][m[K) {
                         [01;31m[K^[m[K
[01m[Kbalanced.cc:13:19:[m[K [01;35m[Kwarning: [m[Kcomparison with string literal results in unspecified behavior [[01;35m[K-Waddress[m[K]
         if (*c != [01;35m[K"("[m[K || *c != ")" || *c != "[" || *c != "]" || *c != "{" || *c != "}" || *c != "<" || *c != ">") return 2;
                   [01;35m[K^~~[m[K
[01m[Kbalanced.cc:13:19:[m[K [01;31m[Kerror: [m[KISO C++ forbids comparison between pointer and integer [[01;31m[K-fpermissive[m[K]
[01m[Kbalanced.cc:13:32:[m[K [01;35m[Kwarning: [m[Kcomparison with string literal results in unspecified behavior [[01;35m[K-Waddress[m[K]
         if (*c != "(" || *c != [01;35m[K")"[m[K || *c != "[" || *c != "]" || *c != "{" || *c != "}" || *c != "<" || *c != ">") return 2;
                                [01;35m[K^~~[m[K
[01m[Kbalanced.cc:13:32:[m[K [01;31m[Kerror: [m[KISO C++ forbids comparison between pointer and integer [[01;31m[K-fpermissive[m[K]
[01m[Kbalanced.cc:13:45:[m[K [01;35m[Kwarning: [m[Kcomparison with string literal results in unspecified behavior [[01;35m[K-Waddress[m[K]
         if (*c != "(" || *c != ")" || *c != [01;35m[K"["[m[K || *c != "]" || *c != "{" || *c != "}" || *c != "<" || *c != ">") return 2;
                                             [01;35m[K^~~[m[K
[01m[Kbalanced.cc:13:45:[m[K [01;31m[Kerror: [m[KISO C++ forbids comparison between pointer and integer [[01;31m[K-fpermissive[m[K]
[01m[Kbalanced.cc:13:58:[m[K [01;35m[Kwarning: [m[Kcomparison with string literal results in unspecified behavior [[01;35m[K-Waddress[m[K]
         if (*c != "(" || *c != ")" || *c != "[" || *c != [01;35m[K"]"[m[K || *c != "{" || *c != "}" || *c != "<" || *c != ">") return 2;
                                                          [01;35m[K^~~[m[K
[01m[Kbalanced.cc:13:58:[m[K [01;31m[Kerror: [m[KISO C++ forbids comparison between pointer and integer [[01;31m[K-fpermissive[m[K]
[01m[Kbalanced.cc:13:71:[m[K [01;35m[Kwarning: [m[Kcomparison with string literal results in unspecified behavior [[01;35m[K-Waddress[m[K]
  if (*c != "(" || *c != ")" || *c != "[" || *c != "]" || *c != [01;35m[K"{"[m[K || *c != "}" || *c != "<" || *c != ">") return 2;
                                                                [01;35m[K^~~[m[K

[01m[Kbalanced.cc:13:71:[m[K [01;31m[Kerror: [m[KISO C++ forbids comparison between pointer and integer [[01;31m[K-fpermissive[m[K]
[01m[Kbalanced.cc:13:84:[m[K [01;35m[Kwarning: [m[Kcomparison with string literal results in unspecified behavior [[01;35m[K-Waddress[m[K]
 " || *c != ")" || *c != "[" || *c != "]" || *c != "{" || *c != [01;35m[K"}"[m[K || *c != "<" || *c != ">") return 2;
                                                                [01;35m[K^~~[m[K

[01m[Kbalanced.cc:13:84:[m[K [01;31m[Kerror: [m[KISO C++ forbids comparison between pointer and integer [[01;31m[K-fpermissive[m[K]
[01m[Kbalanced.cc:13:97:[m[K [01;35m[Kwarning: [m[Kcomparison with string literal results in unspecified behavior [[01;35m[K-Waddress[m[K]
 " || *c != "[" || *c != "]" || *c != "{" || *c != "}" || *c != [01;35m[K"<"[m[K || *c != ">") return 2;
                                                                [01;35m[K^~~[m[K

[01m[Kbalanced.cc:13:97:[m[K [01;31m[Kerror: [m[KISO C++ forbids comparison between pointer and integer [[01;31m[K-fpermissive[m[K]
[01m[Kbalanced.cc:13:110:[m[K [01;35m[Kwarning: [m[Kcomparison with string literal results in unspecified behavior [[01;35m[K-Waddress[m[K]
 " || *c != "]" || *c != "{" || *c != "}" || *c != "<" || *c != [01;35m[K">"[m[K) return 2;
                                                                [01;35m[K^~~[m[K

[01m[Kbalanced.cc:13:110:[m[K [01;31m[Kerror: [m[KISO C++ forbids comparison between pointer and integer [[01;31m[K-fpermissive[m[K]
[01m[Kbalanced.cc:19:29:[m[K [01;31m[Kerror: [m[Kexpected primary-expression before â€˜[01m[K][m[Kâ€™ token
         for (char* c : argv[[01;31m[K][m[K) {
                             [01;31m[K^[m[K
[01m[Kbalanced.cc:20:23:[m[K [01;35m[Kwarning: [m[Kcomparison with string literal results in unspecified behavior [[01;35m[K-Waddress[m[K]
             if (*c == [01;35m[K"("[m[K) oParen ++;
                       [01;35m[K^~~[m[K
[01m[Kbalanced.cc:20:23:[m[K [01;31m[Kerror: [m[KISO C++ forbids comparison between pointer and integer [[01;31m[K-fpermissive[m[K]
[01m[Kbalanced.cc:21:23:[m[K [01;35m[Kwarning: [m[Kcomparison with string literal results in unspecified behavior [[01;35m[K-Waddress[m[K]
             if (*c == [01;35m[K")"[m[K) oParen --;
                       [01;35m[K^~~[m[K
[01m[Kbalanced.cc:21:23:[m[K [01;31m[Kerror: [m[KISO C++ forbids comparison between pointer and integer [[01;31m[K-fpermissive[m[K]
[01m[Kbalanced.cc:22:23:[m[K [01;35m[Kwarning: [m[Kcomparison with string literal results in unspecified behavior [[01;35m[K-Waddress[m[K]
             if (*c == [01;35m[K"["[m[K) oBracket ++;
                       [01;35m[K^~~[m[K
[01m[Kbalanced.cc:22:23:[m[K [01;31m[Kerror: [m[KISO C++ forbids comparison between pointer and integer [[01;31m[K-fpermissive[m[K]
[01m[Kbalanced.cc:23:23:[m[K [01;35m[Kwarning: [m[Kcomparison with string literal results in unspecified behavior [[01;35m[K-Waddress[m[K]
             if (*c == [01;35m[K"]"[m[K) oBracket --;
                       [01;35m[K^~~[m[K
[01m[Kbalanced.cc:23:23:[m[K [01;31m[Kerror: [m[KISO C++ forbids comparison between pointer and integer [[01;31m[K-fpermissive[m[K]
[01m[Kbalanced.cc:24:23:[m[K [01;35m[Kwarning: [m[Kcomparison with string literal results in unspecified behavior [[01;35m[K-Waddress[m[K]
             if (*c == [01;35m[K"{"[m[K) oBrace ++;
                       [01;35m[K^~~[m[K
[01m[Kbalanced.cc:24:23:[m[K [01;31m[Kerror: [m[KISO C++ forbids comparison between pointer and integer [[01;31m[K-fpermissive[m[K]
[01m[Kbalanced.cc:25:23:[m[K [01;35m[Kwarning: [m[Kcomparison with string literal results in unspecified behavior [[01;35m[K-Waddress[m[K]
             if (*c == [01;35m[K"}"[m[K) oBrace --;
                       [01;35m[K^~~[m[K
[01m[Kbalanced.cc:25:23:[m[K [01;31m[Kerror: [m[KISO C++ forbids comparison between pointer and integer [[01;31m[K-fpermissive[m[K]
[01m[Kbalanced.cc:26:23:[m[K [01;35m[Kwarning: [m[Kcomparison with string literal results in unspecified behavior [[01;35m[K-Waddress[m[K]
             if (*c == [01;35m[K">"[m[K) greaterthan ++;
                       [01;35m[K^~~[m[K
[01m[Kbalanced.cc:26:23:[m[K [01;31m[Kerror: [m[KISO C++ forbids comparison between pointer and integer [[01;31m[K-fpermissive[m[K]
[01m[Kbalanced.cc:27:23:[m[K [01;35m[Kwarning: [m[Kcomparison with string literal results in unspecified behavior [[01;35m[K-Waddress[m[K]
             if (*c == [01;35m[K"<"[m[K) greaterthan --;
                       [01;35m[K^~~[m[K
[01m[Kbalanced.cc:27:23:[m[K [01;31m[Kerror: [m[KISO C++ forbids comparison between pointer and integer [[01;31m[K-fpermissive[m[K]
[01m[Kbalanced.cc:[m[K In function â€˜[01m[Kint main(int, const char**)[m[Kâ€™:
[01m[Kbalanced.cc:34:18:[m[K [01;31m[Kerror: [m[Kâ€˜[01m[Kbalanced[m[Kâ€™ was not declared in this scope
     int result = [01;31m[Kbalanced[m[K(argc, argv);
                  [01;31m[K^~~~~~~~[m[K
[01m[Kbalanced.cc:34:18:[m[K [01;36m[Knote: [m[Ksuggested alternative: â€˜[01m[Kbalance[m[Kâ€™
     int result = [01;36m[Kbalanced[m[K(argc, argv);
                  [01;36m[K^~~~~~~~[m[K
                  [32m[Kbalance[m[K
[01m[Kbalanced.cc:37:5:[m[K [01;31m[Kerror: [m[Kexpected primary-expression before â€˜[01m[Kif[m[Kâ€™
     [01;31m[Kif[m[K (result == 2) return
     [01;31m[K^~[m[K
[01m[Kbalanced.cc:36:28:[m[K [01;31m[Kerror: [m[Kexpected â€˜[01m[K;[m[Kâ€™ before â€˜[01m[Kif[m[Kâ€™
     if (result == 1) return
                            [01;31m[K^[m[K
                            [32m[K;[m[K
     [32m[Kif[m[K (result == 2) return
     [32m[K~~[m[K                      
[01m[Kbalanced.cc:38:1:[m[K [01;31m[Kerror: [m[Kexpected primary-expression before â€˜[01m[K}[m[Kâ€™ token
 [01;31m[K}[m[K
 [01;31m[K^[m[K
[01m[Kbalanced.cc:37:28:[m[K [01;31m[Kerror: [m[Kexpected â€˜[01m[K;[m[Kâ€™ before â€˜[01m[K}[m[Kâ€™ token
     if (result == 2) return
                            [01;31m[K^[m[K
                            [32m[K;[m[K
 [32m[K}[m[K
 [32m[K~[m[K                           
make: *** [<builtin>: balanced] Error 1
[3]+  Done                    gedit main.cc
mmuffol1@remote02:~/i240a/submit/lab11$ make
g++ -g -Wall -std=c++17    balanced.cc   -o balanced
[01m[Kbalanced.cc:[m[K In function â€˜[01m[Kint balance(int, const char**)[m[Kâ€™:
[01m[Kbalanced.cc:5:1:[m[K [01;35m[Kwarning: [m[Kno return statement in function returning non-void [[01;35m[K-Wreturn-type[m[K]
 [01;35m[K}[m[K
 [01;35m[K^[m[K
[01m[Kbalanced.cc:[m[K In function â€˜[01m[Kint main(int, const char**)[m[Kâ€™:
[01m[Kbalanced.cc:8:18:[m[K [01;31m[Kerror: [m[Kâ€˜[01m[Kbalanced[m[Kâ€™ was not declared in this scope
     int result = [01;31m[Kbalanced[m[K(argc, argv);
                  [01;31m[K^~~~~~~~[m[K
[01m[Kbalanced.cc:8:18:[m[K [01;36m[Knote: [m[Ksuggested alternative: â€˜[01m[Kbalance[m[Kâ€™
     int result = [01;36m[Kbalanced[m[K(argc, argv);
                  [01;36m[K^~~~~~~~[m[K
                  [32m[Kbalance[m[K
[01m[Kbalanced.cc:8:9:[m[K [01;35m[Kwarning: [m[Kunused variable â€˜[01m[Kresult[m[Kâ€™ [[01;35m[K-Wunused-variable[m[K]
     int [01;35m[Kresult[m[K = balanced(argc, argv);
         [01;35m[K^~~~~~[m[K
make: *** [<builtin>: balanced] Error 1
mmuffol1@remote02:~/i240a/submit/lab11$ make
g++ -g -Wall -std=c++17    balanced.cc   -o balanced
[01m[Kbalanced.cc:[m[K In function â€˜[01m[Kint balance(int, const char**)[m[Kâ€™:
[01m[Kbalanced.cc:5:1:[m[K [01;35m[Kwarning: [m[Kno return statement in function returning non-void [[01;35m[K-Wreturn-type[m[K]
 [01;35m[K}[m[K
 [01;35m[K^[m[K
[01m[Kbalanced.cc:[m[K In function â€˜[01m[Kint main(int, const char**)[m[Kâ€™:
[01m[Kbalanced.cc:8:5:[m[K [01;31m[Kerror: [m[Kâ€˜[01m[Kbalanced[m[Kâ€™ was not declared in this scope
     [01;31m[Kbalanced[m[K(argc, argv);
     [01;31m[K^~~~~~~~[m[K
[01m[Kbalanced.cc:8:5:[m[K [01;36m[Knote: [m[Ksuggested alternative: â€˜[01m[Kbalance[m[Kâ€™
     [01;36m[Kbalanced[m[K(argc, argv);
     [01;36m[K^~~~~~~~[m[K
     [32m[Kbalance[m[K
make: *** [<builtin>: balanced] Error 1
mmuffol1@remote02:~/i240a/submit/lab11$ make
g++ -g -Wall -std=c++17    balanced.cc   -o balanced
[01m[Kbalanced.cc:[m[K In function â€˜[01m[Kint balance(int, const char**)[m[Kâ€™:
[01m[Kbalanced.cc:5:1:[m[K [01;35m[Kwarning: [m[Kno return statement in function returning non-void [[01;35m[K-Wreturn-type[m[K]
 [01;35m[K}[m[K
 [01;35m[K^[m[K
cat </dev/null >.gitignore
for t in balanced; do echo $t >>.gitignore; done
mmuffol1@remote02:~/i240a/submit/lab11$ gedit stack.o[Khh
mmuffol1@remote02:~/i240a/submit/lab11$ gedit stack.hh[K[Kcc
mmuffol1@remote02:~/i240a/submit/lab11$ gedit stack.cchhmake[K
g++ -g -Wall -std=c++17    balanced.cc   -o balanced
In file included from [01m[Kbalanced.cc:2[m[K:
[01m[Kstack.hh:7:12:[m[K [01;31m[Kerror: [m[Kexpected â€˜[01m[K:[m[Kâ€™ before â€˜[01m[Kint[m[Kâ€™
     private[01;31m[K [m[K[32m[Kint[m[K stk[16];
            [01;31m[K^[m[K[32m[K~~~[m[K
            [32m[K:[m[K
[01m[Kstack.hh:9:12:[m[K [01;31m[Kerror: [m[Kexpected â€˜[01m[K:[m[Kâ€™ before â€˜[01m[Kint[m[Kâ€™
     private[01;31m[K [m[K[32m[Kint[m[K stkIndex;
            [01;31m[K^[m[K[32m[K~~~[m[K
            [32m[K:[m[K
[01m[Kbalanced.cc:20:15:[m[K [01;31m[Kerror: [m[Kâ€˜[01m[Kargv[m[Kâ€™ was not declared in this scope
 bool chkDelim([01;31m[Kargv[m[K[x][y]) {
               [01;31m[K^~~~[m[K
[01m[Kbalanced.cc:20:20:[m[K [01;31m[Kerror: [m[Kâ€˜[01m[Kx[m[Kâ€™ was not declared in this scope
 bool chkDelim(argv[[01;31m[Kx[m[K][y]) {
                    [01;31m[K^[m[K
[01m[Kbalanced.cc:20:23:[m[K [01;31m[Kerror: [m[Kâ€˜[01m[Ky[m[Kâ€™ was not declared in this scope
 bool chkDelim(argv[x][[01;31m[Ky[m[K]) {
                       [01;31m[K^[m[K
[01m[Kbalanced.cc:[m[K In function â€˜[01m[Kint balance(int, const char**)[m[Kâ€™:
[01m[Kbalanced.cc:26:1:[m[K [01;35m[Kwarning: [m[Kno return statement in function returning non-void [[01;35m[K-Wreturn-type[m[K]
 [01;35m[K}[m[K
 [01;35m[K^[m[K
make: *** [<builtin>: balanced] Error 1
mmuffol1@remote02:~/i240a/submit/lab11$ makegedit stack.ccmake[K
g++ -g -Wall -std=c++17    balanced.cc   -o balanced
In file included from [01m[Kbalanced.cc:2[m[K:
[01m[Kstack.hh:7:12:[m[K [01;31m[Kerror: [m[Kexpected â€˜[01m[K:[m[Kâ€™ before â€˜[01m[Kint[m[Kâ€™
     private[01;31m[K [m[K[32m[Kint[m[K stk[16];
            [01;31m[K^[m[K[32m[K~~~[m[K
            [32m[K:[m[K
[01m[Kstack.hh:9:12:[m[K [01;31m[Kerror: [m[Kexpected â€˜[01m[K:[m[Kâ€™ before â€˜[01m[Kint[m[Kâ€™
     private[01;31m[K [m[K[32m[Kint[m[K stkIndex;
            [01;31m[K^[m[K[32m[K~~~[m[K
            [32m[K:[m[K
[01m[Kbalanced.cc:[m[K In function â€˜[01m[Kbool chkDelim(char)[m[Kâ€™:
[01m[Kbalanced.cc:22:25:[m[K [01;31m[Kerror: [m[Kexpected primary-expression before â€˜[01m[K[[m[Kâ€™ token
         int x = DelimMap[01;31m[K[[m[Kc];
                         [01;31m[K^[m[K
[01m[Kbalanced.cc:22:13:[m[K [01;35m[Kwarning: [m[Kunused variable â€˜[01m[Kx[m[Kâ€™ [[01;35m[K-Wunused-variable[m[K]
         int [01;35m[Kx[m[K = DelimMap[c];
             [01;35m[K^[m[K
[01m[Kbalanced.cc:25:10:[m[K [01;31m[Kerror: [m[Kexpected â€˜[01m[K([m[Kâ€™ before â€˜[01m[K{[m[Kâ€™ token
     catch[01;31m[K{[m[K
          [01;31m[K^[m[K
          [32m[K([m[K
[01m[Kbalanced.cc:25:10:[m[K [01;31m[Kerror: [m[Kexpected type-specifier before â€˜[01m[K{[m[Kâ€™ token
[01m[Kbalanced.cc:25:10:[m[K [01;31m[Kerror: [m[Kexpected â€˜[01m[K)[m[Kâ€™ before â€˜[01m[K{[m[Kâ€™ token
     catch[01;31m[K{[m[K
          [01;31m[K^[m[K
          [32m[K)[m[K
[01m[Kbalanced.cc:[m[K In function â€˜[01m[Kint balance(int, const char**)[m[Kâ€™:
[01m[Kbalanced.cc:32:1:[m[K [01;35m[Kwarning: [m[Kno return statement in function returning non-void [[01;35m[K-Wreturn-type[m[K]
 [01;35m[K}[m[K
 [01;35m[K^[m[K
make: *** [<builtin>: balanced] Error 1
mmuffol1@remote02:~/i240a/submit/lab11$ clear
[H[2J[3Jmmuffol1@remote02:~/i240a/submit/lab11$ clear[1Pmake
g++ -g -Wall -std=c++17    balanced.cc   -o balanced
In file included from [01m[Kbalanced.cc:2[m[K:
[01m[Kstack.hh:7:12:[m[K [01;31m[Kerror: [m[Kexpected â€˜[01m[K:[m[Kâ€™ before â€˜[01m[Kint[m[Kâ€™
     private[01;31m[K [m[K[32m[Kint[m[K stk[16];
            [01;31m[K^[m[K[32m[K~~~[m[K
            [32m[K:[m[K
[01m[Kstack.hh:9:12:[m[K [01;31m[Kerror: [m[Kexpected â€˜[01m[K:[m[Kâ€™ before â€˜[01m[Kint[m[Kâ€™
     private[01;31m[K [m[K[32m[Kint[m[K stkIndex;
            [01;31m[K^[m[K[32m[K~~~[m[K
            [32m[K:[m[K
[01m[Kbalanced.cc:[m[K In function â€˜[01m[Kbool chkDelim(char)[m[Kâ€™:
[01m[Kbalanced.cc:22:17:[m[K [01;31m[Kerror: [m[Kâ€˜[01m[KDelimEncodings[m[Kâ€™ was not declared in this scope
         int x = [01;31m[KDelimEncodings[m[K[c];
                 [01;31m[K^~~~~~~~~~~~~~[m[K
[01m[Kbalanced.cc:22:17:[m[K [01;36m[Knote: [m[Ksuggested alternative: â€˜[01m[KdelimEncodings[m[Kâ€™
         int x = [01;36m[KDelimEncodings[m[K[c];
                 [01;36m[K^~~~~~~~~~~~~~[m[K
                 [32m[KdelimEncodings[m[K
[01m[Kbalanced.cc:22:13:[m[K [01;35m[Kwarning: [m[Kunused variable â€˜[01m[Kx[m[Kâ€™ [[01;35m[K-Wunused-variable[m[K]
         int [01;35m[Kx[m[K = DelimEncodings[c];
             [01;35m[K^[m[K
[01m[Kbalanced.cc:25:10:[m[K [01;31m[Kerror: [m[Kexpected â€˜[01m[K([m[Kâ€™ before â€˜[01m[K{[m[Kâ€™ token
     catch[01;31m[K{[m[K
          [01;31m[K^[m[K
          [32m[K([m[K
[01m[Kbalanced.cc:25:10:[m[K [01;31m[Kerror: [m[Kexpected type-specifier before â€˜[01m[K{[m[Kâ€™ token
[01m[Kbalanced.cc:25:10:[m[K [01;31m[Kerror: [m[Kexpected â€˜[01m[K)[m[Kâ€™ before â€˜[01m[K{[m[Kâ€™ token
     catch[01;31m[K{[m[K
          [01;31m[K^[m[K
          [32m[K)[m[K
[01m[Kbalanced.cc:[m[K In function â€˜[01m[Kint balance(int, const char**)[m[Kâ€™:
[01m[Kbalanced.cc:32:1:[m[K [01;35m[Kwarning: [m[Kno return statement in function returning non-void [[01;35m[K-Wreturn-type[m[K]
 [01;35m[K}[m[K
 [01;35m[K^[m[K
make: *** [<builtin>: balanced] Error 1
mmuffol1@remote02:~/i240a/submit/lab11$ clear
[H[2J[3Jmmuffol1@remote02:~/i240a/submit/lab11$ clear[1Pmake
g++ -g -Wall -std=c++17    balanced.cc   -o balanced
In file included from [01m[Kbalanced.cc:2[m[K:
[01m[Kstack.hh:7:12:[m[K [01;31m[Kerror: [m[Kexpected â€˜[01m[K:[m[Kâ€™ before â€˜[01m[Kint[m[Kâ€™
     private[01;31m[K [m[K[32m[Kint[m[K stk[16];
            [01;31m[K^[m[K[32m[K~~~[m[K
            [32m[K:[m[K
[01m[Kstack.hh:9:12:[m[K [01;31m[Kerror: [m[Kexpected â€˜[01m[K:[m[Kâ€™ before â€˜[01m[Kint[m[Kâ€™
     private[01;31m[K [m[K[32m[Kint[m[K stkIndex;
            [01;31m[K^[m[K[32m[K~~~[m[K
            [32m[K:[m[K
[01m[Kbalanced.cc:[m[K In function â€˜[01m[Kbool chkDelim(char)[m[Kâ€™:
[01m[Kbalanced.cc:22:33:[m[K [01;35m[Kwarning: [m[Karray subscript has type â€˜[01m[Kchar[m[Kâ€™ [[01;35m[K-Wchar-subscripts[m[K]
         int x = delimEncodings[c[01;35m[K][m[K;
                                 [01;35m[K^[m[K
[01m[Kbalanced.cc:22:33:[m[K [01;31m[Kerror: [m[Kcannot convert â€˜[01m[KDelimMap[m[Kâ€™ to â€˜[01m[Kint[m[Kâ€™ in initialization
[01m[Kbalanced.cc:22:13:[m[K [01;35m[Kwarning: [m[Kunused variable â€˜[01m[Kx[m[Kâ€™ [[01;35m[K-Wunused-variable[m[K]
         int [01;35m[Kx[m[K = delimEncodings[c];
             [01;35m[K^[m[K
[01m[Kbalanced.cc:25:10:[m[K [01;31m[Kerror: [m[Kexpected â€˜[01m[K([m[Kâ€™ before â€˜[01m[K{[m[Kâ€™ token
     catch[01;31m[K{[m[K
          [01;31m[K^[m[K
          [32m[K([m[K
[01m[Kbalanced.cc:25:10:[m[K [01;31m[Kerror: [m[Kexpected type-specifier before â€˜[01m[K{[m[Kâ€™ token
[01m[Kbalanced.cc:25:10:[m[K [01;31m[Kerror: [m[Kexpected â€˜[01m[K)[m[Kâ€™ before â€˜[01m[K{[m[Kâ€™ token
     catch[01;31m[K{[m[K
          [01;31m[K^[m[K
          [32m[K)[m[K
[01m[Kbalanced.cc:[m[K In function â€˜[01m[Kint balance(int, const char**)[m[Kâ€™:
[01m[Kbalanced.cc:32:1:[m[K [01;35m[Kwarning: [m[Kno return statement in function returning non-void [[01;35m[K-Wreturn-type[m[K]
 [01;35m[K}[m[K
 [01;35m[K^[m[K
make: *** [<builtin>: balanced] Error 1
mmuffol1@remote02:~/i240a/submit/lab11$ make[Kmakeclear
[H[2J[3Jmmuffol1@remote02:~/i240a/submit/lab11$ clear[1Pmake
g++ -g -Wall -std=c++17    balanced.cc   -o balanced
In file included from [01m[Kbalanced.cc:2[m[K:
[01m[Kstack.hh:7:12:[m[K [01;31m[Kerror: [m[Kexpected â€˜[01m[K:[m[Kâ€™ before â€˜[01m[Kint[m[Kâ€™
     private[01;31m[K [m[K[32m[Kint[m[K stk[16];
            [01;31m[K^[m[K[32m[K~~~[m[K
            [32m[K:[m[K
[01m[Kstack.hh:9:12:[m[K [01;31m[Kerror: [m[Kexpected â€˜[01m[K:[m[Kâ€™ before â€˜[01m[Kint[m[Kâ€™
     private[01;31m[K [m[K[32m[Kint[m[K stkIndex;
            [01;31m[K^[m[K[32m[K~~~[m[K
            [32m[K:[m[K
[01m[Kbalanced.cc:[m[K In function â€˜[01m[Kbool chkDelim(char)[m[Kâ€™:
[01m[Kbalanced.cc:21:25:[m[K [01;31m[Kerror: [m[Kâ€˜[01m[KdelimEncoding[m[Kâ€™ was not declared in this scope
     for (int i = 0; i < [01;31m[KdelimEncoding[m[K.length; i++){
                         [01;31m[K^~~~~~~~~~~~~[m[K
[01m[Kbalanced.cc:21:25:[m[K [01;36m[Knote: [m[Ksuggested alternative: â€˜[01m[KdelimEncodings[m[Kâ€™
     for (int i = 0; i < [01;36m[KdelimEncoding[m[K.length; i++){
                         [01;36m[K^~~~~~~~~~~~~[m[K
                         [32m[KdelimEncodings[m[K
[01m[Kbalanced.cc:[m[K In function â€˜[01m[Kint balance(int, const char**)[m[Kâ€™:
[01m[Kbalanced.cc:31:1:[m[K [01;35m[Kwarning: [m[Kno return statement in function returning non-void [[01;35m[K-Wreturn-type[m[K]
 [01;35m[K}[m[K
 [01;35m[K^[m[K
make: *** [<builtin>: balanced] Error 1
mmuffol1@remote02:~/i240a/submit/lab11$ makeclear
[H[2J[3Jmmuffol1@remote02:~/i240a/submit/lab11$ clear[1Pmake
g++ -g -Wall -std=c++17    balanced.cc   -o balanced
In file included from [01m[Kbalanced.cc:2[m[K:
[01m[Kstack.hh:7:12:[m[K [01;31m[Kerror: [m[Kexpected â€˜[01m[K:[m[Kâ€™ before â€˜[01m[Kint[m[Kâ€™
     private[01;31m[K [m[K[32m[Kint[m[K stk[16];
            [01;31m[K^[m[K[32m[K~~~[m[K
            [32m[K:[m[K
[01m[Kstack.hh:9:12:[m[K [01;31m[Kerror: [m[Kexpected â€˜[01m[K:[m[Kâ€™ before â€˜[01m[Kint[m[Kâ€™
     private[01;31m[K [m[K[32m[Kint[m[K stkIndex;
            [01;31m[K^[m[K[32m[K~~~[m[K
            [32m[K:[m[K
[01m[Kbalanced.cc:[m[K In function â€˜[01m[Kbool chkDelim(char)[m[Kâ€™:
[01m[Kbalanced.cc:22:12:[m[K [01;31m[Kerror: [m[Kâ€˜[01m[KdelimEncoding[m[Kâ€™ was not declared in this scope
         if([01;31m[KdelimEncoding[m[K[i] -> delim == c) {
            [01;31m[K^~~~~~~~~~~~~[m[K
[01m[Kbalanced.cc:22:12:[m[K [01;36m[Knote: [m[Ksuggested alternative: â€˜[01m[KdelimEncodings[m[Kâ€™
         if([01;36m[KdelimEncoding[m[K[i] -> delim == c) {
            [01;36m[K^~~~~~~~~~~~~[m[K
            [32m[KdelimEncodings[m[K
[01m[Kbalanced.cc:[m[K In function â€˜[01m[Kint balance(int, const char**)[m[Kâ€™:
[01m[Kbalanced.cc:31:1:[m[K [01;35m[Kwarning: [m[Kno return statement in function returning non-void [[01;35m[K-Wreturn-type[m[K]
 [01;35m[K}[m[K
 [01;35m[K^[m[K
make: *** [<builtin>: balanced] Error 1
mmuffol1@remote02:~/i240a/submit/lab11$ makeclear
[H[2J[3Jmmuffol1@remote02:~/i240a/submit/lab11$ clear[1Pmake
g++ -g -Wall -std=c++17    balanced.cc   -o balanced
In file included from [01m[Kbalanced.cc:2[m[K:
[01m[Kstack.hh:7:12:[m[K [01;31m[Kerror: [m[Kexpected â€˜[01m[K:[m[Kâ€™ before â€˜[01m[Kint[m[Kâ€™
     private[01;31m[K [m[K[32m[Kint[m[K stk[16];
            [01;31m[K^[m[K[32m[K~~~[m[K
            [32m[K:[m[K
[01m[Kstack.hh:9:12:[m[K [01;31m[Kerror: [m[Kexpected â€˜[01m[K:[m[Kâ€™ before â€˜[01m[Kint[m[Kâ€™
     private[01;31m[K [m[K[32m[Kint[m[K stkIndex;
            [01;31m[K^[m[K[32m[K~~~[m[K
            [32m[K:[m[K
[01m[Kbalanced.cc:[m[K In function â€˜[01m[Kbool chkDelim(char)[m[Kâ€™:
[01m[Kbalanced.cc:22:30:[m[K [01;31m[Kerror: [m[Kbase operand of â€˜[01m[K->[m[Kâ€™ has non-pointer type â€˜[01m[KDelimMap[m[Kâ€™
         if(delimEncodings[i] [01;31m[K->[m[K delim == c) {
                              [01;31m[K^~[m[K
[01m[Kbalanced.cc:[m[K In function â€˜[01m[Kint balance(int, const char**)[m[Kâ€™:
[01m[Kbalanced.cc:31:1:[m[K [01;35m[Kwarning: [m[Kno return statement in function returning non-void [[01;35m[K-Wreturn-type[m[K]
 [01;35m[K}[m[K
 [01;35m[K^[m[K
make: *** [<builtin>: balanced] Error 1
mmuffol1@remote02:~/i240a/submit/lab11$ makeclear
[H[2J[3Jmmuffol1@remote02:~/i240a/submit/lab11$ clear[1Pmake
g++ -g -Wall -std=c++17    balanced.cc   -o balanced
In file included from [01m[Kbalanced.cc:2[m[K:
[01m[Kstack.hh:7:12:[m[K [01;31m[Kerror: [m[Kexpected â€˜[01m[K:[m[Kâ€™ before â€˜[01m[Kint[m[Kâ€™
     private[01;31m[K [m[K[32m[Kint[m[K stk[16];
            [01;31m[K^[m[K[32m[K~~~[m[K
            [32m[K:[m[K
[01m[Kstack.hh:9:12:[m[K [01;31m[Kerror: [m[Kexpected â€˜[01m[K:[m[Kâ€™ before â€˜[01m[Kint[m[Kâ€™
     private[01;31m[K [m[K[32m[Kint[m[K stkIndex;
            [01;31m[K^[m[K[32m[K~~~[m[K
            [32m[K:[m[K
[01m[Kbalanced.cc:[m[K In function â€˜[01m[Kbool chkDelim(char)[m[Kâ€™:
[01m[Kbalanced.cc:22:29:[m[K [01;31m[Kerror: [m[Kbase operand of â€˜[01m[K->[m[Kâ€™ has non-pointer type â€˜[01m[KDelimMap[m[Kâ€™
         if(delimEncodings[i][01;31m[K->[m[Kdelim == c) {
                             [01;31m[K^~[m[K
[01m[Kbalanced.cc:[m[K In function â€˜[01m[Kint balance(int, const char**)[m[Kâ€™:
[01m[Kbalanced.cc:31:1:[m[K [01;35m[Kwarning: [m[Kno return statement in function returning non-void [[01;35m[K-Wreturn-type[m[K]
 [01;35m[K}[m[K
 [01;35m[K^[m[K
make: *** [<builtin>: balanced] Error 1
mmuffol1@remote02:~/i240a/submit/lab11$ makeclear
[H[2J[3Jmmuffol1@remote02:~/i240a/submit/lab11$ clear[1Pmake
g++ -g -Wall -std=c++17    balanced.cc   -o balanced
In file included from [01m[Kbalanced.cc:2[m[K:
[01m[Kstack.hh:7:12:[m[K [01;31m[Kerror: [m[Kexpected â€˜[01m[K:[m[Kâ€™ before â€˜[01m[Kint[m[Kâ€™
     private[01;31m[K [m[K[32m[Kint[m[K stk[16];
            [01;31m[K^[m[K[32m[K~~~[m[K
            [32m[K:[m[K
[01m[Kstack.hh:9:12:[m[K [01;31m[Kerror: [m[Kexpected â€˜[01m[K:[m[Kâ€™ before â€˜[01m[Kint[m[Kâ€™
     private[01;31m[K [m[K[32m[Kint[m[K stkIndex;
            [01;31m[K^[m[K[32m[K~~~[m[K
            [32m[K:[m[K
[01m[Kbalanced.cc:[m[K In function â€˜[01m[Kint balance(int, const char**)[m[Kâ€™:
[01m[Kbalanced.cc:31:1:[m[K [01;35m[Kwarning: [m[Kno return statement in function returning non-void [[01;35m[K-Wreturn-type[m[K]
 [01;35m[K}[m[K
 [01;35m[K^[m[K
make: *** [<builtin>: balanced] Error 1
mmuffol1@remote02:~/i240a/submit/lab11$ clear
[H[2J[3Jmmuffol1@remote02:~/i240a/submit/lab11$ clear[1Pmakea[K
g++ -g -Wall -std=c++17    balanced.cc   -o balanced
[01m[Kbalanced.cc:[m[K In function â€˜[01m[Kint balance(int, const char**)[m[Kâ€™:
[01m[Kbalanced.cc:31:1:[m[K [01;35m[Kwarning: [m[Kno return statement in function returning non-void [[01;35m[K-Wreturn-type[m[K]
 [01;35m[K}[m[K
 [01;35m[K^[m[K
g++ -g -Wall -std=c++17    stack.cc   -o stack
[01m[Kstack.cc:6:5:[m[K [01;31m[Kerror: [m[Kexpected unqualified-id before â€˜[01m[Kprivate[m[Kâ€™
     [01;31m[Kprivate[m[K int stk[16];
     [01;31m[K^~~~~~~[m[K
[01m[Kstack.cc:8:5:[m[K [01;31m[Kerror: [m[Kexpected unqualified-id before â€˜[01m[Kprivate[m[Kâ€™
     [01;31m[Kprivate[m[K int stkIndex = 0;
     [01;31m[K^~~~~~~[m[K
[01m[Kstack.cc:10:22:[m[K [01;31m[Kerror: [m[Kdefinition of implicitly-declared â€˜[01m[KStack::Stack()[m[Kâ€™
     Stack::Stack(void[01;31m[K)[m[K {}
                      [01;31m[K^[m[K
[01m[Kstack.cc:12:10:[m[K [01;31m[Kerror: [m[Kno declaration matches â€˜[01m[Kvoid Stack::push(int)[m[Kâ€™
     void [01;31m[KStack[m[K::push(int x){
          [01;31m[K^~~~~[m[K
In file included from [01m[Kstack.cc:4[m[K:
[01m[Kstack.hh:12:17:[m[K [01;36m[Knote: [m[Kcandidate is: â€˜[01m[Kvirtual int Stack::push()[m[Kâ€™
     virtual int [01;36m[Kpush[m[K();
                 [01;36m[K^~~~[m[K
[01m[Kstack.hh:4:7:[m[K [01;36m[Knote: [m[Kâ€˜[01m[Kclass Stack[m[Kâ€™ defined here
 class [01;36m[KStack[m[K {
       [01;36m[K^~~~~[m[K
make: *** [<builtin>: stack] Error 1
mmuffol1@remote02:~/i240a/submit/lab11$ makeclear
[H[2J[3Jmmuffol1@remote02:~/i240a/submit/lab11$ clear[1Pmake
g++ -g -Wall -std=c++17    stack.cc   -o stack
[01m[Kstack.cc:10:22:[m[K [01;31m[Kerror: [m[Kdefinition of implicitly-declared â€˜[01m[KStack::Stack()[m[Kâ€™
     Stack::Stack(void[01;31m[K)[m[K {}
                      [01;31m[K^[m[K
[01m[Kstack.cc:12:10:[m[K [01;31m[Kerror: [m[Kno declaration matches â€˜[01m[Kvoid Stack::push(int)[m[Kâ€™
     void [01;31m[KStack[m[K::push(int x){
          [01;31m[K^~~~~[m[K
In file included from [01m[Kstack.cc:4[m[K:
[01m[Kstack.hh:12:17:[m[K [01;36m[Knote: [m[Kcandidate is: â€˜[01m[Kvirtual int Stack::push()[m[Kâ€™
     virtual int [01;36m[Kpush[m[K();
                 [01;36m[K^~~~[m[K
[01m[Kstack.hh:4:7:[m[K [01;36m[Knote: [m[Kâ€˜[01m[Kclass Stack[m[Kâ€™ defined here
 class [01;36m[KStack[m[K {
       [01;36m[K^~~~~[m[K
make: *** [<builtin>: stack] Error 1
mmuffol1@remote02:~/i240a/submit/lab11$ makeclear
[H[2J[3Jmmuffol1@remote02:~/i240a/submit/lab11$ clear[1Pmake
g++ -g -Wall -std=c++17    stack.cc   -o stack
[01m[Kstack.cc:12:10:[m[K [01;31m[Kerror: [m[Kno declaration matches â€˜[01m[Kvoid Stack::push(int)[m[Kâ€™
     void [01;31m[KStack[m[K::push(int x){
          [01;31m[K^~~~~[m[K
In file included from [01m[Kstack.cc:4[m[K:
[01m[Kstack.hh:12:17:[m[K [01;36m[Knote: [m[Kcandidate is: â€˜[01m[Kvirtual int Stack::push()[m[Kâ€™
     virtual int [01;36m[Kpush[m[K();
                 [01;36m[K^~~~[m[K
[01m[Kstack.hh:4:7:[m[K [01;36m[Knote: [m[Kâ€˜[01m[Kclass Stack[m[Kâ€™ defined here
 class [01;36m[KStack[m[K {
       [01;36m[K^~~~~[m[K
make: *** [<builtin>: stack] Error 1
mmuffol1@remote02:~/i240a/submit/lab11$ makeclear
[H[2J[3Jmmuffol1@remote02:~/i240a/submit/lab11$ clear[1Pmake
g++ -g -Wall -std=c++17    stack.cc   -o stack
[01m[Kstack.cc:12:10:[m[K [01;31m[Kerror: [m[Kno declaration matches â€˜[01m[Kvoid Stack::push(int)[m[Kâ€™
     void [01;31m[KStack[m[K::push(int x){
          [01;31m[K^~~~~[m[K
In file included from [01m[Kstack.cc:4[m[K:
[01m[Kstack.hh:12:18:[m[K [01;36m[Knote: [m[Kcandidate is: â€˜[01m[Kvirtual void Stack::push()[m[Kâ€™
     virtual void [01;36m[Kpush[m[K();
                  [01;36m[K^~~~[m[K
[01m[Kstack.hh:4:7:[m[K [01;36m[Knote: [m[Kâ€˜[01m[Kclass Stack[m[Kâ€™ defined here
 class [01;36m[KStack[m[K {
       [01;36m[K^~~~~[m[K
make: *** [<builtin>: stack] Error 1
mmuffol1@remote02:~/i240a/submit/lab11$ makeclear
[H[2J[3Jmmuffol1@remote02:~/i240a/submit/lab11$ clear[1Pmake
g++ -g -Wall -std=c++17    stack.cc   -o stack
/usr/bin/ld: /usr/lib/gcc/x86_64-linux-gnu/8/../../../x86_64-linux-gnu/Scrt1.o: in function `_start':
(.text+0x20): undefined reference to `main'
collect2: error: ld returned 1 exit status
make: *** [<builtin>: stack] Error 1
mmuffol1@remote02:~/i240a/submit/lab11$ fd[K[Kmakeclear
[H[2J[3Jmmuffol1@remote02:~/i240a/submit/lab11$ clear[1Pmake
g++ -g -Wall -std=c++17    balanced.cc   -o balanced
g++ -g -Wall -std=c++17    stack.cc   -o stack
/usr/bin/ld: /usr/lib/gcc/x86_64-linux-gnu/8/../../../x86_64-linux-gnu/Scrt1.o: in function `_start':
(.text+0x20): undefined reference to `main'
collect2: error: ld returned 1 exit status
make: *** [<builtin>: stack] Error 1
mmuffol1@remote02:~/i240a/submit/lab11$ makeclear
[H[2J[3Jmmuffol1@remote02:~/i240a/submit/lab11$ clear[1Pmake
g++ -g -Wall -std=c++17    balanced.cc   -o balanced
g++ -g -Wall -std=c++17    stack.cc   -o stack
/usr/bin/ld: /usr/lib/gcc/x86_64-linux-gnu/8/../../../x86_64-linux-gnu/Scrt1.o: in function `_start':
(.text+0x20): undefined reference to `main'
collect2: error: ld returned 1 exit status
make: *** [<builtin>: stack] Error 1
mmuffol1@remote02:~/i240a/submit/lab11$ g++ [K[K[K[Kg++ balance.cc
[01m[Kg++:[m[K [01;31m[Kerror: [m[Kbalance.cc: No such file or directory
[01m[Kg++:[m[K [01;31m[Kfatal error: [m[Kno input files
compilation terminated.
mmuffol1@remote02:~/i240a/submit/lab11$ g++ balance.ccd.cc
mmuffol1@remote02:~/i240a/submit/lab11$ ./balanced[K[K[K[K[K[K[K[K[K[Kls
a.out  balanced  balanced.cc  lab11.LOG  Makefile  stack.cc  stack.hh
mmuffol1@remote02:~/i240a/submit/lab11$ a.out[K[K[K[K[K./a.out 
mmuffol1@remote02:~/i240a/submit/lab11$ ./a.out ls[Kg++ balanced.cc
mmuffol1@remote02:~/i240a/submit/lab11$ g++ balanced.cc[7P./a.out ls[K./a.out 
Hi
mmuffol1@remote02:~/i240a/submit/lab11$ ./a.out g++ balanced.cc[7P./a.out ls[Kg++ balanced.cc[1P.ccmake[Kclear
[H[2J[3Jmmuffol1@remote02:~/i240a/submit/lab11$ make
g++ balanced.cc -o balanced
cat </dev/null >.gitignore
for t in balanced stack; do echo $t >>.gitignore; done
mmuffol1@remote02:~/i240a/submit/lab11$ ls
a.out  balanced  balanced.cc  lab11.LOG  Makefile  stack.cc  stack.hh
mmuffol1@remote02:~/i240a/submit/lab11$ ./balanced
Hi
mmuffol1@remote02:~/i240a/submit/lab11$ ./balancedls[Kmakeclear
[H[2J[3Jmmuffol1@remote02:~/i240a/submit/lab11$ clear./balancedls[K
a.out  balanced  balanced.cc  lab11.LOG  Makefile  stack.cc  stack.hh
mmuffol1@remote02:~/i240a/submit/lab11$ lsclear./balancedls[Kmake
g++ balanced.cc -o balanced
[01m[Kbalanced.cc:[m[K In function â€˜[01m[Kint balance(int, const char**)[m[Kâ€™:
[01m[Kbalanced.cc:37:34:[m[K [01;35m[Kwarning: [m[Kâ€˜[01m[Ksizeof[m[Kâ€™ on array function parameter â€˜[01m[Kargv[m[Kâ€™ will return size of â€˜[01m[Kconst char**[m[Kâ€™ [[01;35m[K-Wsizeof-array-argument[m[K]
     for (int i=0; i < sizeof(argv[01;35m[K)[m[K; i++) {
                                  [01;35m[K^[m[K
[01m[Kbalanced.cc:29:35:[m[K [01;36m[Knote: [m[Kdeclared here
 int balance(int argc, [01;36m[Kconst char* argv[][m[K) {
                       [01;36m[K~~~~~~~~~~~~^~~~~~[m[K
[01m[Kbalanced.cc:38:13:[m[K [01;31m[Kerror: [m[Kâ€˜[01m[Kstrlen[m[Kâ€™ was not declared in this scope
         if ([01;31m[Kstrlen[m[K(argv[i]) == 1 && chkDelim(argv[i][0])) {
             [01;31m[K^~~~~~[m[K
[01m[Kbalanced.cc:38:13:[m[K [01;36m[Knote: [m[Kâ€˜[01m[Kstrlen[m[Kâ€™ is defined in header â€˜[01m[K<cstring>[m[Kâ€™; did you forget to â€˜[01m[K#include <cstring>[m[Kâ€™?
[01m[Kbalanced.cc:3:1:[m[K
+[32m[K#include <cstring>[m[K
 
[01m[Kbalanced.cc:38:13:[m[K
         if ([01;36m[Kstrlen[m[K(argv[i]) == 1 && chkDelim(argv[i][0])) {
             [01;36m[K^~~~~~[m[K
[01m[Kbalanced.cc:40:54:[m[K [01;31m[Kerror: [m[KISO C++ forbids comparison between pointer and integer [[01;31m[K-fpermissive[m[K]
                 if (delimEncodings[j].delim == argv[i[01;31m[K][m[K && if delimEncodings[j].encoding > 0) {
                                                      [01;31m[K^[m[K
[01m[Kbalanced.cc:40:59:[m[K [01;31m[Kerror: [m[Kexpected primary-expression before â€˜[01m[Kif[m[Kâ€™
                 if (delimEncodings[j].delim == argv[i] && [01;31m[Kif[m[K delimEncodings[j].encoding > 0) {
                                                           [01;31m[K^~[m[K
[01m[Kbalanced.cc:40:58:[m[K [01;31m[Kerror: [m[Kexpected â€˜[01m[K)[m[Kâ€™ before â€˜[01m[Kif[m[Kâ€™
                 if [34m[K([m[KdelimEncodings[j].delim == argv[i] &&[01;31m[K [m[K[32m[Kif[m[K delimEncodings[j].encoding > 0) {
                    [34m[K~[m[K                                     [01;31m[K^[m[K[32m[K~~[m[K
                                                          [32m[K)[m[K
[01m[Kbalanced.cc:43:54:[m[K [01;31m[Kerror: [m[KISO C++ forbids comparison between pointer and integer [[01;31m[K-fpermissive[m[K]
                 if (delimEncodings[j].delim == argv[i[01;31m[K][m[K && if delimEncodings[j].encoding > 0) {
                                                      [01;31m[K^[m[K
[01m[Kbalanced.cc:43:59:[m[K [01;31m[Kerror: [m[Kexpected primary-expression before â€˜[01m[Kif[m[Kâ€™
                 if (delimEncodings[j].delim == argv[i] && [01;31m[Kif[m[K delimEncodings[j].encoding > 0) {
                                                           [01;31m[K^~[m[K
[01m[Kbalanced.cc:43:58:[m[K [01;31m[Kerror: [m[Kexpected â€˜[01m[K)[m[Kâ€™ before â€˜[01m[Kif[m[Kâ€™
                 if [34m[K([m[KdelimEncodings[j].delim == argv[i] &&[01;31m[K [m[K[32m[Kif[m[K delimEncodings[j].encoding > 0) {
                    [34m[K~[m[K                                     [01;31m[K^[m[K[32m[K~~[m[K
                                                          [32m[K)[m[K
[01m[Kbalanced.cc:50:1:[m[K [01;35m[Kwarning: [m[Kcontrol reaches end of non-void function [[01;35m[K-Wreturn-type[m[K]
 [01;35m[K}[m[K
 [01;35m[K^[m[K
make: *** [Makefile:11: stack] Error 1
mmuffol1@remote02:~/i240a/submit/lab11$ ^C
mmuffol1@remote02:~/i240a/submit/lab11$ make[2Plsmake[Kclear
[H[2J[3Jmmuffol1@remote02:~/i240a/submit/lab11$ make
g++ balanced.cc -o balanced
[01m[Kbalanced.cc:[m[K In function â€˜[01m[Kint balance(int, const char**)[m[Kâ€™:
[01m[Kbalanced.cc:39:34:[m[K [01;35m[Kwarning: [m[Kâ€˜[01m[Ksizeof[m[Kâ€™ on array function parameter â€˜[01m[Kargv[m[Kâ€™ will return size of â€˜[01m[Kconst char**[m[Kâ€™ [[01;35m[K-Wsizeof-array-argument[m[K]
     for (int i=0; i < sizeof(argv[01;35m[K)[m[K; i++) {
                                  [01;35m[K^[m[K
[01m[Kbalanced.cc:31:35:[m[K [01;36m[Knote: [m[Kdeclared here
 int balance(int argc, [01;36m[Kconst char* argv[][m[K) {
                       [01;36m[K~~~~~~~~~~~~^~~~~~[m[K
[01m[Kbalanced.cc:42:54:[m[K [01;31m[Kerror: [m[KISO C++ forbids comparison between pointer and integer [[01;31m[K-fpermissive[m[K]
                 if (delimEncodings[j].delim == argv[i[01;31m[K][m[K && if delimEncodings[j].encoding > 0) {
                                                      [01;31m[K^[m[K
[01m[Kbalanced.cc:42:59:[m[K [01;31m[Kerror: [m[Kexpected primary-expression before â€˜[01m[Kif[m[Kâ€™
                 if (delimEncodings[j].delim == argv[i] && [01;31m[Kif[m[K delimEncodings[j].encoding > 0) {
                                                           [01;31m[K^~[m[K
[01m[Kbalanced.cc:42:58:[m[K [01;31m[Kerror: [m[Kexpected â€˜[01m[K)[m[Kâ€™ before â€˜[01m[Kif[m[Kâ€™
                 if [34m[K([m[KdelimEncodings[j].delim == argv[i] &&[01;31m[K [m[K[32m[Kif[m[K delimEncodings[j].encoding > 0) {
                    [34m[K~[m[K                                     [01;31m[K^[m[K[32m[K~~[m[K
                                                          [32m[K)[m[K
[01m[Kbalanced.cc:45:54:[m[K [01;31m[Kerror: [m[KISO C++ forbids comparison between pointer and integer [[01;31m[K-fpermissive[m[K]
                 if (delimEncodings[j].delim == argv[i[01;31m[K][m[K && if delimEncodings[j].encoding > 0) {
                                                      [01;31m[K^[m[K
[01m[Kbalanced.cc:45:59:[m[K [01;31m[Kerror: [m[Kexpected primary-expression before â€˜[01m[Kif[m[Kâ€™
                 if (delimEncodings[j].delim == argv[i] && [01;31m[Kif[m[K delimEncodings[j].encoding > 0) {
                                                           [01;31m[K^~[m[K
[01m[Kbalanced.cc:45:58:[m[K [01;31m[Kerror: [m[Kexpected â€˜[01m[K)[m[Kâ€™ before â€˜[01m[Kif[m[Kâ€™
                 if [34m[K([m[KdelimEncodings[j].delim == argv[i] &&[01;31m[K [m[K[32m[Kif[m[K delimEncodings[j].encoding > 0) {
                    [34m[K~[m[K                                     [01;31m[K^[m[K[32m[K~~[m[K
                                                          [32m[K)[m[K
[01m[Kbalanced.cc:52:1:[m[K [01;35m[Kwarning: [m[Kcontrol reaches end of non-void function [[01;35m[K-Wreturn-type[m[K]
 [01;35m[K}[m[K
 [01;35m[K^[m[K
make: *** [Makefile:11: stack] Error 1
mmuffol1@remote02:~/i240a/submit/lab11$ makeclear
[H[2J[3Jmmuffol1@remote02:~/i240a/submit/lab11$ clear[1Pmake
g++ balanced.cc -o balanced
[01m[Kbalanced.cc:[m[K In function â€˜[01m[Kint balance(int, const char**)[m[Kâ€™:
[01m[Kbalanced.cc:39:34:[m[K [01;35m[Kwarning: [m[Kâ€˜[01m[Ksizeof[m[Kâ€™ on array function parameter â€˜[01m[Kargv[m[Kâ€™ will return size of â€˜[01m[Kconst char**[m[Kâ€™ [[01;35m[K-Wsizeof-array-argument[m[K]
     for (int i=0; i < sizeof(argv[01;35m[K)[m[K; i++) {
                                  [01;35m[K^[m[K
[01m[Kbalanced.cc:31:35:[m[K [01;36m[Knote: [m[Kdeclared here
 int balance(int argc, [01;36m[Kconst char* argv[][m[K) {
                       [01;36m[K~~~~~~~~~~~~^~~~~~[m[K
[01m[Kbalanced.cc:42:54:[m[K [01;31m[Kerror: [m[KISO C++ forbids comparison between pointer and integer [[01;31m[K-fpermissive[m[K]
                 if (delimEncodings[j].delim == argv[i[01;31m[K][m[K && if delimEncodings[j].encoding > 0) {
                                                      [01;31m[K^[m[K
[01m[Kbalanced.cc:42:59:[m[K [01;31m[Kerror: [m[Kexpected primary-expression before â€˜[01m[Kif[m[Kâ€™
                 if (delimEncodings[j].delim == argv[i] && [01;31m[Kif[m[K delimEncodings[j].encoding > 0) {
                                                           [01;31m[K^~[m[K
[01m[Kbalanced.cc:42:58:[m[K [01;31m[Kerror: [m[Kexpected â€˜[01m[K)[m[Kâ€™ before â€˜[01m[Kif[m[Kâ€™
                 if [34m[K([m[KdelimEncodings[j].delim == argv[i] &&[01;31m[K [m[K[32m[Kif[m[K delimEncodings[j].encoding > 0) {
                    [34m[K~[m[K                                     [01;31m[K^[m[K[32m[K~~[m[K
                                                          [32m[K)[m[K
[01m[Kbalanced.cc:45:54:[m[K [01;31m[Kerror: [m[KISO C++ forbids comparison between pointer and integer [[01;31m[K-fpermissive[m[K]
                 if (delimEncodings[j].delim == argv[i[01;31m[K][m[K && if delimEncodings[j].encoding > 0) {
                                                      [01;31m[K^[m[K
[01m[Kbalanced.cc:45:59:[m[K [01;31m[Kerror: [m[Kexpected primary-expression before â€˜[01m[Kif[m[Kâ€™
                 if (delimEncodings[j].delim == argv[i] && [01;31m[Kif[m[K delimEncodings[j].encoding > 0) {
                                                           [01;31m[K^~[m[K
[01m[Kbalanced.cc:45:58:[m[K [01;31m[Kerror: [m[Kexpected â€˜[01m[K)[m[Kâ€™ before â€˜[01m[Kif[m[Kâ€™
                 if [34m[K([m[KdelimEncodings[j].delim == argv[i] &&[01;31m[K [m[K[32m[Kif[m[K delimEncodings[j].encoding > 0) {
                    [34m[K~[m[K                                     [01;31m[K^[m[K[32m[K~~[m[K
                                                          [32m[K)[m[K
[01m[Kbalanced.cc:52:1:[m[K [01;35m[Kwarning: [m[Kcontrol reaches end of non-void function [[01;35m[K-Wreturn-type[m[K]
 [01;35m[K}[m[K
 [01;35m[K^[m[K
make: *** [Makefile:11: stack] Error 1
mmuffol1@remote02:~/i240a/submit/lab11$ makeclear
[H[2J[3Jmmuffol1@remote02:~/i240a/submit/lab11$ clear[1Pmake
g++ balanced.cc -o balanced
[01m[Kbalanced.cc:[m[K In function â€˜[01m[Kint balance(int, const char**)[m[Kâ€™:
[01m[Kbalanced.cc:39:34:[m[K [01;35m[Kwarning: [m[Kâ€˜[01m[Ksizeof[m[Kâ€™ on array function parameter â€˜[01m[Kargv[m[Kâ€™ will return size of â€˜[01m[Kconst char**[m[Kâ€™ [[01;35m[K-Wsizeof-array-argument[m[K]
     for (int i=0; i < sizeof(argv[01;35m[K)[m[K; i++) {
                                  [01;35m[K^[m[K
[01m[Kbalanced.cc:31:35:[m[K [01;36m[Knote: [m[Kdeclared here
 int balance(int argc, [01;36m[Kconst char* argv[][m[K) {
                       [01;36m[K~~~~~~~~~~~~^~~~~~[m[K
[01m[Kbalanced.cc:42:54:[m[K [01;31m[Kerror: [m[KISO C++ forbids comparison between pointer and integer [[01;31m[K-fpermissive[m[K]
                 if (delimEncodings[j].delim == argv[i[01;31m[K][m[K && delimEncodings[j].encoding > 0) {
                                                      [01;31m[K^[m[K
[01m[Kbalanced.cc:45:54:[m[K [01;31m[Kerror: [m[KISO C++ forbids comparison between pointer and integer [[01;31m[K-fpermissive[m[K]
                 if (delimEncodings[j].delim == argv[i[01;31m[K][m[K && if delimEncodings[j].encoding > 0) {
                                                      [01;31m[K^[m[K
[01m[Kbalanced.cc:45:59:[m[K [01;31m[Kerror: [m[Kexpected primary-expression before â€˜[01m[Kif[m[Kâ€™
                 if (delimEncodings[j].delim == argv[i] && [01;31m[Kif[m[K delimEncodings[j].encoding > 0) {
                                                           [01;31m[K^~[m[K
[01m[Kbalanced.cc:45:58:[m[K [01;31m[Kerror: [m[Kexpected â€˜[01m[K)[m[Kâ€™ before â€˜[01m[Kif[m[Kâ€™
                 if [34m[K([m[KdelimEncodings[j].delim == argv[i] &&[01;31m[K [m[K[32m[Kif[m[K delimEncodings[j].encoding > 0) {
                    [34m[K~[m[K                                     [01;31m[K^[m[K[32m[K~~[m[K
                                                          [32m[K)[m[K
[01m[Kbalanced.cc:52:1:[m[K [01;35m[Kwarning: [m[Kcontrol reaches end of non-void function [[01;35m[K-Wreturn-type[m[K]
 [01;35m[K}[m[K
 [01;35m[K^[m[K
make: *** [Makefile:11: stack] Error 1
mmuffol1@remote02:~/i240a/submit/lab11$ makeclear
[H[2J[3Jmmuffol1@remote02:~/i240a/submit/lab11$ clear[1Pmake
g++ balanced.cc -o balanced
[01m[Kbalanced.cc:[m[K In function â€˜[01m[Kint balance(int, const char**)[m[Kâ€™:
[01m[Kbalanced.cc:39:34:[m[K [01;35m[Kwarning: [m[Kâ€˜[01m[Ksizeof[m[Kâ€™ on array function parameter â€˜[01m[Kargv[m[Kâ€™ will return size of â€˜[01m[Kconst char**[m[Kâ€™ [[01;35m[K-Wsizeof-array-argument[m[K]
     for (int i=0; i < sizeof(argv[01;35m[K)[m[K; i++) {
                                  [01;35m[K^[m[K
[01m[Kbalanced.cc:31:35:[m[K [01;36m[Knote: [m[Kdeclared here
 int balance(int argc, [01;36m[Kconst char* argv[][m[K) {
                       [01;36m[K~~~~~~~~~~~~^~~~~~[m[K
[01m[Kbalanced.cc:42:54:[m[K [01;31m[Kerror: [m[KISO C++ forbids comparison between pointer and integer [[01;31m[K-fpermissive[m[K]
                 if (delimEncodings[j].delim == argv[i[01;31m[K][m[K && delimEncodings[j].encoding > 0) {
                                                      [01;31m[K^[m[K
[01m[Kbalanced.cc:45:54:[m[K [01;31m[Kerror: [m[KISO C++ forbids comparison between pointer and integer [[01;31m[K-fpermissive[m[K]
                 if (delimEncodings[j].delim == argv[i[01;31m[K][m[K &&  delimEncodings[j].encoding > 0) {
                                                      [01;31m[K^[m[K
[01m[Kbalanced.cc:52:1:[m[K [01;35m[Kwarning: [m[Kcontrol reaches end of non-void function [[01;35m[K-Wreturn-type[m[K]
 [01;35m[K}[m[K
 [01;35m[K^[m[K
make: *** [Makefile:11: stack] Error 1
mmuffol1@remote02:~/i240a/submit/lab11$ makeclear
[H[2J[3Jmmuffol1@remote02:~/i240a/submit/lab11$ clear[1Pmake
g++ balanced.cc -o balanced
[01m[Kbalanced.cc:[m[K In function â€˜[01m[Kint balance(int, const char**)[m[Kâ€™:
[01m[Kbalanced.cc:39:34:[m[K [01;35m[Kwarning: [m[Kâ€˜[01m[Ksizeof[m[Kâ€™ on array function parameter â€˜[01m[Kargv[m[Kâ€™ will return size of â€˜[01m[Kconst char**[m[Kâ€™ [[01;35m[K-Wsizeof-array-argument[m[K]
     for (int i=0; i < sizeof(argv[01;35m[K)[m[K; i++) {
                                  [01;35m[K^[m[K
[01m[Kbalanced.cc:31:35:[m[K [01;36m[Knote: [m[Kdeclared here
 int balance(int argc, [01;36m[Kconst char* argv[][m[K) {
                       [01;36m[K~~~~~~~~~~~~^~~~~~[m[K
[01m[Kbalanced.cc:52:1:[m[K [01;35m[Kwarning: [m[Kcontrol reaches end of non-void function [[01;35m[K-Wreturn-type[m[K]
 [01;35m[K}[m[K
 [01;35m[K^[m[K
cat </dev/null >.gitignore
for t in balanced stack; do echo $t >>.gitignore; done
mmuffol1@remote02:~/i240a/submit/lab11$ makeclear
[H[2J[3Jmmuffol1@remote02:~/i240a/submit/lab11$ clear[1Pmake
g++ balanced.cc -o balanced
[01m[Kbalanced.cc:[m[K In function â€˜[01m[Kint balance(int, const char**)[m[Kâ€™:
[01m[Kbalanced.cc:54:1:[m[K [01;35m[Kwarning: [m[Kcontrol reaches end of non-void function [[01;35m[K-Wreturn-type[m[K]
 [01;35m[K}[m[K
 [01;35m[K^[m[K
cat </dev/null >.gitignore
for t in balanced stack; do echo $t >>.gitignore; done
mmuffol1@remote02:~/i240a/submit/lab11$ ./balanced '(' '[' '[' ']' ']' ')'
unbalanced
mmuffol1@remote02:~/i240a/submit/lab11$ ./balanced '(' '[' '[' ']' ']' ']'
unbalanced
mmuffol1@remote02:~/i240a/submit/lab11$ ./balanced '(' '<' '[' '{' '}' ']' '>' ')'
unbalanced
mmuffol1@remote02:~/i240a/submit/lab11$ ./balanced '(' '@' ')'
unbalanced
mmuffol1@remote02:~/i240a/submit/lab11$ ./balanced '(' '@' ')'<' '[' '{' '}' ']' '>' ')'[A[C[C[C[C[C[C[C[C[C[C[C[C[C[C[C[C[C[C[C[C[C[C[C[C[C[C[C[C[C[C[C[C[C[C[C[C[C[C[C[C[C[C[C[C[C[C[C[C[C[1P[' '[' ']' ']' ']'
[K[A[C[C[C[C[C[C[C[C[C[C[C[C[C[C[C[C[C[C[C[C[C[C[C[C[C[C[C[C[C[C[C[C[C[C[C[C[C[C[C[C[C[C[C[C[C[C[C[C[C[C[C[C[C[C[C[C[C[C[C[C[C[C[C[C[C[C[C[C[C[C[C[C[C[C)'make[K./balanced '(' '[' '[' ']' ']' ')'make[K
g++ balanced.cc -o balanced
[01m[Kbalanced.cc:[m[K In function â€˜[01m[Kint balance(int, const char**)[m[Kâ€™:
[01m[Kbalanced.cc:59:1:[m[K [01;35m[Kwarning: [m[Kcontrol reaches end of non-void function [[01;35m[K-Wreturn-type[m[K]
 [01;35m[K}[m[K
 [01;35m[K^[m[K
cat </dev/null >.gitignore
for t in balanced stack; do echo $t >>.gitignore; done
mmuffol1@remote02:~/i240a/submit/lab11$ make./balanced '(' '@' ')'<' '[' '{' '}' ']' '>' ')'[A[C[C[C[C[C[C[C[C[C[C[C[C[C[C[C[C[C[C[C[C[C[C[C[C[C[C[C[C[C[C[C[C[C[C[C[C[C[C[C[C[C[C[C[C[C[C[C[C[C[1P[' '[' ']' ']' ']'
[K[A[C[C[C[C[C[C[C[C[C[C[C[C[C[C[C[C[C[C[C[C[C[C[C[C[C[C[C[C[C[C[C[C[C[C[C[C[C[C[C[C[C[C[C[C[C[C[C[C[C[C[C[C[C[C[C[C[C[C[C[C[C[C[C[C[C[C[C[C[C[C[C[C[C[C)'make[Kclear[1Pmake./balanced '(' '[' '[' ']' ']' ')'
1
unbalanced
mmuffol1@remote02:~/i240a/submit/lab11$ ./balanced '(' '[' '[' ']' ']' ')'make[K
g++ balanced.cc -o balanced
[01m[Kbalanced.cc:[m[K In function â€˜[01m[Kint balance(int, const char**)[m[Kâ€™:
[01m[Kbalanced.cc:59:1:[m[K [01;35m[Kwarning: [m[Kcontrol reaches end of non-void function [[01;35m[K-Wreturn-type[m[K]
 [01;35m[K}[m[K
 [01;35m[K^[m[K
cat </dev/null >.gitignore
for t in balanced stack; do echo $t >>.gitignore; done
mmuffol1@remote02:~/i240a/submit/lab11$ make./balanced '(' '[' '[' ']' ']' ')'
1.1
unbalanced
mmuffol1@remote02:~/i240a/submit/lab11$ exit

Script done on 2020-04-23 17:10:18-04:00 [COMMAND_EXIT_CODE="1"]
