Script started on 2020-03-12 12:05:56-04:00 [TERM="xterm-256color" TTY="/dev/pts/0" COLUMNS="94" LINES="24"]
bash: /home/umrigar/cs240/bin/student.rc: Permission denied
mmuffol1@g7-19:/import/linux/home1/mmuffol1/projects/i240a/submit/lab6$ cd[K[Kcp -r ~/cs240/labs/lab 6/exercises .
mmuffol1@g7-19:/import/linux/home1/mmuffol1/projects/i240a/submit/lab6$ ssh remote
Linux remote03 4.19.0-5-amd64 #1 SMP Debian 4.19.37-5 (2019-06-19) x86_64

The programs included with the Debian GNU/Linux system are free software;
the exact distribution terms for each program are described in the
individual files in /usr/share/doc/*/copyright.

Debian GNU/Linux comes with ABSOLUTELY NO WARRANTY, to the extent
permitted by applicable law.
-bash: /home/umrigar/cs240/bin/student.profile: Permission denied
mmuffol1@remote03:~$ logout
Connection to remote closed.
mmuffol1@g7-19:/import/linux/home1/mmuffol1/projects/i240a/submit/lab6$ mkdir dir 
mmuffol1@g7-19:/import/linux/home1/mmuffol1/projects/i240a/submit/lab6$ cd exercises
mmuffol1@g7-19:/import/linux/home1/mmuffol1/projects/i240a/submit/lab6/exercises$ touch tl.c T 1[K[A[C[C[C[C[C[C[C[C[C[C[C[C[C[C[C[C[C[C[C[C[C[C[C[C[C[C[C[C[C[C[C[C[C[C[C[C[C[C[C[C[C[C[C[C[C[C[C[C[C[C[C[C[C[C[C[C[C[C[C[C[C[C[C[C[C[C[C[C[C[C[C[C[C[C[C[C[C[C[C[C[C[C[C[C[C[C[C[C[C[C[C[C[C[K
[K[A[C[C[C[C[C[C[C[C[C[C[C[C[C[C[C[C[C[C[C[C[C[C[C[C[C[C[C[C[C[C[C[C[C[C[C[C[C[C[C[C[C[C[C[C[C[C[C[C[C[C[C[C[C[C[C[C[C[C[C[C[C[C[C[C[C[C[C[C[C[C[C[C[C[C[C[C[C[C[C[C[C[C[C[C[C[C[C[C[C[C[C[C[C[K[K[K[K[Kt1.c T 1.s v.c v1.s d.c dir/t2.c dir/T2.s1 dir/t3
mmuffol1@g7-19:/import/linux/home1/mmuffol1/projects/i240a/submit/lab6/exercises$ cd dir
mmuffol1@g7-19:/import/linux/home1/mmuffol1/projects/i240a/submit/lab6/exercises/dir$ ls
d.c  t1.c  T1.s  t2.c  T2.s1  t3  v1.s	v.c
mmuffol1@g7-19:/import/linux/home1/mmuffol1/projects/i240a/submit/lab6/exercises/dir$ ls-l
bash: ls-l: command not found
mmuffol1@g7-19:/import/linux/home1/mmuffol1/projects/i240a/submit/lab6/exercises/dir$ ls -s[Kl
total 0
-rw-r----- 1 mmuffol1 mmuffol1 0 Mar 12 14:08 d.c
-rw-r----- 1 mmuffol1 mmuffol1 0 Mar 12 14:08 t1.c
-rw-r----- 1 mmuffol1 mmuffol1 0 Mar 12 14:08 T1.s
-rw-r----- 1 mmuffol1 mmuffol1 0 Mar 12 14:08 t2.c
-rw-r----- 1 mmuffol1 mmuffol1 0 Mar 12 14:08 T2.s1
-rw-r----- 1 mmuffol1 mmuffol1 0 Mar 12 14:08 t3
-rw-r----- 1 mmuffol1 mmuffol1 0 Mar 12 14:08 v1.s
-rw-r----- 1 mmuffol1 mmuffol1 0 Mar 12 14:08 v.c
mmuffol1@g7-19:/import/linux/home1/mmuffol1/projects/i240a/submit/lab6/exercises/dir$ ls -tl
total 0
-rw-r----- 1 mmuffol1 mmuffol1 0 Mar 12 14:08 T2.s1
-rw-r----- 1 mmuffol1 mmuffol1 0 Mar 12 14:08 t3
-rw-r----- 1 mmuffol1 mmuffol1 0 Mar 12 14:08 d.c
-rw-r----- 1 mmuffol1 mmuffol1 0 Mar 12 14:08 t2.c
-rw-r----- 1 mmuffol1 mmuffol1 0 Mar 12 14:08 v1.s
-rw-r----- 1 mmuffol1 mmuffol1 0 Mar 12 14:08 v.c
-rw-r----- 1 mmuffol1 mmuffol1 0 Mar 12 14:08 t1.c
-rw-r----- 1 mmuffol1 mmuffol1 0 Mar 12 14:08 T1.s
mmuffol1@g7-19:/import/linux/home1/mmuffol1/projects/i240a/submit/lab6/exercises/dir$ ls
d.c  t1.c  T1.s  t2.c  T2.s1  t3  v1.s	v.c
mmuffol1@g7-19:/import/linux/home1/mmuffol1/projects/i240a/submit/lab6/exercises/dir$ ls -l
\total 0
-rw-r----- 1 mmuffol1 mmuffol1 0 Mar 12 14:08 d.c
-rw-r----- 1 mmuffol1 mmuffol1 0 Mar 12 14:08 t1.c
-rw-r----- 1 mmuffol1 mmuffol1 0 Mar 12 14:08 T1.s
-rw-r----- 1 mmuffol1 mmuffol1 0 Mar 12 14:08 t2.c
-rw-r----- 1 mmuffol1 mmuffol1 0 Mar 12 14:08 T2.s1
-rw-r----- 1 mmuffol1 mmuffol1 0 Mar 12 14:08 t3
-rw-r----- 1 mmuffol1 mmuffol1 0 Mar 12 14:08 v1.s
-rw-r----- 1 mmuffol1 mmuffol1 0 Mar 12 14:08 v.c
mmuffol1@g7-19:/import/linux/home1/mmuffol1/projects/i240a/submit/lab6/exercises/dir$ \ls -tl
total 0
-rw-r----- 1 mmuffol1 mmuffol1 0 Mar 12 14:08 T2.s1
-rw-r----- 1 mmuffol1 mmuffol1 0 Mar 12 14:08 t3
-rw-r----- 1 mmuffol1 mmuffol1 0 Mar 12 14:08 d.c
-rw-r----- 1 mmuffol1 mmuffol1 0 Mar 12 14:08 t2.c
-rw-r----- 1 mmuffol1 mmuffol1 0 Mar 12 14:08 v1.s
-rw-r----- 1 mmuffol1 mmuffol1 0 Mar 12 14:08 v.c
-rw-r----- 1 mmuffol1 mmuffol1 0 Mar 12 14:08 t1.c
-rw-r----- 1 mmuffol1 mmuffol1 0 Mar 12 14:08 T1.s
mmuffol1@g7-19:/import/linux/home1/mmuffol1/projects/i240a/submit/lab6/exercises/dir$ ls -t
T2.s1  t3  d.c	t2.c  v1.s  v.c  t1.c  T1.s
mmuffol1@g7-19:/import/linux/home1/mmuffol1/projects/i240a/submit/lab6/exercises/dir$ man touc h
[?1049h[22;0;0t[?1h=TOUCH(1)                               User Commands                               TOUCH(1)[m
[m
[1mNAME[0m[m
       touch - change file timestamps[m
[m
[1mSYNOPSIS[0m[m
       [1mtouch[0m [[4mOPTION[24m]... [4mFILE[24m...[m
[m
[1mDESCRIPTION[0m[m
       Update the access and modification times of each FILE to the current time.[m
[m
       A FILE argument that does not exist is created empty, unless [1m-c[0m or [1m-h[0m is supplied.[m
[m
       A  FILE  argument  string  of  - is handled specially and causes touch to change the[m
       times of the file associated with standard output.[m
[m
       Mandatory arguments to long options are mandatory for short options too.[m
[m
       [1m-a[0m     change only the access time[m
[m
       [1m-c[0m, [1m--no-create[0m[m
              do not create any files[m
[m
[7m Manual page touch(1) line 1 (press h for help or q to quit)[27m[K[K[?1l>[?1049l[23;0;0tmmuffol1@g7-19:/import/linux/home1/mmuffol1/projects/i240a/submit/lab6/exercises/dir$ man ls
[?1049h[22;0;0t[?1h=LS(1)                                  User Commands                                  LS(1)[m
[m
[1mNAME[0m[m
       ls - list directory contents[m
[m
[1mSYNOPSIS[0m[m
       [1mls[0m [[4mOPTION[24m]... [[4mFILE[24m]...[m
[m
[1mDESCRIPTION[0m[m
       List  information  about the FILEs (the current directory by default).  Sort entries[m
       alphabetically if none of [1m-cftuvSUX[0m nor [1m--sort[0m is specified.[m
[m
       Mandatory arguments to long options are mandatory for short options too.[m
[m
       [1m-a[0m, [1m--all[0m[m
              do not ignore entries starting with .[m
[m
       [1m-A[0m, [1m--almost-all[0m[m
              do not list implied . and ..[m
[m
       [1m--author[0m[m
              with [1m-l[0m, print the author of each file[m
[m
[7m Manual page ls(1) line 1 (press h for help or q to quit)[27m[K[K[?1l>[?1049l[23;0;0tmmuffol1@g7-19:/import/linux/home1/mmuffol1/projects/i240a/submit/lab6/exercises/dir$ ls T*
T1.s  T2.s1
mmuffol1@g7-19:/import/linux/home1/mmuffol1/projects/i240a/submit/lab6/exercises/dir$ ls dir/* .?
ls: cannot access 'dir/*.?': No such file or directory
mmuffol1@g7-19:/import/linux/home1/mmuffol1/projects/i240a/submit/lab6/exercises/dir$ ls [t-v] *.c
t1.c  t2.c  v.c
mmuffol1@g7-19:/import/linux/home1/mmuffol1/projects/i240a/submit/lab6/exercises/dir$ ls -[K/bin/ ?[p-s]*
/bin/cp    /bin/grep  /bin/lsblk   /bin/ps    /bin/ypdomainname
/bin/cpio  /bin/ip    /bin/lsmod   /bin/ss    /bin/zsh
/bin/csh   /bin/ls    /bin/openvt  /bin/true  /bin/zsh5
mmuffol1@g7-19:/import/linux/home1/mmuffol1/projects/i240a/submit/lab6/exercises/dir$ ls /etc  [A[C[C[C[C[C[C[C[C[C[C[C[C[C[C[C[C[C[C[C[C[C[C[C[C[C[C[C[C[C[C[C[C[C[C[C[C[C[C[C[C[C[C[C[C[C[C[C[C[C[C[C[C[C[C[C[C[C[C[C[C[C[C[C[C[C[C[C[C[C[C[C[C[C[C[C[C[C[C[C[C[C[C[C[C[C[C[C[C[C[C[C[C[C[K
[K[A[C[C[C[C[C[C[C[C[C[C[C[C[C[C[C[C[C[C[C[C[C[C[C[C[C[C[C[C[C[C[C[C[C[C[C[C[C[C[C[C[C[C[C[C[C[C[C[C[C[C[C[C[C[C[C[C[C[C[C[C[C[C[C[C[C[C[C[C[C[C[C[C[C[C[C[C[C[C[C[C[C[C[C[C[C[C[C[C[C[C[C[C[C/  [K*rc
/etc/bash.bashrc    /etc/gnashthumbnailrc  /etc/Muttrc	       /etc/screenrc
/etc/chktexrc	    /etc/inputrc	   /etc/nanorc	       /etc/slsh.rc
/etc/csh.cshrc	    /etc/lintianrc	   /etc/pbuilderrc  Script started on 2020-03-12 16:48:11-04:00 [TERM="xterm-256color" TTY="/dev/pts/0" COLUMNS="94" LINES="24"]
mmuffol1@g7-06:/import/linux/home1/mmuffol1/i240a/submit/lab6$ cd exercises
mmuffol1@g7-06:/import/linux/home1/mmuffol1/i240a/submit/lab6/exercises$ cd l[Kdir
mmuffol1@g7-06:/import/linux/home1/mmuffol1/i240a/submit/lab6/exercises/dir$ ls > ls.log
\mmuffol1@g7-06:/import/linux/home1/mmuffol1/i240a/submit/lab6/exercises/dir$ \[Kcast[K[Kt ls.log
d.c
ls.log
t1.c
T1.s
t2.c
T2.s1
t3
v1.s
v.c
mmuffol1@g7-06:/import/linux/home1/mmuffol1/i240a/submit/lab6/exercises/dir$ cas[Kt > cast[K[Kt.log
fdjkd     hello
m bob
my  
name
is  
joe

mmuffol1@g7-06:/import/linux/home1/mmuffol1/i240a/submit/lab6/exercises/dir$ cat cat.log
hello
bob
my
name
is
joe

mmuffol1@g7-06:/import/linux/home1/mmuffol1/i240a/submit/lab6/exercises/dir$ cat cat[K[K[K[K[K[K[Kli[Ks dir >>>[Kls.log
ls: cannot access 'dir': No such file or directory
mmuffol1@g7-06:/import/linux/home1/mmuffol1/i240a/submit/lab6/exercises/dir$ ls dir >>ls.log[1P>>ls.log[1P>>ls.log[1P>>ls.log[1P>>ls.log
mmuffol1@g7-06:/import/linux/home1/mmuffol1/i240a/submit/lab6/exercises/dir$ cas[Kt ls.log
d.c
ls.log
t1.c
T1.s
t2.c
T2.s1
t3
v1.s
v.c
cat.log
d.c
ls.log
t1.c
T1.s
t2.c
T2.s1
t3
v1.s
v.c
mmuffol1@g7-06:/import/linux/home1/mmuffol1/i240a/submit/lab6/exercises/dir$ 0[Kcat <ls.log
d.c
ls.log
t1.c
T1.s
t2.c
T2.s1
t3
v1.s
v.c
cat.log
d.c
ls.log
t1.c
T1.s
t2.c
T2.s1
t3
v1.s
v.c
mmuffol1@g7-06:/import/linux/home1/mmuffol1/i240a/submit/lab6/exercises/dir$ wc -l[K[K[K[K[Kls | wc -l
10
mmuffol1@g7-06:/import/linux/home1/mmuffol1/i240a/submit/lab6/exercises/dir$ ls ????
t1.c  T1.s  t2.c  v1.s
mmuffol1@g7-06:/import/linux/home1/mmuffol1/i240a/submit/lab6/exercises/dir$ ls /bib[Kn'[K/ [K[K[K[K[K[K[K[K[Kcd ..
mmuffol1@g7-06:/import/linux/home1/mmuffol1/i240a/submit/lab6/exercises$ cd ..
mmuffol1@g7-06:/import/linux/home1/mmuffol1/i240a/submit/lab6$ ls /n[Kbin [K/ ????
ls: cannot access '????': No such file or directory
/bin/:
bash	       fusermount      ntfscat	      systemd
bunzip2        getfacl	       ntfscluster    systemd-ask-password
busybox        grep	       ntfscmp	      systemd-escape
bzcat	       gunzip	       ntfsfallocate  systemd-hwdb
bzcmp	       gzexe	       ntfsfix	      systemd-inhibit
bzdiff	       gzip	       ntfsinfo       systemd-machine-id-setup
bzegrep        hciconfig       ntfsls	      systemd-notify
bzexe	       hostname        ntfsmove       systemd-sysusers
bzfgrep        ip	       ntfsrecover    systemd-tmpfiles
bzgrep	       journalctl      ntfssecaudit   systemd-tty-ask-password-agent
bzip2	       kbd_mode        ntfstruncate   tar
bzip2recover   keyctl	       ntfsusermap    tcsh
bzless	       kill	       ntfswipe       tempfile
bzmore	       kmod	       openvt	      touch
cat	       ln	       pidof	      true
chacl	       loadkeys        ping	      udevadm
chgrp	       login	       ping4	      ulockmgr_server
chmod	       loginctl        ping6	      umount
chown	       lowntfs-3g      ps	      uname
chvt	       ls	       pwd	      uncompress
cp	       lsblk	       rbash	      unicode_start
cpio	       lsmod	       readlink       vdir
csh	       mkdir	       red	      wdctl
dash	       mknod	       rm	      which
date	       mktemp	       rmdir	      ypdomainname
dd	       more	       rnano	      zcat
df	       mount	       run-parts      zcmp
dir	       mountpoint      rzsh	      zdiff
dmesg	       mt	       sed	      zegrep
dnsdomainname  mt-gnu	       setfacl	      zfgrep
domainname     mv	       setfont	      zforce
dumpkeys       nano	       setupcon       zgrep
echo	       nc	       sh	      zless
ed	       nc.traditional  sh.distrib     zmore
egrep	       netcat	       sleep	      znew
false	       netstat	       ss	      zsh
fgconsole      networkctl      stty	      zsh5
fgrep	       nisdomainname   su
findmnt        ntfs-3g	       sync
fuser	       ntfs-3g.probe   systemctl
mmuffol1@g7-06:/import/linux/home1/mmuffol1/i240a/submit/lab6$ ls /bin/ ????[C[C ????> ????
mmuffol1@g7-06:/import/linux/home1/mmuffol1/i240a/submit/lab6$ ls /bib[Kn/ > [K[K[K[K[C[C</bin /bin
'????'	 exercises   lab6.LOG
mmuffol1@g7-06:/import/linux/home1/mmuffol1/i240a/submit/lab6$ ls < /bin ????
'????'
mmuffol1@g7-06:/import/linux/home1/mmuffol1/i240a/submit/lab6$ cd exercises/dir
mmuffol1@g7-06:/import/linux/home1/mmuffol1/i240a/submit/lab6/exercises/dir$ cd exercises/dir[2Pls < /bin ????
t1.c  T1.s  t2.c  v1.s
mmuffol1@g7-06:/import/linux/home1/mmuffol1/i240a/submit/lab6/exercises/dir$ ls > [K[K/bib/[K[Kn/ > c[Kbib[Kn.[K-c. log [c]
ls: cannot access '[c]': No such file or directory
mmuffol1@g7-06:/import/linux/home1/mmuffol1/i240a/submit/lab6/exercises/dir$ ls /bin/ > bin-c.log [c][A[C[C[C[C[C[C[C[C[C[C[C[C[C[C[C[C[C[C[C[C[C[C[C[C[C[C[C[C[C[C[C[C[C[C[C[C[C[C[C[C[C[C[C[C[C[C[C[C[C[C[C[C[C[C[C[C[C[C[C[C[C[C[C[C[C[C[C[C[C[C[C[C[C[3P< /bin ????
[K[A[C[C[C[C[C[C[C[C[C[C[C[C[C[C[C[C[C[C[C[C[C[C[C[C[C[C[C[C[C[C[C[C[C[C[C[C[C[C[C[C[C[C[C[C[C[C[C[C[C[C[C[C[C[C[C[C[C[C[C[C[C[C[C[C[C[C[C[C[C[C[C[C[C[C[C[C[C[C[C[C[C[C[C[C[C[C[C[C[C[C[C/bin/ > bin-c.log [c][K[K[K[K[K[Cg[A[C[C[C[C[C[C[C[C[C[C[C[C[C[C[C[C[C[C[C[C[C[C[C[C[C[C[C[C[C[C[C[C[C[C[C[C[C[C[C[C[C[C[C[C[C[C[C[C[C[C[C[C[C[C[C[C[C[C[C[C[C[C[C[C[C[C[C[C[C[C[C[C[C[C[C[C[C[C[C[C[C[C[C[C[C[C[C[C[C[C[C[C[C[C[C /bin/ > bin-c.log[A[C[C[C[C[C[C[C[C[C[C[C[C[C[C[C[C[C[C[C[C[C[C[C[C[C[C[C[C[C[C[C[C[C[C[C[C[C[C[C[C[C[C[C[C[C[C[C[C[C[C[C[C[C[C[C[C[C[C[C[C[C[C[C[C[C[C[C[C[C[C[C[C[C[C[C[C[ /bin/ > bin-c.log[A[C[C[C[C[C[C[C[C[C[C[C[C[C[C[C[C[C[C[C[C[C[C[C[C[C[C[C[C[C[C[C[C[C[C[C[C[C[C[C[C[C[C[C[C[C[C[C[C[C[C[C[C[C[C[C[C[C[C[C[C[C[C[C[C[C[C[C[C[C[C[C[C[C[C[C[Cc /bin/ > bin-c.log[A[C[C[C[C[C[C[C[C[C[C[C[C[C[C[C[C[C[C[C[C[C[C[C[C[C[C[C[C[C[C[C[C[C[C[C[C[C[C[C[C[C[C[C[C[C[C[C[C[C[C[C[C[C[C[C[C[C[C[C[C[C[C[C[C[C[C[C[C[C[C[C[C[C[C[C[C] /bin/ > bin-c.log[A[C[C[C[C[C[C[C[C[C[C[C[C[C[C[C[C[C[C[C[C[C[C[C[C[C[C[C[C[C[C[C[C[C[C[C[C[C[C[C[C[C[C[C[C[C[C[C[C[C[C[C[C[C[C[C[C[C[C[C[C[C[C[C[C[C[C[C[C[C[C[C[C[C[C[C[C

ls: cannot access '[c]': No such file or directory
mmuffol1@g7-06:/import/linux/home1/mmuffol1/i240a/submit/lab6/exercises/dir$ ls [c] /bin/ > bin-c.log[A[C[C[C[C[C[C[C[C[C[C[C[C[C[C[C[C[C[C[C[C[C[C[C[C[C[C[C[C[C[C[C[C[C[C[C[C[C[C[C[C[C[C[C[C[C[C[C[C[C[C[C[C[C[C[C[C[C[C[C[C[C[C[C[C[C[C[C[C[C[C[C[C[C[C[C[C[C[C[C[C[C[C[C[C[C[C[C[C[C[C[C[C[C[C /bin/ > bin-[1Pc.log[A[C[C[C[C[C[C[C[C[C[C[C[C[C[C[C[C[C[C[C[C[C[C[C[C[C[C[C[C[C[C[C[C[C[C[C[C[C[C[C[C[C[C[C[C[C[C[C[C[C[C[C[C[C[C[C[C[C[C[C[C[C[C[C[C[C[C[C[C[C[C[C[C[C[C[C[C /bin/ > bin-c[1P.log[A[C[C[C[C[C[C[C[C[C[C[C[C[C[C[C[C[C[C[C[C[C[C[C[C[C[C[C[C[C[C[C[C[C[C[C[C[C[C[C[C[C[C[C[C[C[C[C[C[C[C[C[C[C[C[C[C[C[C[C[C[C[C[C[C[C[C[C[C[C[C[C[C[C[C[C[C /bin/ > bin-c.[1Plog[A[C[C[C[C[C[C[C[C[C[C[C[C[C[C[C[C[C[C[C[C[C[C[C[C[C[C[C[C[C[C[C[C[C[C[C[C[C[C[C[C[C[C[C[C[C[C[C[C[C[C[C[C[C[C[C[C[C[C[C[C[C[C[C[C[C[C[C[C[C[C[C[C[C[C[C[C/bin/ > bin-c.l[1Pog[A[C[C[C[C[C[C[C[C[C[C[C[C[C[C[C[C[C[C[C[C[C[C[C[C[C[C[C[C[C[C[C[C[C[C[C[C[C[C[C[C[C[C[C[C[C[C[C[C[C[C[C[C[C[C[C[C[C[C[C[C[C[C[C[C[C[C[C[C[C[C[C[C[C[C[C[C[C[C[C[C[C[C* > bin-c.log[A[C[C[C[C[C[C[C[C[C[C[C[C[C[C[C[C[C[C[C[C[C[C[C[C[C[C[C[C[C[C[C[C[C[C[C[C[C[C[C[C[C[C[C[C[C[C[C[C[C[C[C[C[C[C[C[C[C[C[C[C[C[C[C[C[C[C[C[C[C[C[C[C[C[C[C[C[C[C[C[C[C[Cc > bin-c.log[A[C[C[C[C[C[C[C[C[C[C[C[C[C[C[C[C[C[C[C[C[C[C[C[C[C[C[C[C[C[C[C[C[C[C[C[C[C[C[C[C[C[C[C[C[C[C[C[C[C[C[C[C[C[C[C[C[C[C[C[C[C[C[C[C[C[C[C[C[C[C[C[C[C[C[C[C[C[C[C[C[C[C

mmuffol1@g7-06:/import/linux/home1/mmuffol1/i240a/submit/lab6/exercises/dir$ ls | wc [K[K[K[K[K[K[K[Kwc -l bin-c.log
2 bin-c.log
mmuffol1@g7-06:/import/linux/home1/mmuffol1/i240a/submit/lab6/exercises/dir$ man tr
[?1049h[22;0;0t[?1h=TR(1)                                  User Commands                                  TR(1)[m
[m
[1mNAME[0m[m
       tr - translate or delete characters[m
[m
[1mSYNOPSIS[0m[m
       [1mtr[0m [[4mOPTION[24m]... [4mSET1[24m [[4mSET2[24m][m
[m
[1mDESCRIPTION[0m[m
       Translate,  squeeze,  and/or delete characters from standard input, writing to stan‐[m
       dard output.[m
[m
       [1m-c[0m, [1m-C[0m, [1m--complement[0m[m
              use the complement of SET1[m
[m
       [1m-d[0m, [1m--delete[0m[m
              delete characters in SET1, do not translate[m
[m
       [1m-s[0m, [1m--squeeze-repeats[0m[m
              replace each sequence of a repeated character that  is  listed  in  the  last[m
              specified SET, with a single occurrence of that character[m
[m
       [1m-t[0m, [1m--truncate-set1[0m[m
[7m Manual page tr(1) line 1 (press h for help or q to quit)[27m[K[K [KESCESC[KOO[KBB[K              first truncate SET1 to length of SET2[m
[7m Manual page tr(1) line 2 (press h for help or q to quit)[27m[K[K [KESCESC[KOO[KBB[K[m
[7m Manual page tr(1) line 3 (press h for help or q to quit)[27m[K[K [KESCESC[KOO[KBB[K       [1m--help[0m display this help and exit[m
[7m Manual page tr(1) line 4 (press h for help or q to quit)[27m[K[K [KESCESC[KOO[KBB[K[m
[7m Manual page tr(1) line 5 (press h for help or q to quit)[27m[K[K [KESCESC[KOO[KBB[K       [1m--version[0m[m
[7m Manual page tr(1) line 6 (press h for help or q to quit)[27m[K[K [KESCESC[KOO[KBB[K              output version information and exit[m
[7m Manual page tr(1) line 7 (press h for help or q to quit)[27m[K[K [KESCESC[KOO[KBB[K[m
[7m Manual page tr(1) line 8 (press h for help or q to quit)[27m[K[K [KESCESC[KOO[KBB[K       SETs  are  specified  as  strings of characters.  Most represent themselves.  Inter‐[m
[7m Manual page tr(1) line 9 (press h for help or q to quit)[27m[K[K [KESCESC[KOO[KBB[K       preted sequences are:[m
[7m Manual page tr(1) line 10 (press h for help or q to quit)[27m[K[K [KESCESC[KOO[KBB[K[m
[7m Manual page tr(1) line 11 (press h for help or q to quit)[27m[K[K [KESCESC[KOO[KBB[K       \NNN   character with octal value NNN (1 to 3 octal digits)[m
[7m Manual page tr(1) line 12 (press h for help or q to quit)[27m[K[K [KESCESC[KOO[KBB[K[m
[7m Manual page tr(1) line 13 (press h for help or q to quit)[27m[K[K [KESCESC[KOO[KBB[K       \\     backslash[m
[7m Manual page tr(1) line 14 (press h for help or q to quit)[27m[K[K [KESCESC[KOO[KBB[K[m
[7m Manual page tr(1) line 15 (press h for help or q to quit)[27m[K[K [KESCESC[KOO[KBB[K       \a     audible BEL[m
[7m Manual page tr(1) line 16 (press h for help or q to quit)[27m[K[K [KESCESC[KOO[KBB[K[m
[7m Manual page tr(1) line 17 (press h for help or q to quit)[27m[K[K [KESCESC[KOO[KBB[K       \b     backspace[m
[7m Manual page tr(1) line 18 (press h for help or q to quit)[27m[K[K [KESCESC[KOO[KBB[K[m
[7m Manual page tr(1) line 19 (press h for help or q to quit)[27m[K[K [KESCESC[KOO[KBB[K       \f     form feed[m
[7m Manual page tr(1) line 20 (press h for help or q to quit)[27m[K[K [KESCESC[KOO[KBB[K[m
[7m Manual page tr(1) line 21 (press h for help or q to quit)[27m[K[K [KESCESC[KOO[KBB[K       \n     new line[m
[7m Manual page tr(1) line 22 (press h for help or q to quit)[27m[K[K [KESCESC[KOO[KBB[K[m
[7m Manual page tr(1) line 23 (press h for help or q to quit)[27m[K[K [KESCESC[KOO[KBB[K       \r     return[m
[7m Manual page tr(1) line 24 (press h for help or q to quit)[27m[K[K [KESCESC[KOO[KBB[K[m
[7m Manual page tr(1) line 25 (press h for help or q to quit)[27m[K[K [KESCESC[KOO[KBB[K       \t     horizontal tab[m
[7m Manual page tr(1) line 26 (press h for help or q to quit)[27m[K[K [KESCESC[KOO[KBB[K[m
[7m Manual page tr(1) line 27 (press h for help or q to quit)[27m[K[K [KESCESC[KOO[KBB[K       \v     vertical tab[m
[7m Manual page tr(1) line 28 (press h for help or q to quit)[27m[K[K [KESCESC[KOO[KBB[K[m
[7m Manual page tr(1) line 29 (press h for help or q to quit)[27m[K[K [KESCESC[KOO[KBB[K       CHAR1-CHAR2[m
[7m Manual page tr(1) line 30 (press h for help or q to quit)[27m[K[K [KESCESC[KOO[KBB[K              all characters from CHAR1 to CHAR2 in ascending order[m
[7m Manual page tr(1) line 31 (press h for help or q to quit)[27m[K[K [KESCESC[KOO[KBB[K[m
[7m Manual page tr(1) line 32 (press h for help or q to quit)[27m[K[K [KESCESC[KOO[KBB[K       [CHAR*][m
[7m Manual page tr(1) line 33 (press h for help or q to quit)[27m[K[K [KESCESC[KOO[KBB[K              in SET2, copies of CHAR until length of SET1[m
[7m Manual page tr(1) line 34 (press h for help or q to quit)[27m[K[K [KESCESC[KOO[KBB[K[m
[7m Manual page tr(1) line 35 (press h for help or q to quit)[27m[K[K [KESCESC[KOO[KBB[K       [CHAR*REPEAT][m
[7m Manual page tr(1) line 36 (press h for help or q to quit)[27m[K[K [KESCESC[KOO[KBB[K              REPEAT copies of CHAR, REPEAT octal if starting with 0[m
[7m Manual page tr(1) line 37 (press h for help or q to quit)[27m[K[K [KESCESC[KOO[KBB[K[m
[7m Manual page tr(1) line 38 (press h for help or q to quit)[27m[K[K [KESCESC[KOO[KBB[K       [:alnum:][m
[7m Manual page tr(1) line 39 (press h for help or q to quit)[27m[K[K [KESCESC[KOO[KBB[K              all letters and digits[m
[7m Manual page tr(1) line 40 (press h for help or q to quit)[27m[K[K [KESCESC[KOO[KBB[K[m
[7m Manual page tr(1) line 41 (press h for help or q to quit)[27m[K[K [KESCESC[KOO[KBB[K       [:alpha:][m
[7m Manual page tr(1) line 42 (press h for help or q to quit)[27m[K[K [KESCESC[KOO[KBB[K              all letters[m
[7m Manual page tr(1) line 43 (press h for help or q to quit)[27m[K[K [KESCESC[KOO[KBB[K[m
[7m Manual page tr(1) line 44 (press h for help or q to quit)[27m[K[K [KESCESC[KOO[KBB[K       [:blank:][m
[7m Manual page tr(1) line 45 (press h for help or q to quit)[27m[K[K [KESCESC[KOO[KBB[K              all horizontal whitespace[m
[7m Manual page tr(1) line 46 (press h for help or q to quit)[27m[K[K [KESCESC[KOO[KBB[K[m
[7m Manual page tr(1) line 47 (press h for help or q to quit)[27m[K[K [KESCESC[KOO[KBB[K       [:cntrl:][m
[7m Manual page tr(1) line 48 (press h for help or q to quit)[27m[K[K [KESCESC[KOO[KBB[K              all control characters[m
[7m Manual page tr(1) line 49 (press h for help or q to quit)[27m[K[K [KESCESC[KOO[KBB[K[m
[7m Manual page tr(1) line 50 (press h for help or q to quit)[27m[K[K [KESCESC[KOO[KBB[K       [:digit:][m
[7m Manual page tr(1) line 51 (press h for help or q to quit)[27m[K[K [KESCESC[KOO[KBB[K              all digits[m
[7m Manual page tr(1) line 52 (press h for help or q to quit)[27m[K[K [KESCESC[KOO[KBB[K[m
[7m Manual page tr(1) line 53 (press h for help or q to quit)[27m[K[K [KESCESC[KOO[KBB[K       [:graph:][m
[7m Manual page tr(1) line 54 (press h for help or q to quit)[27m[K[K [KESCESC[KOO[KBB[K              all printable characters, not including space[m
[7m Manual page tr(1) line 55 (press h for help or q to quit)[27m[K[K [KESCESC[KOO[KBB[K[m
[7m Manual page tr(1) line 56 (press h for help or q to quit)[27m[K[K [KESCESC[KOO[KBB[K       [:lower:][m
[7m Manual page tr(1) line 57 (press h for help or q to quit)[27m[K[K [KESCESC[KOO[KBB[K              all lower case letters[m
[7m Manual page tr(1) line 58 (press h for help or q to quit)[27m[K[K [KESCESC[KOO[KBB[K[m
[7m Manual page tr(1) line 59 (press h for help or q to quit)[27m[K[K [KESCESC[KOO[KBB[K       [:print:][m
[7m Manual page tr(1) line 60 (press h for help or q to quit)[27m[K[K [KESCESC[KOO[KBB[K              all printable characters, including space[m
[7m Manual page tr(1) line 61 (press h for help or q to quit)[27m[K[K [KESCESC[KOO[KBB[K[m
[7m Manual page tr(1) line 62 (press h for help or q to quit)[27m[K[K [KESCESC[KOO[KBB[K       [:punct:][m
[7m Manual page tr(1) line 63 (press h for help or q to quit)[27m[K[K [KESCESC[KOO[KBB[K              all punctuation characters[m
[7m Manual page tr(1) line 64 (press h for help or q to quit)[27m[K[K [KESCESC[KOO[KBB[K[m
[7m Manual page tr(1) line 65 (press h for help or q to quit)[27m[K[K [KESCESC[KOO[KBB[K       [:space:][m
[7m Manual page tr(1) line 66 (press h for help or q to quit)[27m[K[K [KESCESC[KOO[KBB[K              all horizontal or vertical whitespace[m
[7m Manual page tr(1) line 67 (press h for help or q to quit)[27m[K[K [KESCESC[KOO[KBB[K[m
[7m Manual page tr(1) line 68 (press h for help or q to quit)[27m[K[K [KESCESC[KOO[KBB[K       [:upper:][m
[7m Manual page tr(1) line 69 (press h for help or q to quit)[27m[K[K [KESCESC[KOO[KBB[K              all upper case letters[m
[7m Manual page tr(1) line 70 (press h for help or q to quit)[27m[K[K [KESCESC[KOO[KBB[K[m
[7m Manual page tr(1) line 71 (press h for help or q to quit)[27m[K[K [KESCESC[KOO[KBB[K       [:xdigit:][m
[7m Manual page tr(1) line 72 (press h for help or q to quit)[27m[K[K [KESCESC[KOO[KBB[K              all hexadecimal digits[m
[7m Manual page tr(1) line 73 (press h for help or q to quit)[27m[K[K [KESCESC[KOO[KBB[K[m
[7m Manual page tr(1) line 74 (press h for help or q to quit)[27m[K[K [KESCESC[KOO[KBB[K       [=CHAR=][m
[7m Manual page tr(1) line 75 (press h for help or q to quit)[27m[K[K [KESCESC[KOO[KBB[K              all characters which are equivalent to CHAR[m
[7m Manual page tr(1) line 76 (press h for help or q to quit)[27m[K[K [KESCESC[KOO[KBB[K[m
[7m Manual page tr(1) line 77 (press h for help or q to quit)[27m[K[K [KESCESC[KOO[KBB[K       Translation occurs if [1m-d[0m is not given and both SET1 and SET2 appear.  [1m-t[0m may be used[m
[7m Manual page tr(1) line 78 (press h for help or q to quit)[27m[K[K [KESCESC[KOO[KBB[K       only  when  translating.   SET2  is extended to length of SET1 by repeating its last[m
[7m Manual page tr(1) line 79 (press h for help or q to quit)[27m[K[K [KESCESC[KOO[KBB[K       character as necessary.  Excess characters of SET2 are ignored.  Only [:lower:]  and[m
[7m Manual page tr(1) line 80 (press h for help or q to quit)[27m[K[K [KESCESC[KOO[KBB[K       [:upper:]  are guaranteed to expand in ascending order; used in SET2 while translat‐[m
[7m Manual page tr(1) line 81 (press h for help or q to quit)[27m[K[K [KESCESC[KOO[KBB[K       ing, they may only be used in pairs to specify case conversion.  [1m-s[0m  uses  the  last[m
[7m Manual page tr(1) line 82 (press h for help or q to quit)[27m[K[K [KESCESC[KOO[KBB[K       specified SET, and occurs after translation or deletion.[m
[7m Manual page tr(1) line 83 (press h for help or q to quit)[27m[K[K [KESCESC[KOO[KBB[K[m
[7m Manual page tr(1) line 84 (press h for help or q to quit)[27m[K[K [KESCESC[KOO[KBB[K[1mAUTHOR[0m[m
[7m Manual page tr(1) line 85 (press h for help or q to quit)[27m[K[K [KESCESC[KOO[KBB[K       Written by Jim Meyering.[m
[7m Manual page tr(1) line 86 (press h for help or q to quit)[27m[K[K [KESCESC[KOO[KBB[K[m
[7m Manual page tr(1) line 87 (press h for help or q to quit)[27m[K[K [KESCESC[KOO[KBB[K[1mREPORTING[0m [1mBUGS[0m[m
[7m Manual page tr(1) line 88 (press h for help or q to quit)[27m[K[K [KESCESC[KOO[KBB[K       GNU coreutils online help: <https://www.gnu.org/software/coreutils/>[m
[7m Manual page tr(1) line 89 (press h for help or q to quit)[27m[K[K [KESCESC[KOO[KBB[K       Report tr translation bugs to <https://translationproject.org/team/>[m
[7m Manual page tr(1) line 90 (press h for help or q to quit)[27m[K[K [KESCESC[KOO[KBB[K[m
[7m Manual page tr(1) line 91 (press h for help or q to quit)[27m[K[K [KESCESC[KOO[KBB[K[1mCOPYRIGHT[0m[m
[7m Manual page tr(1) line 92 (press h for help or q to quit)[27m[K[K [KESCESC[KOO[KBB[K       Copyright  ©  2018 Free Software Foundation, Inc.  License GPLv3+: GNU GPL version 3[m
[7m Manual page tr(1) line 93 (press h for help or q to quit)[27m[K[K [KESCESC[KOO[KBB[K       or later <https://gnu.org/licenses/gpl.html>.[m
[7m Manual page tr(1) line 94 (press h for help or q to quit)[27m[K[K [KESCESC[KOO[KBB[K       This is free software: you are free to change and redistribute it.  There is NO WAR‐[m
[7m Manual page tr(1) line 95 (press h for help or q to quit)[27m[K[K [KESCESC[KOO[KBB[K       RANTY, to the extent permitted by law.[m
[7m Manual page tr(1) line 96 (press h for help or q to quit)[27m[K[K [KESCESC[KOO[KBB[K[m
[7m Manual page tr(1) line 97 (press h for help or q to quit)[27m[K[K [KESCESC[KOO[KBB[K[1mSEE[0m [1mALSO[0m[m
[7m Manual page tr(1) line 98 (press h for help or q to quit)[27m[K[K [KESCESC[KOO[KBB[K       Full documentation at: <https://www.gnu.org/software/coreutils/tr>[m
[7m Manual page tr(1) line 99 (press h for help or q to quit)[27m[K[K [KESCESC[KOO[KBB[K       or available locally via: info '(coreutils) tr invocation'[m
[7m Manual page tr(1) line 100 (press h for help or q to quit)[27m[K[K [KESCESC[KOO[KBB[K[m
[7m Manual page tr(1) line 101 (press h for help or q to quit)[27m[K[K [KESCESC[KOO[KBB[KGNU coreutils 8.30                     February 2019                                  TR(1)[m
[7m Manual page tr(1) line 102 (press h for help or q to quit)[27m[K[K [KESCESC[KOO[KBB[K[K[7m Manual page tr(1) line 102/124 (END) (press h for help or q to quit)[27m[K[K [KESCESC[KOO[KBB[K[K[7m Manual page tr(1) line 102/124 (END) (press h for help or q to quit)[27m[K[K [KESCESC[KOO[KBB[K[K[7m Manual page tr(1) line 102/124 (END) (press h for help or q to quit)[27m[K[K [KESCESC[KOO[KBB[K[K[7m Manual page tr(1) line 102/124 (END) (press h for help or q to quit)[27m[K[K [KESCESC[KOO[KBB[K[K[7m Manual page tr(1) line 102/124 (END) (press h for help or q to quit)[27m[K[K [KESCESC[KOO[KBB[K[K[7m Manual page tr(1) line 102/124 (END) (press h for help or q to quit)[27m[K[K [KESCESC[KOO[KBB[K[K[7m Manual page tr(1) line 102/124 (END) (press h for help or q to quit)[27m[K[K [KESCESC[KOO[KBB[K[K[7m Manual page tr(1) line 102/124 (END) (press h for help or q to quit)[27m[K[K [KESCESC[KOO[KBB[K[K[7m Manual page tr(1) line 102/124 (END) (press h for help or q to quit)[27m[K[K [KESCESC[KOO[KAA[K[HM       only  when  translating.   SET2  is extended to length of SET1 by repeating its last[m
[24;1H[K[7m Manual page tr(1) line 101/124 98% (press h for help or q to quit)[27m[K[K [KESCESC[KOO[KAA[K[HM       Translation occurs if [1m-d[0m is not given and both SET1 and SET2 appear.  [1m-t[0m may be used[m
[24;1H[K[7m Manual page tr(1) line 100/124 98% (press h for help or q to quit)[27m[K[K [KESCESC[KOO[KAA[K[HM[m
[24;1H[K[7m Manual page tr(1) line 99/124 96% (press h for help or q to quit)[27m[K[K [KESCESC[KOO[KAA[K[HM              all characters which are equivalent to CHAR[m
[24;1H[K[7m Manual page tr(1) line 98/124 94% (press h for help or q to quit)[27m[K[K [KESCESC[KOO[KAA[K[HM       [=CHAR=][m
[24;1H[K[7m Manual page tr(1) line 97/124 93% (press h for help or q to quit)[27m[K[K [KESCESC[KOO[KAA[K[HM[m
[24;1H[K[7m Manual page tr(1) line 96/124 93% (press h for help or q to quit)[27m[K[K [KESCESC[KOO[KAA[K[HM              all hexadecimal digits[m
[24;1H[K[7m Manual page tr(1) line 95/124 92% (press h for help or q to quit)[27m[K[K [KESCESC[KOO[KAA[K[HM       [:xdigit:][m
[24;1H[K[7m Manual page tr(1) line 94/124 90% (press h for help or q to quit)[27m[K[K [KESCESC[KOO[KAA[K[HM[m
[24;1H[K[7m Manual page tr(1) line 93/124 88% (press h for help or q to quit)[27m[K[K [KESCESC[KOO[KAA[K[HM              all upper case letters[m
[24;1H[K[7m Manual page tr(1) line 92/124 86% (press h for help or q to quit)[27m[K[K [KESCESC[KOO[KAA[K[HM       [:upper:][m
[24;1H[K[7m Manual page tr(1) line 91/124 85% (press h for help or q to quit)[27m[K[K [KESCESC[KOO[KAA[K[HM[m
[24;1H[K[7m Manual page tr(1) line 90/124 85% (press h for help or q to quit)[27m[K[K [KESCESC[KOO[KAA[K[HM              all horizontal or vertical whitespace[m
[24;1H[K[7m Manual page tr(1) line 89/124 83% (press h for help or q to quit)[27m[K[K [KESCESC[KOO[KAA[K[HM       [:space:][m
[24;1H[K[7m Manual page tr(1) line 88/124 81% (press h for help or q to quit)[27m[K[K [KESCESC[KOO[KAA[K[HM[m
[24;1H[K[7m Manual page tr(1) line 87/124 80% (press h for help or q to quit)[27m[K[K [KESCESC[KOO[KAA[K[HM              all punctuation characters[m
[24;1H[K[7m Manual page tr(1) line 86/124 80% (press h for help or q to quit)[27m[K[K [KESCESC[KOO[KAA[K[HM       [:punct:][m
[24;1H[K[7m Manual page tr(1) line 85/124 79% (press h for help or q to quit)[27m[K[K [KESCESC[KOO[KAA[K[HM[m
[24;1H[K[7m Manual page tr(1) line 84/124 79% (press h for help or q to quit)[27m[K[K [KESCESC[KOO[KAA[K[HM              all printable characters, including space[m
[24;1H[K[7m Manual page tr(1) line 83/124 79% (press h for help or q to quit)[27m[K[K [KESCESC[KOO[KAA[K[HM       [:print:][m
[24;1H[K[7m Manual page tr(1) line 82/124 77% (press h for help or q to quit)[27m[K[K [KESCESC[KOO[KAA[K[HM[m
[24;1H[K[7m Manual page tr(1) line 81/124 75% (press h for help or q to quit)[27m[K[K [KESCESC[KOO[KAA[K[HM              all lower case letters[m
[24;1H[K[7m Manual page tr(1) line 80/124 72% (press h for help or q to quit)[27m[K[K [KESCESC[KOO[KAA[K[HM       [:lower:][m
[24;1H[K[7m Manual page tr(1) line 79/124 70% (press h for help or q to quit)[27m[K[K [KESCESC[KOO[KAA[K[HM[m
[24;1H[K[7m Manual page tr(1) line 78/124 67% (press h for help or q to quit)[27m[K[K [KESCESC[KOO[KAA[K[HM              all printable characters, not including space[m
[24;1H[K[7m Manual page tr(1) line 77/124 65% (press h for help or q to quit)[27m[K[K [KESCESC[KOO[KAA[K[HM       [:graph:][m
[24;1H[K[7m Manual page tr(1) line 76/124 65% (press h for help or q to quit)[27m[K[K [KESCESC[KOO[KAA[K[HM[m
[24;1H[K[7m Manual page tr(1) line 75/124 63% (press h for help or q to quit)[27m[K[K [KESCESC[KOO[KAA[K[HM              all digits[m
[24;1H[K[7m Manual page tr(1) line 74/124 63% (press h for help or q to quit)[27m[K[K [KESCESC[KOO[KAA[K[HM       [:digit:][m
[24;1H[K[7m Manual page tr(1) line 73/124 63% (press h for help or q to quit)[27m[K[K [KESCESC[KOO[KAA[K[HM[m
[24;1H[K[7m Manual page tr(1) line 72/124 62% (press h for help or q to quit)[27m[K[K [KESCESC[KOO[KAA[K[HM              all control characters[m
[24;1H[K[7m Manual page tr(1) line 71/124 62% (press h for help or q to quit)[27m[K[K [KESCESC[KOO[KAA[K[HM       [:cntrl:][m
[24;1H[K[7m Manual page tr(1) line 70/124 61% (press h for help or q to quit)[27m[K[K [KESCESC[KOO[KAA[K[HM[m
[24;1H[K[7m Manual page tr(1) line 69/124 61% (press h for help or q to quit)[27m[K[K [KESCESC[KOO[KAA[K[HM              all horizontal whitespace[m
[24;1H[K[7m Manual page tr(1) line 68/124 60% (press h for help or q to quit)[27m[K[K [KESCESC[KOO[KAA[K[HM       [:blank:][m
[24;1H[K[7m Manual page tr(1) line 67/124 60% (press h for help or q to quit)[27m[K[K [KESCESC[KOO[KAA[K[HM[m
[24;1H[K[7m Manual page tr(1) line 66/124 59% (press h for help or q to quit)[27m[K[K [KESCESC[KOO[KAA[K[HM              all letters[m
[24;1H[K[7m Manual page tr(1) line 65/124 58% (press h for help or q to quit)[27m[K[K [KESCESC[KOO[KAA[K[HM       [:alpha:][m
[24;1H[K[7m Manual page tr(1) line 64/124 58% (press h for help or q to quit)[27m[K[K [KESCESC[KOO[KAA[K[HM[m
[24;1H[K[7m Manual page tr(1) line 63/124 57% (press h for help or q to quit)[27m[K[K [KESCESC[KOO[KAA[K[HM              all letters and digits[m
[24;1H[K[7m Manual page tr(1) line 62/124 57% (press h for help or q to quit)[27m[K[K [KESCESC[KOO[KAA[K[HM       [:alnum:][m
[24;1H[K[7m Manual page tr(1) line 61/124 57% (press h for help or q to quit)[27m[K[K [KESCESC[KOO[KAA[K[HM[m
[24;1H[K[7m Manual page tr(1) line 60/124 55% (press h for help or q to quit)[27m[K[K [KESCESC[KOO[KAA[K[HM              REPEAT copies of CHAR, REPEAT octal if starting with 0[m
[24;1H[K[7m Manual page tr(1) line 59/124 55% (press h for help or q to quit)[27m[K[K [KESCESC[KOO[KAA[K[HM       [CHAR*REPEAT][m
[24;1H[K[7m Manual page tr(1) line 58/124 55% (press h for help or q to quit)[27m[K[K [KESCESC[KOO[KAA[K[HM[m
[24;1H[K[7m Manual page tr(1) line 57/124 54% (press h for help or q to quit)[27m[K[K [KESCESC[KOO[KAA[K[HM              in SET2, copies of CHAR until length of SET1[m
[24;1H[K[7m Manual page tr(1) line 56/124 53% (press h for help or q to quit)[27m[K[K [KESCESC[KOO[KAA[K[HM       [CHAR*][m
[24;1H[K[7m Manual page tr(1) line 55/124 53% (press h for help or q to quit)[27m[K[K [KESCESC[KOO[KAA[K[HM[m
[24;1H[K[7m Manual page tr(1) line 54/124 52% (press h for help or q to quit)[27m[K[K [KESCESC[KOO[KAA[K[HM              all characters from CHAR1 to CHAR2 in ascending order[m
[24;1H[K[7m Manual page tr(1) line 53/124 51% (press h for help or q to quit)[27m[K[K [KESCESC[KOO[KAA[K[HM       CHAR1-CHAR2[m
[24;1H[K[7m Manual page tr(1) line 52/124 51% (press h for help or q to quit)[27m[K[K [KESCESC[KOO[KAA[K[HM[m
[24;1H[K[7m Manual page tr(1) line 51/124 51% (press h for help or q to quit)[27m[K[K [KESCESC[KOO[KAA[K[HM       \v     vertical tab[m
[24;1H[K[7m Manual page tr(1) line 50/124 50% (press h for help or q to quit)[27m[K[K [KESCESC[KOO[KAA[K[HM[m
[24;1H[K[7m Manual page tr(1) line 49/124 50% (press h for help or q to quit)[27m[K[K [KESCESC[KOO[KAA[K[HM       \t     horizontal tab[m
[24;1H[K[7m Manual page tr(1) line 48/124 49% (press h for help or q to quit)[27m[K[K [KESCESC[KOO[KAA[K[HM[m
[24;1H[K[7m Manual page tr(1) line 47/124 49% (press h for help or q to quit)[27m[K[K [KESCESC[KOO[KAA[K[HM       \r     return[m
[24;1H[K[7m Manual page tr(1) line 46/124 49% (press h for help or q to quit)[27m[K[K [KESCESC[KOO[KAA[K[HM[m
[24;1H[K[7m Manual page tr(1) line 45/124 48% (press h for help or q to quit)[27m[K[K [KESCESC[KOO[KAA[K[HM       \n     new line[m
[24;1H[K[7m Manual page tr(1) line 44/124 47% (press h for help or q to quit)[27m[K[K [KESCESC[KOO[KAA[K[HM[m
[24;1H[K[7m Manual page tr(1) line 43/124 47% (press h for help or q to quit)[27m[K[K [KESCESC[KOO[KAA[K[HM       \f     form feed[m
[24;1H[K[7m Manual page tr(1) line 42/124 47% (press h for help or q to quit)[27m[K[K [KESCESC[KOO[KAA[K[HM[m
[24;1H[K[7m Manual page tr(1) line 41/124 46% (press h for help or q to quit)[27m[K[K [KESCESC[KOO[KAA[K[HM       \b     backspace[m
[24;1H[K[7m Manual page tr(1) line 40/124 46% (press h for help or q to quit)[27m[K[K [KESCESC[KOO[KAA[K[HM[m
[24;1H[K[7m Manual page tr(1) line 39/124 45% (press h for help or q to quit)[27m[K[K [KESCESC[KOO[KAA[K[HM       \a     audible BEL[m
[24;1H[K[7m Manual page tr(1) line 38/124 45% (press h for help or q to quit)[27m[K[K [KESCESC[KOO[KAA[K[HM[m
[24;1H[K[7m Manual page tr(1) line 37/124 45% (press h for help or q to quit)[27m[K[K [KESCESC[KOO[KAA[K[HM       \\     backslash[m
[24;1H[K[7m Manual page tr(1) line 36/124 43% (press h for help or q to quit)[27m[K[K [KESCESC[KOO[KAA[K[HM[m
[24;1H[K[7m Manual page tr(1) line 35/124 42% (press h for help or q to quit)[27m[K[K [KESCESC[KOO[KAA[K[HM       \NNN   character with octal value NNN (1 to 3 octal digits)[m
[24;1H[K[7m Manual page tr(1) line 34/124 42% (press h for help or q to quit)[27m[K[K [KESCESC[KOO[KAA[K[HM[m
[24;1H[K[7m Manual page tr(1) line 33/124 41% (press h for help or q to quit)[27m[K[K [KESCESC[KOO[KAA[K[HM       preted sequences are:[m
[24;1H[K[7m Manual page tr(1) line 32/124 40% (press h for help or q to quit)[27m[K[K [KESCESC[KOO[KAA[K[HM       SETs  are  specified  as  strings of characters.  Most represent themselves.  Inter‐[m
[24;1H[K[7m Manual page tr(1) line 31/124 40% (press h for help or q to quit)[27m[K[K [KESCESC[KOO[KAA[K[HM[m
[24;1H[K[7m Manual page tr(1) line 30/124 39% (press h for help or q to quit)[27m[K[K [KESCESC[KOO[KAA[K[HM              output version information and exit[m
[24;1H[K[7m Manual page tr(1) line 29/124 38% (press h for help or q to quit)[27m[K[K [KESCESC[KOO[KAA[K[HM       [1m--version[0m[m
[24;1H[K[7m Manual page tr(1) line 28/124 38% (press h for help or q to quit)[27m[K[K [KESCESC[KOO[KAA[K[HM[m
[24;1H[K[7m Manual page tr(1) line 27/124 37% (press h for help or q to quit)[27m[K[K [KESCESC[KOO[KAA[K[HM       [1m--help[0m display this help and exit[m
[24;1H[K[7m Manual page tr(1) line 26/124 37% (press h for help or q to quit)[27m[K[K [KESCESC[KOO[KAA[K[HM[m
[24;1H[K[7m Manual page tr(1) line 25/124 37% (press h for help or q to quit)[27m[K[K [KESCESC[KOO[KAA[K[HM              first truncate SET1 to length of SET2[m
[24;1H[K[7m Manual page tr(1) line 24/124 37% (press h for help or q to quit)[27m[K[K [KESCESC[KOO[KAA[K[HM       [1m-t[0m, [1m--truncate-set1[0m[m
[24;1H[K[7m Manual page tr(1) line 23/124 36% (press h for help or q to quit)[27m[K[K [KESCESC[KOO[KAA[K[HM[m
[24;1H[K[7m Manual page tr(1) line 22/124 36% (press h for help or q to quit)[27m[K[K [KESCESC[KOO[KAA[K[HM              specified SET, with a single occurrence of that character[m
[24;1H[K[7m Manual page tr(1) line 21/124 36% (press h for help or q to quit)[27m[K[K [KESCESC[KOO[KAA[K[HM              replace each sequence of a repeated character that  is  listed  in  the  last[m
[24;1H[K[7m Manual page tr(1) line 20/124 35% (press h for help or q to quit)[27m[K[K [KESCESC[KOO[KAA[K[HM       [1m-s[0m, [1m--squeeze-repeats[0m[m
[24;1H[K[7m Manual page tr(1) line 19/124 35% (press h for help or q to quit)[27m[K[K [KESCESC[KOO[KAA[K[HM[m
[24;1H[K[7m Manual page tr(1) line 18/124 35% (press h for help or q to quit)[27m[K[K [KESCESC[KOO[KAA[K[HM              delete characters in SET1, do not translate[m
[24;1H[K[7m Manual page tr(1) line 17/124 34% (press h for help or q to quit)[27m[K[K [KESCESC[KOO[KAA[K[HM       [1m-d[0m, [1m--delete[0m[m
[24;1H[K[7m Manual page tr(1) line 16/124 34% (press h for help or q to quit)[27m[K[K [KESCESC[KOO[KAA[K[HM[m
[24;1H[K[7m Manual page tr(1) line 15/124 34% (press h for help or q to quit)[27m[K[K [KESCESC[KOO[KAA[K[HM              use the complement of SET1[m
[24;1H[K[7m Manual page tr(1) line 14/124 33% (press h for help or q to quit)[27m[K[K [KESCESC[KOO[KAA[K[HM       [1m-c[0m, [1m-C[0m, [1m--complement[0m[m
[24;1H[K[7m Manual page tr(1) line 13/124 33% (press h for help or q to quit)[27m[K[K [KESCESC[KOO[KAA[K[HM[m
[24;1H[K[7m Manual page tr(1) line 12/124 33% (press h for help or q to quit)[27m[K[K [KESCESC[KOO[KAA[K[HM       dard output.[m
[24;1H[K[7m Manual page tr(1) line 11/124 31% (press h for help or q to quit)[27m[K[K [KESCESC[KOO[KAA[K[HM       Translate,  squeeze,  and/or delete characters from standard input, writing to stan‐[m
[24;1H[K[7m Manual page tr(1) line 10/124 31% (press h for help or q to quit)[27m[K[K [KESCESC[KOO[KAA[K[HM[1mDESCRIPTION[0m[m
[24;1H[K[7m Manual page tr(1) line 9/124 30% (press h for help or q to quit)[27m[K[K [KESCESC[KOO[KAA[K[HM[m
[24;1H[K[7m Manual page tr(1) line 8/124 28% (press h for help or q to quit)[27m[K[K [KESCESC[KOO[KAA[K[HM       [1mtr[0m [[4mOPTION[24m]... [4mSET1[24m [[4mSET2[24m][m
[24;1H[K[7m Manual page tr(1) line 7/124 28% (press h for help or q to quit)[27m[K[K [KESCESC[KOO[KAA[K[HM[1mSYNOPSIS[0m[m
[24;1H[K[7m Manual page tr(1) line 6/124 27% (press h for help or q to quit)[27m[K[K [KESCESC[KOO[KAA[K[HM[m
[24;1H[K[7m Manual page tr(1) line 5/124 26% (press h for help or q to quit)[27m[K[K [KESCESC[KOO[KAA[K[HM       tr - translate or delete characters[m
[24;1H[K[7m Manual page tr(1) line 4/124 26% (press h for help or q to quit)[27m[K[K [KESCESC[KOO[KAA[K[HM[1mNAME[0m[m
[24;1H[K[7m Manual page tr(1) line 3/124 24% (press h for help or q to quit)[27m[K[K [KESCESC[KOO[KAA[K[HM[m
[24;1H[K[7m Manual page tr(1) line 2/124 24% (press h for help or q to quit)[27m[K[K [KESCESC[KOO[KAA[K[HMTR(1)                                  User Commands                                  TR(1)[m
[24;1H[K[7m Manual page tr(1) line 1/124 23% (press h for help or q to quit)[27m[K[K [KESCESC[KOO[KBB[K              first truncate SET1 to length of SET2[m
[7m Manual page tr(1) line 2/124 24% (press h for help or q to quit)[27m[K[K [KESCESC[KOO[KBB[K[m
[7m Manual page tr(1) line 3/124 24% (press h for help or q to quit)[27m[K[K [KESCESC[KOO[KAA[K[HM[m
[24;1H[K[7m Manual page tr(1) line 2/124 24% (press h for help or q to quit)[27m[K[K [KESCESC[KOO[KAA[K[HMTR(1)                                  User Commands                                  TR(1)[m
[24;1H[K[7m Manual page tr(1) line 1/124 23% (press h for help or q to quit)[27m[K[K [KESCESC[KOO[KAA[K[K[7m Manual page tr(1) line 1/124 23% (press h for help or q to quit)[27m[K[K [KESCESC[KOO[KAA[K[K[7m Manual page tr(1) line 1/124 23% (press h for help or q to quit)[27m[K[K [KESCESC[KOO[KAA[K[K[7m Manual page tr(1) line 1/124 23% (press h for help or q to quit)[27m[K[K [KESCESC[KOO[KBB[K              first truncate SET1 to length of SET2[m
[7m Manual page tr(1) line 2/124 24% (press h for help or q to quit)[27m[K[K [KESCESC[KOO[KBB[K[m
[7m Manual page tr(1) line 3/124 24% (press h for help or q to quit)[27m[K[K [KESCESC[KOO[KBB[K       [1m--help[0m display this help and exit[m
[7m Manual page tr(1) line 4/124 26% (press h for help or q to quit)[27m[K[K [KESCESC[KOO[KBB[K[m
[7m Manual page tr(1) line 5/124 26% (press h for help or q to quit)[27m[K[K [KESCESC[KOO[KBB[K       [1m--version[0m[m
[7m Manual page tr(1) line 6/124 27% (press h for help or q to quit)[27m[K[K [KESCESC[KOO[KBB[K              output version information and exit[m
[7m Manual page tr(1) line 7/124 28% (press h for help or q to quit)[27m[K[K [KESCESC[KOO[KAA[K[HM[1mSYNOPSIS[0m[m
[24;1H[K[7m Manual page tr(1) line 6/124 27% (press h for help or q to quit)[27m[K[K [KESCESC[KOO[KAA[K[HM[m
[24;1H[K[7m Manual page tr(1) line 5/124 26% (press h for help or q to quit)[27m[K[K [KESCESC[KOO[KAA[K[HM       tr - translate or delete characters[m
[24;1H[K[7m Manual page tr(1) line 4/124 26% (press h for help or q to quit)[27m[K[K [KESCESC[KOO[KBB[K[m
[7m Manual page tr(1) line 5/124 26% (press h for help or q to quit)[27m[K[K [KESCESC[KOO[KBB[K       [1m--version[0m[m
[7m Manual page tr(1) line 6/124 27% (press h for help or q to quit)[27m[K[K [KESCESC[KOO[KBB[K              output version information and exit[m
[7m Manual page tr(1) line 7/124 28% (press h for help or q to quit)[27m[K[K [KESCESC[KOO[KAA[K[HM[1mSYNOPSIS[0m[m
[24;1H[K[7m Manual page tr(1) line 6/124 27% (press h for help or q to quit)[27m[K[K [KESCESC[KOO[KBB[K              output version information and exit[m
[7m Manual page tr(1) line 7/124 28% (press h for help or q to quit)[27m[K[K [KESCESC[KOO[KBB[K[m
[7m Manual page tr(1) line 8/124 28% (press h for help or q to quit)[27m[K[K [KESCESC[KOO[KBB[K       SETs  are  specified  as  strings of characters.  Most represent themselves.  Inter‐[m
[7m Manual page tr(1) line 9/124 30% (press h for help or q to quit)[27m[K[K [KESCESC[KOO[KBB[K       preted sequences are:[m
[7m Manual page tr(1) line 10/124 31% (press h for help or q to quit)[27m[K[K [KESCESC[KOO[KAA[K[HM[1mDESCRIPTION[0m[m
[24;1H[K[7m Manual page tr(1) line 9/124 30% (press h for help or q to quit)[27m[K[K [KESCESC[KOO[KAA[K[HM[m
[24;1H[K[7m Manual page tr(1) line 8/124 28% (press h for help or q to quit)[27m[K[K [KESCESC[KOO[KAA[K[HM       [1mtr[0m [[4mOPTION[24m]... [4mSET1[24m [[4mSET2[24m][m
[24;1H[K[7m Manual page tr(1) line 7/124 28% (press h for help or q to quit)[27m[K[K [KESCESC[KOO[KAA[K[HM[1mSYNOPSIS[0m[m
[24;1H[K[7m Manual page tr(1) line 6/124 27% (press h for help or q to quit)[27m[K[K [KESCESC[KOO[KBB[K              output version information and exit[m
[7m Manual page tr(1) line 7/124 28% (press h for help or q to quit)[27m[K[K [KESCESC[KOO[KBB[K[m
[7m Manual page tr(1) line 8/124 28% (press h for help or q to quit)[27m[K[K [KESCESC[KOO[KBB[K       SETs  are  specified  as  strings of characters.  Most represent themselves.  Inter‐[m
[7m Manual page tr(1) line 9/124 30% (press h for help or q to quit)[27m[K[K [KESCESC[KOO[KBB[K       preted sequences are:[m
[7m Manual page tr(1) line 10/124 31% (press h for help or q to quit)[27m[K[K [KESCESC[KOO[KBB[K[m
[7m Manual page tr(1) line 11/124 31% (press h for help or q to quit)[27m[K[K [KESCESC[KOO[KBB[K       \NNN   character with octal value NNN (1 to 3 octal digits)[m
[7m Manual page tr(1) line 12/124 33% (press h for help or q to quit)[27m[K[K [KESCESC[KOO[KBB[K[m
[7m Manual page tr(1) line 13/124 33% (press h for help or q to quit)[27m[K[K [KESCESC[KOO[KBB[K       \\     backslash[m
[7m Manual page tr(1) line 14/124 33% (press h for help or q to quit)[27m[K[K [KESCESC[KOO[KBB[K[m
[7m Manual page tr(1) line 15/124 34% (press h for help or q to quit)[27m[K[K [KESCESC[KOO[KBB[K       \a     audible BEL[m
[7m Manual page tr(1) line 16/124 34% (press h for help or q to quit)[27m[K[K [KESCESC[KOO[KBB[K[m
[7m Manual page tr(1) line 17/124 34% (press h for help or q to quit)[27m[K[K [KESCESC[KOO[KBB[K       \b     backspace[m
[7m Manual page tr(1) line 18/124 35% (press h for help or q to quit)[27m[K[K [KESCESC[KOO[KBB[K[m
[7m Manual page tr(1) line 19/124 35% (press h for help or q to quit)[27m[K[K [KESCESC[KOO[KBB[K       \f     form feed[m
[7m Manual page tr(1) line 20/124 35% (press h for help or q to quit)[27m[K[K [KESCESC[KOO[KBB[K[m
[7m Manual page tr(1) line 21/124 36% (press h for help or q to quit)[27m[K[K [KESCESC[KOO[KBB[K       \n     new line[m
[7m Manual page tr(1) line 22/124 36% (press h for help or q to quit)[27m[K[K [KESCESC[KOO[KBB[K[m
[7m Manual page tr(1) line 23/124 36% (press h for help or q to quit)[27m[K[K [KESCESC[KOO[KBB[K       \r     return[m
[7m Manual page tr(1) line 24/124 37% (press h for help or q to quit)[27m[K[K [KESCESC[KOO[KBB[K[m
[7m Manual page tr(1) line 25/124 37% (press h for help or q to quit)[27m[K[K [KESCESC[KOO[KBB[K       \t     horizontal tab[m
[7m Manual page tr(1) line 26/124 37% (press h for help or q to quit)[27m[K[K [KESCESC[KOO[KBB[K[m
[7m Manual page tr(1) line 27/124 37% (press h for help or q to quit)[27m[K[K [KESCESC[KOO[KBB[K       \v     vertical tab[m
[7m Manual page tr(1) line 28/124 38% (press h for help or q to quit)[27m[K[K [KESCESC[KOO[KBB[K[m
[7m Manual page tr(1) line 29/124 38% (press h for help or q to quit)[27m[K[K [KESCESC[KOO[KBB[K       CHAR1-CHAR2[m
[7m Manual page tr(1) line 30/124 39% (press h for help or q to quit)[27m[K[K [KESCESC[KOO[KBB[K              all characters from CHAR1 to CHAR2 in ascending order[m
[7m Manual page tr(1) line 31/124 40% (press h for help or q to quit)[27m[K[K [KESCESC[KOO[KBB[K[m
[7m Manual page tr(1) line 32/124 40% (press h for help or q to quit)[27m[K[K [KESCESC[KOO[KBB[K       [CHAR*][m
[7m Manual page tr(1) line 33/124 41% (press h for help or q to quit)[27m[K[K [KESCESC[KOO[KBB[K              in SET2, copies of CHAR until length of SET1[m
[7m Manual page tr(1) line 34/124 42% (press h for help or q to quit)[27m[K[K [KESCESC[KOO[KBB[K[m
[7m Manual page tr(1) line 35/124 42% (press h for help or q to quit)[27m[K[K [KESCESC[KOO[KBB[K       [CHAR*REPEAT][m
[7m Manual page tr(1) line 36/124 43% (press h for help or q to quit)[27m[K[K [KESCESC[KOO[KBB[K              REPEAT copies of CHAR, REPEAT octal if starting with 0[m
[7m Manual page tr(1) line 37/124 45% (press h for help or q to quit)[27m[K[K [KESCESC[KOO[KBB[K[m
[7m Manual page tr(1) line 38/124 45% (press h for help or q to quit)[27m[K[K [KESCESC[KOO[KBB[K       [:alnum:][m
[7m Manual page tr(1) line 39/124 45% (press h for help or q to quit)[27m[K[K [KESCESC[KOO[KBB[K              all letters and digits[m
[7m Manual page tr(1) line 40/124 46% (press h for help or q to quit)[27m[K[K [KESCESC[KOO[KBB[K[m
[7m Manual page tr(1) line 41/124 46% (press h for help or q to quit)[27m[K[K [KESCESC[KOO[KBB[K       [:alpha:][m
[7m Manual page tr(1) line 42/124 47% (press h for help or q to quit)[27m[K[K [KESCESC[KOO[KBB[K              all letters[m
[7m Manual page tr(1) line 43/124 47% (press h for help or q to quit)[27m[K[K [KESCESC[KOO[KBB[K[m
[7m Manual page tr(1) line 44/124 47% (press h for help or q to quit)[27m[K[K [KESCESC[KOO[KBB[K       [:blank:][m
[7m Manual page tr(1) line 45/124 48% (press h for help or q to quit)[27m[K[K [KESCESC[KOO[KBB[K              all horizontal whitespace[m
[7m Manual page tr(1) line 46/124 49% (press h for help or q to quit)[27m[K[K [KESCESC[KOO[KBB[K[m
[7m Manual page tr(1) line 47/124 49% (press h for help or q to quit)[27m[K[K [KESCESC[KOO[KBB[K       [:cntrl:][m
[7m Manual page tr(1) line 48/124 49% (press h for help or q to quit)[27m[K[K [KESCESC[KOO[KBB[K              all control characters[m
[7m Manual page tr(1) line 49/124 50% (press h for help or q to quit)[27m[K[K [KESCESC[KOO[KBB[K[m
[7m Manual page tr(1) line 50/124 50% (press h for help or q to quit)[27m[K[K [KESCESC[KOO[KBB[K       [:digit:][m
[7m Manual page tr(1) line 51/124 51% (press h for help or q to quit)[27m[K[K [KESCESC[KOO[KBB[K              all digits[m
[7m Manual page tr(1) line 52/124 51% (press h for help or q to quit)[27m[K[K [KESCESC[KOO[KBB[K[m
[7m Manual page tr(1) line 53/124 51% (press h for help or q to quit)[27m[K[K [KESCESC[KOO[KBB[K       [:graph:][m
[7m Manual page tr(1) line 54/124 52% (press h for help or q to quit)[27m[K[K [KESCESC[KOO[KBB[K              all printable characters, not including space[m
[7m Manual page tr(1) line 55/124 53% (press h for help or q to quit)[27m[K[K [KESCESC[KOO[KBB[K[m
[7m Manual page tr(1) line 56/124 53% (press h for help or q to quit)[27m[K[K [KESCESC[KOO[KBB[K       [:lower:][m
[7m Manual page tr(1) line 57/124 54% (press h for help or q to quit)[27m[K[K [KESCESC[KOO[KBB[K              all lower case letters[m
[7m Manual page tr(1) line 58/124 55% (press h for help or q to quit)[27m[K[K [KESCESC[KOO[KBB[K[m
[7m Manual page tr(1) line 59/124 55% (press h for help or q to quit)[27m[K[K [KESCESC[KOO[KBB[K       [:print:][m
[7m Manual page tr(1) line 60/124 55% (press h for help or q to quit)[27m[K[K [KESCESC[KOO[KBB[K              all printable characters, including space[m
[7m Manual page tr(1) line 61/124 57% (press h for help or q to quit)[27m[K[K [KESCESC[KOO[KBB[K[m
[7m Manual page tr(1) line 62/124 57% (press h for help or q to quit)[27m[K[K [KESCESC[KOO[KBB[K       [:punct:][m
[7m Manual page tr(1) line 63/124 57% (press h for help or q to quit)[27m[K[K [KESCESC[KOO[KBB[K              all punctuation characters[m
[7m Manual page tr(1) line 64/124 58% (press h for help or q to quit)[27m[K[K [KESCESC[KOO[KBB[K[m
[7m Manual page tr(1) line 65/124 58% (press h for help or q to quit)[27m[K[K [KESCESC[KOO[KBB[K       [:space:][m
[7m Manual page tr(1) line 66/124 59% (press h for help or q to quit)[27m[K[K [KESCESC[KOO[KBB[K              all horizontal or vertical whitespace[m
[7m Manual page tr(1) line 67/124 60% (press h for help or q to quit)[27m[K[K [KESCESC[KOO[KBB[K[m
[7m Manual page tr(1) line 68/124 60% (press h for help or q to quit)[27m[K[K [KESCESC[KOO[KBB[K       [:upper:][m
[7m Manual page tr(1) line 69/124 61% (press h for help or q to quit)[27m[K[K [KESCESC[KOO[KBB[K              all upper case letters[m
[7m Manual page tr(1) line 70/124 61% (press h for help or q to quit)[27m[K[K [KESCESC[KOO[KBB[K[m
[7m Manual page tr(1) line 71/124 62% (press h for help or q to quit)[27m[K[K [KESCESC[KOO[KBB[K       [:xdigit:][m
[7m Manual page tr(1) line 72/124 62% (press h for help or q to quit)[27m[K[K [KESCESC[KOO[KBB[K              all hexadecimal digits[m
[7m Manual page tr(1) line 73/124 63% (press h for help or q to quit)[27m[K[K [KESCESC[KOO[KBB[K[m
[7m Manual page tr(1) line 74/124 63% (press h for help or q to quit)[27m[K[K [KESCESC[KOO[KAA[K[HM       [:digit:][m
[24;1H[K[7m Manual page tr(1) line 73/124 63% (press h for help or q to quit)[27m[K[K [KESCESC[KOO[KAA[K[HM[m
[24;1H[K[7m Manual page tr(1) line 72/124 62% (press h for help or q to quit)[27m[K[K [KESCESC[KOO[KAA[K[HM              all control characters[m
[24;1H[K[7m Manual page tr(1) line 71/124 62% (press h for help or q to quit)[27m[K[K [KESCESC[KOO[KAA[K[HM       [:cntrl:][m
[24;1H[K[7m Manual page tr(1) line 70/124 61% (press h for help or q to quit)[27m[K[K [KESCESC[KOO[KAA[K[HM[m
[24;1H[K[7m Manual page tr(1) line 69/124 61% (press h for help or q to quit)[27m[K[K [KESCESC[KOO[KAA[K[HM              all horizontal whitespace[m
[24;1H[K[7m Manual page tr(1) line 68/124 60% (press h for help or q to quit)[27m[K[K [KESCESC[KOO[KAA[K[HM       [:blank:][m
[24;1H[K[7m Manual page tr(1) line 67/124 60% (press h for help or q to quit)[27m[K[K [KESCESC[KOO[KAA[K[HM[m
[24;1H[K[7m Manual page tr(1) line 66/124 59% (press h for help or q to quit)[27m[K[K [KESCESC[KOO[KAA[K[HM              all letters[m
[24;1H[K[7m Manual page tr(1) line 65/124 58% (press h for help or q to quit)[27m[K[K [KESCESC[KOO[KAA[K[HM       [:alpha:][m
[24;1H[K[7m Manual page tr(1) line 64/124 58% (press h for help or q to quit)[27m[K[K [KESCESC[KOO[KAA[K[HM[m
[24;1H[K[7m Manual page tr(1) line 63/124 57% (press h for help or q to quit)[27m[K[K [KESCESC[KOO[KAA[K[HM              all letters and digits[m
[24;1H[K[7m Manual page tr(1) line 62/124 57% (press h for help or q to quit)[27m[K[K [KESCESC[KOO[KAA[K[HM       [:alnum:][m
[24;1H[K[7m Manual page tr(1) line 61/124 57% (press h for help or q to quit)[27m[K[K [KESCESC[KOO[KAA[K[HM[m
[24;1H[K[7m Manual page tr(1) line 60/124 55% (press h for help or q to quit)[27m[K[K [KESCESC[KOO[KAA[K[HM              REPEAT copies of CHAR, REPEAT octal if starting with 0[m
[24;1H[K[7m Manual page tr(1) line 59/124 55% (press h for help or q to quit)[27m[K[K [KESCESC[KOO[KAA[K[HM       [CHAR*REPEAT][m
[24;1H[K[7m Manual page tr(1) line 58/124 55% (press h for help or q to quit)[27m[K[K [KESCESC[KOO[KAA[K[HM[m
[24;1H[K[7m Manual page tr(1) line 57/124 54% (press h for help or q to quit)[27m[K[K [KESCESC[KOO[KAA[K[HM              in SET2, copies of CHAR until length of SET1[m
[24;1H[K[7m Manual page tr(1) line 56/124 53% (press h for help or q to quit)[27m[K[K [KESCESC[KOO[KAA[K[HM       [CHAR*][m
[24;1H[K[7m Manual page tr(1) line 55/124 53% (press h for help or q to quit)[27m[K[K [KESCESC[KOO[KAA[K[HM[m
[24;1H[K[7m Manual page tr(1) line 54/124 52% (press h for help or q to quit)[27m[K[K [KESCESC[KOO[KAA[K[HM              all characters from CHAR1 to CHAR2 in ascending order[m
[24;1H[K[7m Manual page tr(1) line 53/124 51% (press h for help or q to quit)[27m[K[K [KESCESC[KOO[KAA[K[HM       CHAR1-CHAR2[m
[24;1H[K[7m Manual page tr(1) line 52/124 51% (press h for help or q to quit)[27m[K[K [KESCESC[KOO[KAA[K[HM[m
[24;1H[K[7m Manual page tr(1) line 51/124 51% (press h for help or q to quit)[27m[K[K [KESCESC[KOO[KAA[K[HM       \v     vertical tab[m
[24;1H[K[7m Manual page tr(1) line 50/124 50% (press h for help or q to quit)[27m[K[K [KESCESC[KOO[KAA[K[HM[m
[24;1H[K[7m Manual page tr(1) line 49/124 50% (press h for help or q to quit)[27m[K[K [KESCESC[KOO[KAA[K[HM       \t     horizontal tab[m
[24;1H[K[7m Manual page tr(1) line 48/124 49% (press h for help or q to quit)[27m[K[K [KESCESC[KOO[KAA[K[HM[m
[24;1H[K[7m Manual page tr(1) line 47/124 49% (press h for help or q to quit)[27m[K[K [KESCESC[KOO[KAA[K[HM       \r     return[m
[24;1H[K[7m Manual page tr(1) line 46/124 49% (press h for help or q to quit)[27m[K[K [KESCESC[KOO[KAA[K[HM[m
[24;1H[K[7m Manual page tr(1) line 45/124 48% (press h for help or q to quit)[27m[K[K [KESCESC[KOO[KAA[K[HM       \n     new line[m
[24;1H[K[7m Manual page tr(1) line 44/124 47% (press h for help or q to quit)[27m[K[K [KESCESC[KOO[KAA[K[HM[m
[24;1H[K[7m Manual page tr(1) line 43/124 47% (press h for help or q to quit)[27m[K[K [KESCESC[KOO[KAA[K[HM       \f     form feed[m
[24;1H[K[7m Manual page tr(1) line 42/124 47% (press h for help or q to quit)[27m[K[K [KESCESC[KOO[KAA[K[HM[m
[24;1H[K[7m Manual page tr(1) line 41/124 46% (press h for help or q to quit)[27m[K[K [KESCESC[KOO[KAA[K[HM       \b     backspace[m
[24;1H[K[7m Manual page tr(1) line 40/124 46% (press h for help or q to quit)[27m[K[K [KESCESC[KOO[KAA[K[HM[m
[24;1H[K[7m Manual page tr(1) line 39/124 45% (press h for help or q to quit)[27m[K[K [KESCESC[KOO[KAA[K[HM       \a     audible BEL[m
[24;1H[K[7m Manual page tr(1) line 38/124 45% (press h for help or q to quit)[27m[K[K [KESCESC[KOO[KAA[K[HM[m
[24;1H[K[7m Manual page tr(1) line 37/124 45% (press h for help or q to quit)[27m[K[K [KESCESC[KOO[KAA[K[HM       \\     backslash[m
[24;1H[K[7m Manual page tr(1) line 36/124 43% (press h for help or q to quit)[27m[K[K [KESCESC[KOO[KAA[K[HM[m
[24;1H[K[7m Manual page tr(1) line 35/124 42% (press h for help or q to quit)[27m[K[K [KESCESC[KOO[KAA[K[HM       \NNN   character with octal value NNN (1 to 3 octal digits)[m
[24;1H[K[7m Manual page tr(1) line 34/124 42% (press h for help or q to quit)[27m[K[K [KESCESC[KOO[KAA[K[HM[m
[24;1H[K[7m Manual page tr(1) line 33/124 41% (press h for help or q to quit)[27m[K[K [KESCESC[KOO[KAA[K[HM       preted sequences are:[m
[24;1H[K[7m Manual page tr(1) line 32/124 40% (press h for help or q to quit)[27m[K[K [KESCESC[KOO[KAA[K[HM       SETs  are  specified  as  strings of characters.  Most represent themselves.  Inter‐[m
[24;1H[K[7m Manual page tr(1) line 31/124 40% (press h for help or q to quit)[27m[K[K [KESCESC[KOO[KAA[K[HM[m
[24;1H[K[7m Manual page tr(1) line 30/124 39% (press h for help or q to quit)[27m[K[K [KESCESC[KOO[KAA[K[HM              output version information and exit[m
[24;1H[K[7m Manual page tr(1) line 29/124 38% (press h for help or q to quit)[27m[K[K [KESCESC[KOO[KAA[K[HM       [1m--version[0m[m
[24;1H[K[7m Manual page tr(1) line 28/124 38% (press h for help or q to quit)[27m[K[K [KESCESC[KOO[KAA[K[HM[m
[24;1H[K[7m Manual page tr(1) line 27/124 37% (press h for help or q to quit)[27m[K[K [KESCESC[KOO[KAA[K[HM       [1m--help[0m display this help and exit[m
[24;1H[K[7m Manual page tr(1) line 26/124 37% (press h for help or q to quit)[27m[K[K [KESCESC[KOO[KAA[K[HM[m
[24;1H[K[7m Manual page tr(1) line 25/124 37% (press h for help or q to quit)[27m[K[K [KESCESC[KOO[KAA[K[HM              first truncate SET1 to length of SET2[m
[24;1H[K[7m Manual page tr(1) line 24/124 37% (press h for help or q to quit)[27m[K[K [KESCESC[KOO[KAA[K[HM       [1m-t[0m, [1m--truncate-set1[0m[m
[24;1H[K[7m Manual page tr(1) line 23/124 36% (press h for help or q to quit)[27m[K[K [KESCESC[KOO[KAA[K[HM[m
[24;1H[K[7m Manual page tr(1) line 22/124 36% (press h for help or q to quit)[27m[K[K [KESCESC[KOO[KAA[K[HM              specified SET, with a single occurrence of that character[m
[24;1H[K[7m Manual page tr(1) line 21/124 36% (press h for help or q to quit)[27m[K[K [KESCESC[KOO[KAA[K[HM              replace each sequence of a repeated character that  is  listed  in  the  last[m
[24;1H[K[7m Manual page tr(1) line 20/124 35% (press h for help or q to quit)[27m[K[K [KESCESC[KOO[KAA[K[HM       [1m-s[0m, [1m--squeeze-repeats[0m[m
[24;1H[K[7m Manual page tr(1) line 19/124 35% (press h for help or q to quit)[27m[K[K [KESCESC[KOO[KAA[K[HM[m
[24;1H[K[7m Manual page tr(1) line 18/124 35% (press h for help or q to quit)[27m[K[K [KESCESC[KOO[KAA[K[HM              delete characters in SET1, do not translate[m
[24;1H[K[7m Manual page tr(1) line 17/124 34% (press h for help or q to quit)[27m[K[K [KESCESC[KOO[KAA[K[HM       [1m-d[0m, [1m--delete[0m[m
[24;1H[K[7m Manual page tr(1) line 16/124 34% (press h for help or q to quit)[27m[K[K [KESCESC[KOO[KAA[K[HM[m
[24;1H[K[7m Manual page tr(1) line 15/124 34% (press h for help or q to quit)[27m[K[K [KESCESC[KOO[KAA[K[HM              use the complement of SET1[m
[24;1H[K[7m Manual page tr(1) line 14/124 33% (press h for help or q to quit)[27m[K[K [KESCESC[KOO[KAA[K[HM       [1m-c[0m, [1m-C[0m, [1m--complement[0m[m
[24;1H[K[7m Manual page tr(1) line 13/124 33% (press h for help or q to quit)[27m[K[K [KESCESC[KOO[KAA[K[HM[m
[24;1H[K[7m Manual page tr(1) line 12/124 33% (press h for help or q to quit)[27m[K[K [KESCESC[KOO[KAA[K[HM       dard output.[m
[24;1H[K[7m Manual page tr(1) line 11/124 31% (press h for help or q to quit)[27m[K[K [KESCESC[KOO[KAA[K[HM       Translate,  squeeze,  and/or delete characters from standard input, writing to stan‐[m
[24;1H[K[7m Manual page tr(1) line 10/124 31% (press h for help or q to quit)[27m[K[K [KESCESC[KOO[KAA[K[HM[1mDESCRIPTION[0m[m
[24;1H[K[7m Manual page tr(1) line 9/124 30% (press h for help or q to quit)[27m[K[K [KESCESC[KOO[KAA[K[HM[m
[24;1H[K[7m Manual page tr(1) line 8/124 28% (press h for help or q to quit)[27m[K[K [KESCESC[KOO[KAA[K[HM       [1mtr[0m [[4mOPTION[24m]... [4mSET1[24m [[4mSET2[24m][m
[24;1H[K[7m Manual page tr(1) line 7/124 28% (press h for help or q to quit)[27m[K[K [KESCESC[KOO[KAA[K[HM[1mSYNOPSIS[0m[m
[24;1H[K[7m Manual page tr(1) line 6/124 27% (press h for help or q to quit)[27m[K[K [KESCESC[KOO[KAA[K[HM[m
[24;1H[K[7m Manual page tr(1) line 5/124 26% (press h for help or q to quit)[27m[K[K [KESCESC[KOO[KAA[K[HM       tr - translate or delete characters[m
[24;1H[K[7m Manual page tr(1) line 4/124 26% (press h for help or q to quit)[27m[K[K [KESCESC[KOO[KAA[K[HM[1mNAME[0m[m
[24;1H[K[7m Manual page tr(1) line 3/124 24% (press h for help or q to quit)[27m[K[K [KESCESC[KOO[KAA[K[HM[m
[24;1H[K[7m Manual page tr(1) line 2/124 24% (press h for help or q to quit)[27m[K[K [KESCESC[KOO[KAA[K[HMTR(1)                                  User Commands                                  TR(1)[m
[24;1H[K[7m Manual page tr(1) line 1/124 23% (press h for help or q to quit)[27m[K[K [KESCESC[KOO[KAA[K[K[7m Manual page tr(1) line 1/124 23% (press h for help or q to quit)[27m[K[K [KESCESC[KOO[KAA[K[K[7m Manual page tr(1) line 1/124 23% (press h for help or q to quit)[27m[K[K [KESCESC[KOO[KAA[K[K[7m Manual page tr(1) line 1/124 23% (press h for help or q to quit)[27m[K[K [KESCESC[KOO[KBB[K              first truncate SET1 to length of SET2[m
[7m Manual page tr(1) line 2/124 24% (press h for help or q to quit)[27m[K[K [KESCESC[KOO[KBB[K[m
[7m Manual page tr(1) line 3/124 24% (press h for help or q to quit)[27m[K[K [KESCESC[KOO[KBB[K       [1m--help[0m display this help and exit[m
[7m Manual page tr(1) line 4/124 26% (press h for help or q to quit)[27m[K[K [KESCESC[KOO[KBB[K[m
[7m Manual page tr(1) line 5/124 26% (press h for help or q to quit)[27m[K[K [KESCESC[KOO[KBB[K       [1m--version[0m[m
[7m Manual page tr(1) line 6/124 27% (press h for help or q to quit)[27m[K[K [KESCESC[KOO[KBB[K              output version information and exit[m
[7m Manual page tr(1) line 7/124 28% (press h for help or q to quit)[27m[K[K [KESCESC[KOO[KBB[K[m
[7m Manual page tr(1) line 8/124 28% (press h for help or q to quit)[27m[K[K [KESCESC[KOO[KBB[K       SETs  are  specified  as  strings of characters.  Most represent themselves.  Inter‐[m
[7m Manual page tr(1) line 9/124 30% (press h for help or q to quit)[27m[K[K [KESCESC[KOO[KBB[K       preted sequences are:[m
[7m Manual page tr(1) line 10/124 31% (press h for help or q to quit)[27m[K[K [KESCESC[KOO[KBB[K[m
[7m Manual page tr(1) line 11/124 31% (press h for help or q to quit)[27m[K[K [KESCESC[KOO[KBB[K       \NNN   character with octal value NNN (1 to 3 octal digits)[m
[7m Manual page tr(1) line 12/124 33% (press h for help or q to quit)[27m[K[K [KESCESC[KOO[KBB[K[m
[7m Manual page tr(1) line 13/124 33% (press h for help or q to quit)[27m[K[K [KESCESC[KOO[KBB[K       \\     backslash[m
[7m Manual page tr(1) line 14/124 33% (press h for help or q to quit)[27m[K[K [KESCESC[KOO[KBB[K[m
[7m Manual page tr(1) line 15/124 34% (press h for help or q to quit)[27m[K[K [KESCESC[KOO[KBB[K       \a     audible BEL[m
[7m Manual page tr(1) line 16/124 34% (press h for help or q to quit)[27m[K[K [KESCESC[KOO[KBB[K[m
[7m Manual page tr(1) line 17/124 34% (press h for help or q to quit)[27m[K[K [KESCESC[KOO[KBB[K       \b     backspace[m
[7m Manual page tr(1) line 18/124 35% (press h for help or q to quit)[27m[K[K [KESCESC[KOO[KBB[K[m
[7m Manual page tr(1) line 19/124 35% (press h for help or q to quit)[27m[K[K [KESCESC[KOO[KBB[K       \f     form feed[m
[7m Manual page tr(1) line 20/124 35% (press h for help or q to quit)[27m[K[K [KESCESC[KOO[KBB[K[m
[7m Manual page tr(1) line 21/124 36% (press h for help or q to quit)[27m[K[K [KESCESC[KOO[KBB[K       \n     new line[m
[7m Manual page tr(1) line 22/124 36% (press h for help or q to quit)[27m[K[K [KESCESC[KOO[KBB[K[m
[7m Manual page tr(1) line 23/124 36% (press h for help or q to quit)[27m[K[K [KESCESC[KOO[KBB[K       \r     return[m
[7m Manual page tr(1) line 24/124 37% (press h for help or q to quit)[27m[K[K [KESCESC[KOO[KBB[K[m
[7m Manual page tr(1) line 25/124 37% (press h for help or q to quit)[27m[K[K [KESCESC[KOO[KBB[K       \t     horizontal tab[m
[7m Manual page tr(1) line 26/124 37% (press h for help or q to quit)[27m[K[K [KESCESC[KOO[KBB[K[m
[7m Manual page tr(1) line 27/124 37% (press h for help or q to quit)[27m[K[K [KESCESC[KOO[KBB[K       \v     vertical tab[m
[7m Manual page tr(1) line 28/124 38% (press h for help or q to quit)[27m[K[K [KESCESC[KOO[KBB[K[m
[7m Manual page tr(1) line 29/124 38% (press h for help or q to quit)[27m[K[K [KESCESC[KOO[KBB[K       CHAR1-CHAR2[m
[7m Manual page tr(1) line 30/124 39% (press h for help or q to quit)[27m[K[K [KESCESC[KOO[KBB[K              all characters from CHAR1 to CHAR2 in ascending order[m
[7m Manual page tr(1) line 31/124 40% (press h for help or q to quit)[27m[K[K [KESCESC[KOO[KBB[K[m
[7m Manual page tr(1) line 32/124 40% (press h for help or q to quit)[27m[K[K [KESCESC[KOO[KBB[K       [CHAR*][m
[7m Manual page tr(1) line 33/124 41% (press h for help or q to quit)[27m[K[K [KESCESC[KOO[KBB[K              in SET2, copies of CHAR until length of SET1[m
[7m Manual page tr(1) line 34/124 42% (press h for help or q to quit)[27m[K[K [KESCESC[KOO[KBB[K[m
[7m Manual page tr(1) line 35/124 42% (press h for help or q to quit)[27m[K[K [KESCESC[KOO[KBB[K       [CHAR*REPEAT][m
[7m Manual page tr(1) line 36/124 43% (press h for help or q to quit)[27m[K[K [KESCESC[KOO[KBB[K              REPEAT copies of CHAR, REPEAT octal if starting with 0[m
[7m Manual page tr(1) line 37/124 45% (press h for help or q to quit)[27m[K[K [KESCESC[KOO[KBB[K[m
[7m Manual page tr(1) line 38/124 45% (press h for help or q to quit)[27m[K[K [KESCESC[KOO[KBB[K       [:alnum:][m
[7m Manual page tr(1) line 39/124 45% (press h for help or q to quit)[27m[K[K [KESCESC[KOO[KBB[K              all letters and digits[m
[7m Manual page tr(1) line 40/124 46% (press h for help or q to quit)[27m[K[K [KESCESC[KOO[KBB[K[m
[7m Manual page tr(1) line 41/124 46% (press h for help or q to quit)[27m[K[K [KESCESC[KOO[KBB[K       [:alpha:][m
[7m Manual page tr(1) line 42/124 47% (press h for help or q to quit)[27m[K[K [KESCESC[KOO[KBB[K              all letters[m
[7m Manual page tr(1) line 43/124 47% (press h for help or q to quit)[27m[K[K [KESCESC[KOO[KBB[K[m
[7m Manual page tr(1) line 44/124 47% (press h for help or q to quit)[27m[K[K [KESCESC[KOO[KBB[K       [:blank:][m
[7m Manual page tr(1) line 45/124 48% (press h for help or q to quit)[27m[K[K [KESCESC[KOO[KBB[K              all horizontal whitespace[m
[7m Manual page tr(1) line 46/124 49% (press h for help or q to quit)[27m[K[K [KESCESC[KOO[KBB[K[m
[7m Manual page tr(1) line 47/124 49% (press h for help or q to quit)[27m[K[K [KESCESC[KOO[KBB[K       [:cntrl:][m
[7m Manual page tr(1) line 48/124 49% (press h for help or q to quit)[27m[K[K [KESCESC[KOO[KBB[K              all control characters[m
[7m Manual page tr(1) line 49/124 50% (press h for help or q to quit)[27m[K[K [KESCESC[KOO[KBB[K[m
[7m Manual page tr(1) line 50/124 50% (press h for help or q to quit)[27m[K[K [KESCESC[KOO[KBB[K       [:digit:][m
[7m Manual page tr(1) line 51/124 51% (press h for help or q to quit)[27m[K[K [KESCESC[KOO[KBB[K              all digits[m
[7m Manual page tr(1) line 52/124 51% (press h for help or q to quit)[27m[K[K [KESCESC[KOO[KBB[K[m
[7m Manual page tr(1) line 53/124 51% (press h for help or q to quit)[27m[K[K [KESCESC[KOO[KBB[K       [:graph:][m
[7m Manual page tr(1) line 54/124 52% (press h for help or q to quit)[27m[K[K [KESCESC[KOO[KBB[K              all printable characters, not including space[m
[7m Manual page tr(1) line 55/124 53% (press h for help or q to quit)[27m[K[K [KESCESC[KOO[KBB[K[m
[7m Manual page tr(1) line 56/124 53% (press h for help or q to quit)[27m[K[K [KESCESC[KOO[KBB[K       [:lower:][m
[7m Manual page tr(1) line 57/124 54% (press h for help or q to quit)[27m[K[K [KESCESC[KOO[KBB[K              all lower case letters[m
[7m Manual page tr(1) line 58/124 55% (press h for help or q to quit)[27m[K[K [KESCESC[KOO[KBB[K[m
[7m Manual page tr(1) line 59/124 55% (press h for help or q to quit)[27m[K[K [KESCESC[KOO[KBB[K       [:print:][m
[7m Manual page tr(1) line 60/124 55% (press h for help or q to quit)[27m[K[K [KESCESC[KOO[KBB[K              all printable characters, including space[m
[7m Manual page tr(1) line 61/124 57% (press h for help or q to quit)[27m[K[K [KESCESC[KOO[KBB[K[m
[7m Manual page tr(1) line 62/124 57% (press h for help or q to quit)[27m[K[K [KESCESC[KOO[KBB[K       [:punct:][m
[7m Manual page tr(1) line 63/124 57% (press h for help or q to quit)[27m[K[K [KESCESC[KOO[KBB[K              all punctuation characters[m
[7m Manual page tr(1) line 64/124 58% (press h for help or q to quit)[27m[K[K [KESCESC[KOO[KBB[K[m
[7m Manual page tr(1) line 65/124 58% (press h for help or q to quit)[27m[K[K [KESCESC[KOO[KBB[K       [:space:][m
[7m Manual page tr(1) line 66/124 59% (press h for help or q to quit)[27m[K[K [KESCESC[KOO[KBB[K              all horizontal or vertical whitespace[m
[7m Manual page tr(1) line 67/124 60% (press h for help or q to quit)[27m[K[K[?1l>[?1049l[23;0;0tmmuffol1@g7-06:/import/linux/home1/mmuffol1/i240a/submit/lab6/exercises/dir$ 
mmuffol1@g7-06:/import/linux/home1/mmuffol1/i240a/submit/lab6/exercises/dir$ trc[K [K[K[Kman tr
[?1049h[22;0;0t[?1h=TR(1)                                  User Commands                                  TR(1)[m
[m
[1mNAME[0m[m
       tr - translate or delete characters[m
[m
[1mSYNOPSIS[0m[m
       [1mtr[0m [[4mOPTION[24m]... [4mSET1[24m [[4mSET2[24m][m
[m
[1mDESCRIPTION[0m[m
       Translate,  squeeze,  and/or delete characters from standard input, writing to stan‐[m
       dard output.[m
[m
       [1m-c[0m, [1m-C[0m, [1m--complement[0m[m
              use the complement of SET1[m
[m
       [1m-d[0m, [1m--delete[0m[m
              delete characters in SET1, do not translate[m
[m
       [1m-s[0m, [1m--squeeze-repeats[0m[m
              replace each sequence of a repeated character that  is  listed  in  the  last[m
              specified SET, with a single occurrence of that character[m
[m
       [1m-t[0m, [1m--truncate-set1[0m[m
[7m Manual page tr(1) line 1 (press h for help or q to quit)[27m[K[K [KESCESC[KOO[KBB[K              first truncate SET1 to length of SET2[m
[7m Manual page tr(1) line 2 (press h for help or q to quit)[27m[K[K [KESCESC[KOO[KBB[K[m
[7m Manual page tr(1) line 3 (press h for help or q to quit)[27m[K[K [KESCESC[KOO[KBB[K       [1m--help[0m display this help and exit[m
[7m Manual page tr(1) line 4 (press h for help or q to quit)[27m[K[K [KESCESC[KOO[KBB[K[m
[7m Manual page tr(1) line 5 (press h for help or q to quit)[27m[K[K [KESCESC[KOO[KBB[K       [1m--version[0m[m
[7m Manual page tr(1) line 6 (press h for help or q to quit)[27m[K[K [KESCESC[KOO[KBB[K              output version information and exit[m
[7m Manual page tr(1) line 7 (press h for help or q to quit)[27m[K[K [KESCESC[KOO[KBB[K[m
[7m Manual page tr(1) line 8 (press h for help or q to quit)[27m[K[K [KESCESC[KOO[KBB[K       SETs  are  specified  as  strings of characters.  Most represent themselves.  Inter‐[m
[7m Manual page tr(1) line 9 (press h for help or q to quit)[27m[K[K [KESCESC[KOO[KBB[K       preted sequences are:[m
[7m Manual page tr(1) line 10 (press h for help or q to quit)[27m[K[K [KESCESC[KOO[KBB[K[m
[7m Manual page tr(1) line 11 (press h for help or q to quit)[27m[K[K [KESCESC[KOO[KBB[K       \NNN   character with octal value NNN (1 to 3 octal digits)[m
[7m Manual page tr(1) line 12 (press h for help or q to quit)[27m[K[K [KESCESC[KOO[KBB[K[m
[7m Manual page tr(1) line 13 (press h for help or q to quit)[27m[K[K [KESCESC[KOO[KBB[K       \\     backslash[m
[7m Manual page tr(1) line 14 (press h for help or q to quit)[27m[K[K [KESCESC[KOO[KBB[K[m
[7m Manual page tr(1) line 15 (press h for help or q to quit)[27m[K[K [KESCESC[KOO[KBB[K       \a     audible BEL[m
[7m Manual page tr(1) line 16 (press h for help or q to quit)[27m[K[K [KESCESC[KOO[KBB[K[m
[7m Manual page tr(1) line 17 (press h for help or q to quit)[27m[K[K [KESCESC[KOO[KBB[K       \b     backspace[m
[7m Manual page tr(1) line 18 (press h for help or q to quit)[27m[K[K [KESCESC[KOO[KBB[K[m
[7m Manual page tr(1) line 19 (press h for help or q to quit)[27m[K[K [KESCESC[KOO[KBB[K       \f     form feed[m
[7m Manual page tr(1) line 20 (press h for help or q to quit)[27m[K[K [KESCESC[KOO[KBB[K[m
[7m Manual page tr(1) line 21 (press h for help or q to quit)[27m[K[K [KESCESC[KOO[KBB[K       \n     new line[m
[7m Manual page tr(1) line 22 (press h for help or q to quit)[27m[K[K [KESCESC[KOO[KBB[K[m
[7m Manual page tr(1) line 23 (press h for help or q to quit)[27m[K[K [KESCESC[KOO[KBB[K       \r     return[m
[7m Manual page tr(1) line 24 (press h for help or q to quit)[27m[K[K [KESCESC[KOO[KBB[K[m
[7m Manual page tr(1) line 25 (press h for help or q to quit)[27m[K[K [KESCESC[KOO[KBB[K       \t     horizontal tab[m
[7m Manual page tr(1) line 26 (press h for help or q to quit)[27m[K[K [KESCESC[KOO[KBB[K[m
[7m Manual page tr(1) line 27 (press h for help or q to quit)[27m[K[K [KESCESC[KOO[KBB[K       \v     vertical tab[m
[7m Manual page tr(1) line 28 (press h for help or q to quit)[27m[K[K [KESCESC[KOO[KBB[K[m
[7m Manual page tr(1) line 29 (press h for help or q to quit)[27m[K[K [KESCESC[KOO[KBB[K       CHAR1-CHAR2[m
[7m Manual page tr(1) line 30 (press h for help or q to quit)[27m[K[K [KESCESC[KOO[KBB[K              all characters from CHAR1 to CHAR2 in ascending order[m
[7m Manual page tr(1) line 31 (press h for help or q to quit)[27m[K[K [KESCESC[KOO[KBB[K[m
[7m Manual page tr(1) line 32 (press h for help or q to quit)[27m[K[K [KESCESC[KOO[KBB[K       [CHAR*][m
[7m Manual page tr(1) line 33 (press h for help or q to quit)[27m[K[K [KESCESC[KOO[KBB[K              in SET2, copies of CHAR until length of SET1[m
[7m Manual page tr(1) line 34 (press h for help or q to quit)[27m[K[K [KESCESC[KOO[KBB[K[m
[7m Manual page tr(1) line 35 (press h for help or q to quit)[27m[K[K [KESCESC[KOO[KBB[K       [CHAR*REPEAT][m
[7m Manual page tr(1) line 36 (press h for help or q to quit)[27m[K[K [KESCESC[KOO[KBB[K              REPEAT copies of CHAR, REPEAT octal if starting with 0[m
[7m Manual page tr(1) line 37 (press h for help or q to quit)[27m[K[K [KESCESC[KOO[KBB[K[m
[7m Manual page tr(1) line 38 (press h for help or q to quit)[27m[K[K [KESCESC[KOO[KBB[K       [:alnum:][m
[7m Manual page tr(1) line 39 (press h for help or q to quit)[27m[K[K [KESCESC[KOO[KBB[K              all letters and digits[m
[7m Manual page tr(1) line 40 (press h for help or q to quit)[27m[K[K [KESCESC[KOO[KBB[K[m
[7m Manual page tr(1) line 41 (press h for help or q to quit)[27m[K[K [KESCESC[KOO[KBB[K       [:alpha:][m
[7m Manual page tr(1) line 42 (press h for help or q to quit)[27m[K[K [KESCESC[KOO[KBB[K              all letters[m
[7m Manual page tr(1) line 43 (press h for help or q to quit)[27m[K[K [KESCESC[KOO[KBB[K[m
[7m Manual page tr(1) line 44 (press h for help or q to quit)[27m[K[K [KESCESC[KOO[KBB[K       [:blank:][m
[7m Manual page tr(1) line 45 (press h for help or q to quit)[27m[K[K [KESCESC[KOO[KBB[K              all horizontal whitespace[m
[7m Manual page tr(1) line 46 (press h for help or q to quit)[27m[K[K [KESCESC[KOO[KBB[K[m
[7m Manual page tr(1) line 47 (press h for help or q to quit)[27m[K[K [KESCESC[KOO[KBB[K       [:cntrl:][m
[7m Manual page tr(1) line 48 (press h for help or q to quit)[27m[K[K [KESCESC[KOO[KBB[K              all control characters[m
[7m Manual page tr(1) line 49 (press h for help or q to quit)[27m[K[K [KESCESC[KOO[KBB[K[m
[7m Manual page tr(1) line 50 (press h for help or q to quit)[27m[K[K [KESCESC[KOO[KBB[K       [:digit:][m
[7m Manual page tr(1) line 51 (press h for help or q to quit)[27m[K[K [KESCESC[KOO[KBB[K              all digits[m
[7m Manual page tr(1) line 52 (press h for help or q to quit)[27m[K[K [KESCESC[KOO[KBB[K[m
[7m Manual page tr(1) line 53 (press h for help or q to quit)[27m[K[K [KESCESC[KOO[KBB[K       [:graph:][m
[7m Manual page tr(1) line 54 (press h for help or q to quit)[27m[K[K [KESCESC[KOO[KBB[K              all printable characters, not including space[m
[7m Manual page tr(1) line 55 (press h for help or q to quit)[27m[K[K [KESCESC[KOO[KBB[K[m
[7m Manual page tr(1) line 56 (press h for help or q to quit)[27m[K[K [KESCESC[KOO[KBB[K       [:lower:][m
[7m Manual page tr(1) line 57 (press h for help or q to quit)[27m[K[K [KESCESC[KOO[KBB[K              all lower case letters[m
[7m Manual page tr(1) line 58 (press h for help or q to quit)[27m[K[K [KESCESC[KOO[KBB[K[m
[7m Manual page tr(1) line 59 (press h for help or q to quit)[27m[K[K [KESCESC[KOO[KBB[K       [:print:][m
[7m Manual page tr(1) line 60 (press h for help or q to quit)[27m[K[K [KESCESC[KOO[KBB[K              all printable characters, including space[m
[7m Manual page tr(1) line 61 (press h for help or q to quit)[27m[K[K [KESCESC[KOO[KBB[K[m
[7m Manual page tr(1) line 62 (press h for help or q to quit)[27m[K[K [KESCESC[KOO[KBB[K       [:punct:][m
[7m Manual page tr(1) line 63 (press h for help or q to quit)[27m[K[K [KESCESC[KOO[KBB[K              all punctuation characters[m
[7m Manual page tr(1) line 64 (press h for help or q to quit)[27m[K[K [KESCESC[KOO[KBB[K[m
[7m Manual page tr(1) line 65 (press h for help or q to quit)[27m[K[K [KESCESC[KOO[KBB[K       [:space:][m
[7m Manual page tr(1) line 66 (press h for help or q to quit)[27m[K[K [KESCESC[KOO[KBB[K              all horizontal or vertical whitespace[m
[7m Manual page tr(1) line 67 (press h for help or q to quit)[27m[K[K [KESCESC[KOO[KBB[K[m
[7m Manual page tr(1) line 68 (press h for help or q to quit)[27m[K[K [KESCESC[KOO[KBB[K       [:upper:][m
[7m Manual page tr(1) line 69 (press h for help or q to quit)[27m[K[K [KESCESC[KOO[KBB[K              all upper case letters[m
[7m Manual page tr(1) line 70 (press h for help or q to quit)[27m[K[K [KESCESC[KOO[KBB[K[m
[7m Manual page tr(1) line 71 (press h for help or q to quit)[27m[K[K [KESCESC[KOO[KBB[K       [:xdigit:][m
[7m Manual page tr(1) line 72 (press h for help or q to quit)[27m[K[K [KESCESC[KOO[KBB[K              all hexadecimal digits[m
[7m Manual page tr(1) line 73 (press h for help or q to quit)[27m[K[K [KESCESC[KOO[KBB[K[m
[7m Manual page tr(1) line 74 (press h for help or q to quit)[27m[K[K [KESCESC[KOO[KBB[K       [=CHAR=][m
[7m Manual page tr(1) line 75 (press h for help or q to quit)[27m[K[K [KESCESC[KOO[KBB[K              all characters which are equivalent to CHAR[m
[7m Manual page tr(1) line 76 (press h for help or q to quit)[27m[K[K [KESCESC[KOO[KBB[K[m
[7m Manual page tr(1) line 77 (press h for help or q to quit)[27m[K[K [KESCESC[KOO[KBB[K       Translation occurs if [1m-d[0m is not given and both SET1 and SET2 appear.  [1m-t[0m may be used[m
[7m Manual page tr(1) line 78 (press h for help or q to quit)[27m[K[K [KESCESC[KOO[KBB[K       only  when  translating.   SET2  is extended to length of SET1 by repeating its last[m
[7m Manual page tr(1) line 79 (press h for help or q to quit)[27m[K[K [KESCESC[KOO[KBB[K       character as necessary.  Excess characters of SET2 are ignored.  Only [:lower:]  and[m
[7m Manual page tr(1) line 80 (press h for help or q to quit)[27m[K[K [KESCESC[KOO[KBB[K       [:upper:]  are guaranteed to expand in ascending order; used in SET2 while translat‐[m
[7m Manual page tr(1) line 81 (press h for help or q to quit)[27m[K[K [KESCESC[KOO[KAA[K[HM              all lower case letters[m
[24;1H[K[7m Manual page tr(1) line 80 (press h for help or q to quit)[27m[K[K [KESCESC[KOO[KAA[K[HM       [:lower:][m
[24;1H[K[7m Manual page tr(1) line 79 (press h for help or q to quit)[27m[K[K [KESCESC[KOO[KAA[K[HM[m
[24;1H[K[7m Manual page tr(1) line 78 (press h for help or q to quit)[27m[K[K [KESCESC[KOO[KAA[K[HM              all printable characters, not including space[m
[24;1H[K[7m Manual page tr(1) line 77 (press h for help or q to quit)[27m[K[K [KESCESC[KOO[KAA[K[HM       [:graph:][m
[24;1H[K[7m Manual page tr(1) line 76 (press h for help or q to quit)[27m[K[K [KESCESC[KOO[KAA[K[HM[m
[24;1H[K[7m Manual page tr(1) line 75 (press h for help or q to quit)[27m[K[K [KESCESC[KOO[KAA[K[HM              all digits[m
[24;1H[K[7m Manual page tr(1) line 74 (press h for help or q to quit)[27m[K[K [KESCESC[KOO[KAA[K[HM       [:digit:][m
[24;1H[K[7m Manual page tr(1) line 73 (press h for help or q to quit)[27m[K[K [KESCESC[KOO[KAA[K[HM[m
[24;1H[K[7m Manual page tr(1) line 72 (press h for help or q to quit)[27m[K[K [KESCESC[KOO[KAA[K[HM              all control characters[m
[24;1H[K[7m Manual page tr(1) line 71 (press h for help or q to quit)[27m[K[K [KESCESC[KOO[KAA[K[HM       [:cntrl:][m
[24;1H[K[7m Manual page tr(1) line 70 (press h for help or q to quit)[27m[K[K [KESCESC[KOO[KAA[K[HM[m
[24;1H[K[7m Manual page tr(1) line 69 (press h for help or q to quit)[27m[K[K [KESCESC[KOO[KAA[K[HM              all horizontal whitespace[m
[24;1H[K[7m Manual page tr(1) line 68 (press h for help or q to quit)[27m[K[K [KESCESC[KOO[KAA[K[HM       [:blank:][m
[24;1H[K[7m Manual page tr(1) line 67 (press h for help or q to quit)[27m[K[K [KESCESC[KOO[KAA[K[HM[m
[24;1H[K[7m Manual page tr(1) line 66 (press h for help or q to quit)[27m[K[K [KESCESC[KOO[KAA[K[HM              all letters[m
[24;1H[K[7m Manual page tr(1) line 65 (press h for help or q to quit)[27m[K[K [KESCESC[KOO[KAA[K[HM       [:alpha:][m
[24;1H[K[7m Manual page tr(1) line 64 (press h for help or q to quit)[27m[K[K [KESCESC[KOO[KAA[K[HM[m
[24;1H[K[7m Manual page tr(1) line 63 (press h for help or q to quit)[27m[K[K [KESCESC[KOO[KAA[K[HM              all letters and digits[m
[24;1H[K[7m Manual page tr(1) line 62 (press h for help or q to quit)[27m[K[K [KESCESC[KOO[KAA[K[HM       [:alnum:][m
[24;1H[K[7m Manual page tr(1) line 61 (press h for help or q to quit)[27m[K[K [KESCESC[KOO[KAA[K[HM[m
[24;1H[K[7m Manual page tr(1) line 60 (press h for help or q to quit)[27m[K[K [KESCESC[KOO[KAA[K[HM              REPEAT copies of CHAR, REPEAT octal if starting with 0[m
[24;1H[K[7m Manual page tr(1) line 59 (press h for help or q to quit)[27m[K[K [KESCESC[KOO[KAA[K[HM       [CHAR*REPEAT][m
[24;1H[K[7m Manual page tr(1) line 58 (press h for help or q to quit)[27m[K[K [KESCESC[KOO[KAA[K[HM[m
[24;1H[K[7m Manual page tr(1) line 57 (press h for help or q to quit)[27m[K[K [KESCESC[KOO[KAA[K[HM              in SET2, copies of CHAR until length of SET1[m
[24;1H[K[7m Manual page tr(1) line 56 (press h for help or q to quit)[27m[K[K [KESCESC[KOO[KAA[K[HM       [CHAR*][m
[24;1H[K[7m Manual page tr(1) line 55 (press h for help or q to quit)[27m[K[K [KESCESC[KOO[KAA[K[HM[m
[24;1H[K[7m Manual page tr(1) line 54 (press h for help or q to quit)[27m[K[K [KESCESC[KOO[KAA[K[HM              all characters from CHAR1 to CHAR2 in ascending order[m
[24;1H[K[7m Manual page tr(1) line 53 (press h for help or q to quit)[27m[K[K[?1l>[?1049l[23;0;0tmmuffol1@g7-06:/import/linux/home1/mmuffol1/i240a/submit/lab6/exercises/dir$ man tr
[?1049h[22;0;0t[?1h=TR(1)                                  User Commands                                  TR(1)[m
[m
[1mNAME[0m[m
       tr - translate or delete characters[m
[m
[1mSYNOPSIS[0m[m
       [1mtr[0m [[4mOPTION[24m]... [4mSET1[24m [[4mSET2[24m][m
[m
[1mDESCRIPTION[0m[m
       Translate,  squeeze,  and/or delete characters from standard input, writing to stan‐[m
       dard output.[m
[m
       [1m-c[0m, [1m-C[0m, [1m--complement[0m[m
              use the complement of SET1[m
[m
       [1m-d[0m, [1m--delete[0m[m
              delete characters in SET1, do not translate[m
[m
       [1m-s[0m, [1m--squeeze-repeats[0m[m
              replace each sequence of a repeated character that  is  listed  in  the  last[m
              specified SET, with a single occurrence of that character[m
[m
       [1m-t[0m, [1m--truncate-set1[0m[m
[7m Manual page tr(1) line 1 (press h for help or q to quit)[27m[K[K[?1l>[?1049l[23;0;0tmmuffol1@g7-06:/import/linux/home1/mmuffol1/i240a/submit/lab6/exercises/dir$ ls [K | tr [a-z][K[K[K[K:lower:]  [uppe[K[K[K[K:upper:]
BIN-C.LOG
CAT.LOG
D.C
LS.LOG
T1.C
T1.S
T2.C
T2.S1
T3
V1.S
V.C
mmuffol1@g7-06:/import/linux/home1/mmuffol1/i240a/submit/lab6/exercises/dir$ cd ..
mmuffol1@g7-06:/import/linux/home1/mmuffol1/i240a/submit/lab6/exercises$ cd 4-quoting
mmuffol1@g7-06:/import/linux/home1/mmuffol1/i240a/submit/lab6/exercises/4-quoting$ echo //[K[K\\
\
mmuffol1@g7-06:/import/linux/home1/mmuffol1/i240a/submit/lab6/exercises/4-quoting$ echo \;[K'
'
mmuffol1@g7-06:/import/linux/home1/mmuffol1/i240a/submit/lab6/exercises/4-quoting$ echo \ *[K[K*
*
mmuffol1@g7-06:/import/linux/home1/mmuffol1/i240a/submit/lab6/exercises/4-quoting$ echo\*[K$HOME/ [A[C[C[C[C[C[C[C[C[C[C[C[C[C[C[C[C[C[C[C[C[C[C[C[C[C[C[C[C[C[C[C[C[C[C[C[C[C[C[C[C[C[C[C[C[C[C[C[C[C[C[C[C[C[C[C[C[C[C[C[C[C[C[C[C[C[C[C[C[C[C[C[C[C[C[C[C[C[C[C[C[C[C[C[C[C[C[C[C[C[C[C[C[C[K
[K[A[C[C[C[C[C[C[C[C[C[C[C[C[C[C[C[C[C[C[C[C[C[C[C[C[C[C[C[C[C[C[C[C[C[C[C[C[C[C[C[C[C[C[C[C[C[C[C[C[C[C[C[C[C[C[C[C[C[C[C[C[C[C[C[C[C[C[C[C[C[C[C[C[C[C[C[C[C[C[C[C[C[C[C[C[C[C[C[C[C[C[C[C[C\ "\\
bash: echo$HOME"\: command not found
mmuffol1@g7-06:/import/linux/home1/mmuffol1/i240a/submit/lab6/exercises/4-quoting$ echo\$HOME\"\\[A[C[C[C[C[C[C[C[C[C[C[C[C[C[C[C[C[C[C[C[C[C[C[C[C[C[C[C[C[C[C[C[C[C[C[C[C[C[C[C[C[C[C[C[C[C[C[C[C[C[C[C[C[C[C[C[C[C[C[C[C[C[C[C[C[C[C[C[C[C[C[C[C[C[C[C[C[C[C[C[C[C[C[C[C[C[C[C[C[C[C[C[C[C \$HOME\"\\[A[C[C[C[C[C[C[C[C[C[C[C[C[C[C[C[C[C[C[C[C[C[C[C[C[C[C[C[C[C[C[C[C[C[C[C[C[C[C[C[C[C[C[C[C[C[C[C[C[C[C[C[C[C[C[C[C[C[C[C[C[C[C[C[C[C[C[C[C[C[C[C[C[C[C[C[C[C[C[C[C[C[C[C[C

$HOME"\
mmuffol1@g7-06:/import/linux/home1/mmuffol1/i240a/submit/lab6/exercises/4-quoting$ echo '\'
\
mmuffol1@g7-06:/import/linux/home1/mmuffol1/i240a/submit/lab6/exercises/4-quoting$ echo '\\'
\\
mmuffol1@g7-06:/import/linux/home1/mmuffol1/i240a/submit/lab6/exercises/4-quoting$ echo '*$~'
*$~
mmuffol1@g7-06:/import/linux/home1/mmuffol1/i240a/submit/lab6/exercises/4-quoting$ echo '\;;[K[K''
> ;[K'
\

mmuffol1@g7-06:/import/linux/home1/mmuffol1/i240a/submit/lab6/exercises/4-quoting$ echo "/"[K[K\"\\" [A[C[C[C[C[C[C[C[C[C[C[C[C[C[C[C[C[C[C[C[C[C[C[C[C[C[C[C[C[C[C[C[C[C[C[C[C[C[C[C[C[C[C[C[C[C[C[C[C[C[C[C[C[C[C[C[C[C[C[C[C[C[C[C[C[C[C[C[C[C[C[C[C[C[C[C[C[C[C[C[C[C[C[C[C[C[C[C[C[C[C[C[C[C[K"
"\
mmuffol1@g7-06:/import/linux/home1/mmuffol1/i240a/submit/lab6/exercises/4-quoting$ echo "$HOME "
/home/mmuffol1
mmuffol1@g7-06:/import/linux/home1/mmuffol1/i240a/submit/lab6/exercises/4-quoting$ echo \
> abc 
abc
mmuffol1@g7-06:/import/linux/home1/mmuffol1/i240a/submit/lab6/exercises/4-quoting$ echo abc "$HOME"[A[C[C[C[C[C[C[C[C[C[C[C[C[C[C[C[C[C[C[C[C[C[C[C[C[C[C[C[C[C[C[C[C[C[C[C[C[C[C[C[C[C[C[C[C[C[C[C[C[C[C[C[C[C[C[C[C[C[C[C[C[C[C[C[C[C[C[C[C[C[C[C[C[C[C[C[C[C[C[C[C[C[C[C[C[C[C[C[2Pabc 
[K[A[C[C[C[C[C[C[C[C[C[C[C[C[C[C[C[C[C[C[C[C[C[C[C[C[C[C[C[C[C[C[C[C[C[C[C[C[C[C[C[C[C[C[C[C[C[C[C[C[C[C[C[C[C[C[C[C[C[C[C[C[C[C[C[C[C[C[C[C[C[C[C[C[C[C[C[C[C[C[C[C[C[C[C[C[C[C[C[C[C[C[C[C[Kecho abc [K[K[K[K[K[K[K[K[Kecho \
> abc \
> 123
abc 123
mmuffol1@g7-06:/import/linux/home1/mmuffol1/i240a/submit/lab6/exercises/4-quoting$ ls *'$'
ls: cannot access '*$': No such file or directory
mmuffol1@g7-06:/import/linux/home1/mmuffol1/i240a/submit/lab6/exercises/4-quoting$ ls *'$'[1P'$'[C[C[C*
ls: cannot access '$*': No such file or directory
mmuffol1@g7-06:/import/linux/home1/mmuffol1/i240a/submit/lab6/exercises/4-quoting$ ls '$'**'$'*
'1$2'  'a$b'
mmuffol1@g7-06:/import/linux/home1/mmuffol1/i240a/submit/lab6/exercises/4-quoting$ ls *"'"*
"'12"  "a'b"
mmuffol1@g7-06:/import/linux/home1/mmuffol1/i240a/submit/lab6/exercises/4-quoting$ li[Ks *'\'*
'\\ab'
mmuffol1@g7-06:/import/linux/home1/mmuffol1/i240a/submit/lab6/exercises/4-quoting$ ls ??
-rw-r----- 1 mmuffol1 mmuffol1 0 Mar 12 12:08 '**'
mmuffol1@g7-06:/import/linux/home1/mmuffol1/i240a/submit/lab6/exercises/4-quoting$ ls ??[C ??- ??- ??
'**'   -l
mmuffol1@g7-06:/import/linux/home1/mmuffol1/i240a/submit/lab6/exercises/4-quoting$ exit

Script done on 2020-03-12 18:12:48-04:00 [COMMAND_EXIT_CODE="0"]
