Script started on 2020-02-26 21:22:18-05:00 [TERM="xterm-256color" TTY="/dev/pts/0" COLUMNS="104" LINES="49"]
bash: /home/umrigar/cs240/bin/student.rc: Permission denied
mmuffol1@remote02:~/i240a/submit/lab5$ git [K[K[K[Kcd exercises/;an[K[K[Klab[K[K[Kan[K[K1-animal
mmuffol1@remote02:~/i240a/submit/lab5/exercises/1-animal$ make -f ../Makefile
g++ -MT main.o -MMD -MP -MF .deps/main.d -g -Wall -std=c++17 -c main.cc
[01m[Kmain.cc:[m[K In function â€˜[01m[Kint main(int, char**)[m[Kâ€™:
[01m[Kmain.cc:10:24:[m[K [01;31m[Kerror: [m[Kinvalid abstract type â€˜[01m[KAnimal[m[Kâ€™ for â€˜[01m[Kanimals[m[Kâ€™
   const Animal animals[[01;31m[K][m[K = { fido, fluffy };
                        [01;31m[K^[m[K
In file included from [01m[Kmain.cc:1[m[K:
[01m[Kanimal.hh:3:7:[m[K [01;36m[Knote: [m[K  because the following virtual functions are pure within â€˜[01m[KAnimal[m[Kâ€™:
 class [01;36m[KAnimal[m[K {
       [01;36m[K^~~~~~[m[K
[01m[Kanimal.hh:8:23:[m[K [01;36m[Knote: [m[K	â€˜[01m[Kvirtual std::__cxx11::string Animal::says() const[m[Kâ€™
   virtual std::string [01;36m[Ksays[m[K()  const = 0;
                       [01;36m[K^~~~[m[K
[01m[Kmain.cc:10:43:[m[K [01;31m[Kerror: [m[Kcannot allocate an object of abstract type â€˜[01m[KAnimal[m[Kâ€™
   const Animal animals[] = { fido, fluffy [01;31m[K}[m[K;
                                           [01;31m[K^[m[K
[01m[Kmain.cc:10:43:[m[K [01;31m[Kerror: [m[Kcannot allocate an object of abstract type â€˜[01m[KAnimal[m[Kâ€™
[01m[Kmain.cc:11:25:[m[K [01;31m[Kerror: [m[Kconflicting declaration â€˜[01m[Kconst Animal* animals [][m[Kâ€™
   const Animal *animals[[01;31m[K][m[K = {
                         [01;31m[K^[m[K
[01m[Kmain.cc:10:16:[m[K [01;36m[Knote: [m[Kprevious declaration as â€˜[01m[Kconst Animal animals [2][m[Kâ€™
   const Animal [01;36m[Kanimals[m[K[] = { fido, fluffy };
                [01;36m[K^~~~~~~[m[K
[01m[Kmain.cc:19:23:[m[K [01;31m[Kerror: [m[Kcannot allocate an object of abstract type â€˜[01m[KAnimal[m[Kâ€™
   for (auto animalP : [01;31m[Kanimals[m[K) {
                       [01;31m[K^~~~~~~[m[K
[01m[Kmain.cc:19:13:[m[K [01;31m[Kerror: [m[Kcannot declare variable â€˜[01m[KanimalP[m[Kâ€™ to be of abstract type â€˜[01m[KAnimal[m[Kâ€™
   for (auto [01;31m[KanimalP[m[K : animals) {
             [01;31m[K^~~~~~~[m[K
[01m[Kmain.cc:20:19:[m[K [01;31m[Kerror: [m[Kbase operand of â€˜[01m[K->[m[Kâ€™ has non-pointer type â€˜[01m[KAnimal[m[Kâ€™
     out << animalP[01;31m[K->[m[Kname << " says " << animalP->says() << std::endl;
                   [01;31m[K^~[m[K
[01m[Kmain.cc:20:48:[m[K [01;31m[Kerror: [m[Kbase operand of â€˜[01m[K->[m[Kâ€™ has non-pointer type â€˜[01m[KAnimal[m[Kâ€™
     out << animalP->name << " says " << animalP[01;31m[K->[m[Ksays() << std::endl;
                                                [01;31m[K^~[m[K
make: *** [../Makefile:48: main.o] Error 1
mmuffol1@remote02:~/i240a/submit/lab5/exercises/1-animal$ vim[K[K[Kvim main.cc
[?1000h[?2004h[?1049h[22;0;0t[?1h=[?2004h[1;49r[?12h[?12l[22;2t[22;1t[27m[23m[29m[m[H[2J[?25l[49;1H"main.cc" 22L, 489C[2;1Hâ–½[6n[2;1H  [1;1H[>c]10;?]11;?[1;1H[35m#include [m[31m"animal.hh"[m

[35m#include [m[31m<iostream>[m

[32mint[m main([32mint[m argc, [32mchar[m* argv[]) {
  std::ostream& out = std::cout;
  Cat fluffy([31m"fluffy"[m), simba([31m"simba"[m);
  Dog fido([31m"fido"[m), rufus([31m"rufus"[m);
  Cow bossy([31m"bossy"[m), bessie([31m"bessie"[m);
  [32mconst[m Animal animals[] = { fido, fluffy };
  [32mconst[m Animal *animals[] = {
    &bessie,
    &bossy,
    &fido,
    &fluffy,
    &rufus,
    &simba,
  };
  [38;5;130mfor[m ([32mauto[m animalP : animals) {
    out << animalP->name << [31m" says "[m << animalP->says() << std::endl;
  }
}
[94m~                                                                                                       [24;1H~                                                                                                       [25;1H~                                                                                                       [26;1H~                                                                                                       [27;1H~                                                                                                       [28;1H~                                                                                                       [29;1H~                                                                                                       [30;1H~                                                                                                       [31;1H~                                                                                                       [32;1H~                                                                                                       [33;1H~                                                                                                       [34;1H~                                                                                                       [35;1H~                                                                                                       [36;1H~                                                                                                       [37;1H~                                                                                                       [38;1H~                                                                                                       [39;1H~                                                                                                       [40;1H~                                                                                                       [41;1H~                                                                                                       [42;1H~                                                                                                       [43;1H~                                                                                                       [44;1H~                                                                                                       [45;1H~                                                                                                       [46;1H~                                                                                                       [47;1H~                                                                                                       [48;1H~                                                                                                       [m[49;87H1,1[11CAll[1;1H[?25h[?25l[49;77H^[[1;1H[49;77H  [1;1H[49;77H^[[1;1H[49;79H[[1;1H[49;80H2[1;1H[49;77H    [1;1H[49;77H^[[1;1H[49;79H[[1;1H[49;80H2[1;1H[49;81H;[1;1H[49;77H     [1;1H[49;77H^[[1;1H[49;79H[[1;1H[49;80H2[1;1H[49;81H;[1;1H[49;82H2[1;1H[49;77H      [1;1H[?25h[?25l[49;77Hi[1;1H[49;77H [1;1H[49;1H[1m-- INSERT --[m[49;13H[K[49;87H1,1[11CAll[1;1H[?25h[?25l[49;87H2[2;1H[?25h[?25l[49;87H3[3;1H[?25h[?25l[49;87H4[4;1H[?25h[?25l[49;87H5[5;1H[?25h[?25l[49;89H2[5;2H[?25h[?25l[49;89H3[5;3H[?25h[?25l[49;87H6[6;3H[?25h[?25l[49;87H7[7;3H[?25h[?25l[49;89H4[7;4H[?25h[?25l[49;87H8[8;4H[?25h[?25l[49;87H9[9;4H[?25h[?25l[49;87H10,4[10;4H[?25h[?25l[49;88H1[11;4H[?25h[?25l[49;90H5[11;5H[?25h[?25l[49;90H6[11;6H[?25h[?25l[49;90H7[11;7H[?25h[?25l[49;90H8[11;8H[?25h[?25l[49;90H9[11;9H[?25h[?25l[49;90H10[11;10H[?25h[?25l[49;91H1[11;11H[?25h[?25l[49;91H2[11;12H[?25h[?25l[49;91H3[11;13H[?25h[?25l[49;91H4[11;14H[?25h[?25l[49;91H5[11;15H[?25h[?25l[49;91H6[11;16H[?25h[?25l[49;91H7[11;17H[?25h[?25lanimals[] = {[11;29H[K[49;91H6[11;16H[?25h[49;1H[K[11;15H[?25l[49;77H^[[11;15H[49;77H  [11;16H[49;87H11,15[9CAll[11;15H[?25h[?25l[49;77H:[11;15H[49;77H[K[49;1H:[?2004h[?25hw[?25l[?25h[?25l"main.cc" 22L, 488C written[11;15H[49;87H11,15[9CAll[49;87H[K[49;87H11,15[9CAll[11;15H[?25h[?25l[49;77H:[11;15H[49;1H[K[49;1H:[?2004h[?25hq[?25l[?25h[?25l[?1000l[?2004l[23;2t[23;1t[22;2t[22;1t[23;2t[23;1t[49;1H[K[49;1H[?2004l[?1l>[?25h[?1049l[23;0;0tmmuffol1@remote02:~/i240a/submit/lab5/exercises/1-animal$ vim main.ccmake -f ../Makefile
g++ -MT main.o -MMD -MP -MF .deps/main.d -g -Wall -std=c++17 -c main.cc
[01m[Kmain.cc:[m[K In function â€˜[01m[Kint main(int, char**)[m[Kâ€™:
[01m[Kmain.cc:10:24:[m[K [01;31m[Kerror: [m[Kinvalid abstract type â€˜[01m[KAnimal[m[Kâ€™ for â€˜[01m[Kanimals[m[Kâ€™
   const Animal animals[[01;31m[K][m[K = { fido, fluffy };
                        [01;31m[K^[m[K
In file included from [01m[Kmain.cc:1[m[K:
[01m[Kanimal.hh:3:7:[m[K [01;36m[Knote: [m[K  because the following virtual functions are pure within â€˜[01m[KAnimal[m[Kâ€™:
 class [01;36m[KAnimal[m[K {
       [01;36m[K^~~~~~[m[K
[01m[Kanimal.hh:8:23:[m[K [01;36m[Knote: [m[K	â€˜[01m[Kvirtual std::__cxx11::string Animal::says() const[m[Kâ€™
   virtual std::string [01;36m[Ksays[m[K()  const = 0;
                       [01;36m[K^~~~[m[K
[01m[Kmain.cc:10:43:[m[K [01;31m[Kerror: [m[Kcannot allocate an object of abstract type â€˜[01m[KAnimal[m[Kâ€™
   const Animal animals[] = { fido, fluffy [01;31m[K}[m[K;
                                           [01;31m[K^[m[K
[01m[Kmain.cc:10:43:[m[K [01;31m[Kerror: [m[Kcannot allocate an object of abstract type â€˜[01m[KAnimal[m[Kâ€™
[01m[Kmain.cc:11:24:[m[K [01;31m[Kerror: [m[Kinvalid abstract type â€˜[01m[KAnimal[m[Kâ€™ for â€˜[01m[Kanimals[m[Kâ€™
   const Animal animals[[01;31m[K][m[K = {
                        [01;31m[K^[m[K
[01m[Kmain.cc:11:24:[m[K [01;31m[Kerror: [m[Kredeclaration of â€˜[01m[Kconst Animal animals [][m[Kâ€™
[01m[Kmain.cc:10:16:[m[K [01;36m[Knote: [m[Kâ€˜[01m[Kconst Animal animals [2][m[Kâ€™ previously declared here
   const Animal [01;36m[Kanimals[m[K[] = { fido, fluffy };
                [01;36m[K^~~~~~~[m[K
[01m[Kmain.cc:19:23:[m[K [01;31m[Kerror: [m[Kcannot allocate an object of abstract type â€˜[01m[KAnimal[m[Kâ€™
   for (auto animalP : [01;31m[Kanimals[m[K) {
                       [01;31m[K^~~~~~~[m[K
[01m[Kmain.cc:19:13:[m[K [01;31m[Kerror: [m[Kcannot declare variable â€˜[01m[KanimalP[m[Kâ€™ to be of abstract type â€˜[01m[KAnimal[m[Kâ€™
   for (auto [01;31m[KanimalP[m[K : animals) {
             [01;31m[K^~~~~~~[m[K
[01m[Kmain.cc:20:19:[m[K [01;31m[Kerror: [m[Kbase operand of â€˜[01m[K->[m[Kâ€™ has non-pointer type â€˜[01m[KAnimal[m[Kâ€™
     out << animalP[01;31m[K->[m[Kname << " says " << animalP->says() << std::endl;
                   [01;31m[K^~[m[K
[01m[Kmain.cc:20:48:[m[K [01;31m[Kerror: [m[Kbase operand of â€˜[01m[K->[m[Kâ€™ has non-pointer type â€˜[01m[KAnimal[m[Kâ€™
     out << animalP->name << " says " << animalP[01;31m[K->[m[Ksays() << std::endl;
                                                [01;31m[K^~[m[K
make: *** [../Makefile:48: main.o] Error 1
mmuffol1@remote02:~/i240a/submit/lab5/exercises/1-animal$ make -f ../Makefile[8Pvim main.cc
[?1000h[?2004h[?1049h[22;0;0t[?1h=[?2004h[1;49r[?12h[?12l[22;2t[22;1t[27m[23m[29m[m[H[2J[?25l[49;1H"main.cc" 22L, 488C[2;1Hâ–½[6n[2;1H  [1;1H[>c]10;?]11;?[1;1H[35m#include [m[31m"animal.hh"[m

[35m#include [m[31m<iostream>[m

[32mint[m main([32mint[m argc, [32mchar[m* argv[]) {
  std::ostream& out = std::cout;
  Cat fluffy([31m"fluffy"[m), simba([31m"simba"[m);
  Dog fido([31m"fido"[m), rufus([31m"rufus"[m);
  Cow bossy([31m"bossy"[m), bessie([31m"bessie"[m);
  [32mconst[m Animal animals[] = { fido, fluffy };
  [32mconst[m Animal animals[] = {
    &bessie,
    &bossy,
    &fido,
    &fluffy,
    &rufus,
    &simba,
  };
  [38;5;130mfor[m ([32mauto[m animalP : animals) {
    out << animalP->name << [31m" says "[m << animalP->says() << std::endl;
  }
}
[94m~                                                                                                       [24;1H~                                                                                                       [25;1H~                                                                                                       [26;1H~                                                                                                       [27;1H~                                                                                                       [28;1H~                                                                                                       [29;1H~                                                                                                       [30;1H~                                                                                                       [31;1H~                                                                                                       [32;1H~                                                                                                       [33;1H~                                                                                                       [34;1H~                                                                                                       [35;1H~                                                                                                       [36;1H~                                                                                                       [37;1H~                                                                                                       [38;1H~                                                                                                       [39;1H~                                                                                                       [40;1H~                                                                                                       [41;1H~                                                                                                       [42;1H~                                                                                                       [43;1H~                                                                                                       [44;1H~                                                                                                       [45;1H~                                                                                                       [46;1H~                                                                                                       [47;1H~                                                                                                       [48;1H~                                                                                                       [m[49;87H11,15[9CAll[11;15H[?25h[?25l[49;77H^[[11;15H[49;77H  [11;15H[49;77H^[[11;15H[49;79H[[11;15H[49;77H   [11;15H[49;77H^[[11;15H[49;79H[[11;15H[49;80H2[11;15H[49;77H    [11;15H[49;77H^[[11;15H[49;79H[[11;15H[49;80H2[11;15H[49;81H;[11;15H[49;77H     [11;15H[49;77H^[[11;15H[49;79H[[11;15H[49;80H2[11;15H[49;81H;[11;15H[49;82H2[11;15H[49;77H      [11;15H[?25h[?25l[49;77H~@k[11;15H[49;77H   [10;15H[49;88H0[10;15H[?25h[?25l[49;77H~@k[10;15H[49;77H   [11;15H[49;88H1[11;15H[?25h[?25l[49;77H~@k[11;15H[49;77H   [11;16H[49;91H6[11;16H[?25h[?25l[49;77H*[11;16H[49;1H/\<animals\>[49;13H[K[49;1H[19;23H[49;87H19,23[9CAll[19;23H[?25h[?25l[49;77H~@k[19;23H[49;77H   [19;24H[49;91H4[19;24H[?25h[?25l[49;77H~@k[19;24H[49;77H   [20;24H[49;87H20[20;24H[?25h[?25l[49;77H~@k[20;24H[49;77H   [20;23H[49;91H3[20;23H[?25h[?25l[49;77H~@k[20;23H[49;77H   [21;3H[19;32H[106m{

[m  [106m}[m[49;88H1,3 [21;3H[?25h[?25l[49;77H~@k[21;3H[49;77H   [22;1H[5;34H[106m{[m[19;32H{

  }
[106m}[m[49;88H2,1[22;1H[?25h[?25l[49;77H~@k[22;1H[49;77H   [22;1H[?25h[?25l[49;77Hi[22;1H[49;77H [22;1H[49;1H[1m-- INSERT --[m[49;87H[K[49;87H22,1[10CAll[22;1H[?25h[?25l[5;34H{[22;1H}[49;88H1[21;1H[?25h[?25l[49;88H0[20;1H[?25h[?25l[49;90H2[20;2H[?25h[?25l[49;90H3[20;3H[?25h[?25l[49;90H4[20;4H[?25h[?25l[49;87H19[19;4H[?25h[?25l[11;28H[106m{[18;3H}[m[49;88H8[18;4H[?25h[?25l[11;28H{[18;3H}[49;88H7[17;4H[?25h[?25l[49;88H6[16;4H[?25h[?25l[49;90H5[16;5H[?25h[?25l[49;90H6[16;6H[?25h[?25l[49;90H7[16;7H[?25h[?25l[49;88H5[15;7H[?25h[?25l[49;88H4[14;7H[?25h[?25l[49;88H3[13;7H[?25h[?25l[49;90H8[13;8H[?25h[?25l[49;88H2[12;8H[?25h[?25l[49;88H1[11;8H[?25h[?25l[49;88H0[10;8H[?25h[?25l[49;90H9[10;9H[?25h[?25l[49;90H10[10;10H[?25h[?25l[49;91H1[10;11H[?25h[?25l[49;91H2[10;12H[?25h[?25l[49;91H3[10;13H[?25h[?25l[49;91H4[10;14H[?25h[?25l[49;91H5[10;15H[?25h[?25l[49;88H1[11;15H[?25h[?25l[49;91H6[11;16H[?25h[?25l*animals[] = {[49;91H7[11;17H[?25h[49;1H[K[11;16H[?25l[49;77H^[[11;16H[49;77H  [11;17H[49;87H11,16[9CAll[11;16H[?25h[?25l[49;77H:[11;16H[49;77H[K[49;1H:[?2004h[?25hq[?25l[?25h[?25l[97m[41mE37: No write since last change (add ! to override)[?2004h[11;16H[m[49;87H11,16[9CAll[11;16H[?25h[?25l[49;77H:[11;16H[49;1H[K[49;1H:[?2004h[?25hq[?25l[?25h![?25l[?25h[?25l[?1000l[?2004l[23;2t[23;1t[22;2t[22;1t[23;2t[23;1t[49;1H[K[49;1H[?2004l[?1l>[?25h[?1049l[23;0;0tmmuffol1@remote02:~/i240a/submit/lab5/exercises/1-animal$ exit

Script done on 2020-02-26 22:12:58-05:00 [COMMAND_EXIT_CODE="0"]
Script started on 2020-02-27 12:17:51-05:00 [TERM="xterm-256color" TTY="/dev/pts/2" COLUMNS="94" LINES="24"]
bash: /home/umrigar/cs240/bin/student.rc: Permission denied
mmuffol1@g7-19:/import/linux/home1/mmuffol1/projects/i240a/submit/lab5$ gedit [K[K[K[K[K[Kcd la[K[K1-animal
bash: cd: 1-animal: No such file or directory
mmuffol1@g7-19:/import/linux/home1/mmuffol1/projects/i240a/submit/lab5$ cd exercises/1-animal
mmuffol1@g7-19:/import/linux/home1/mmuffol1/projects/i240a/submit/lab5/exercises/1-animal$ gei t[K[A[C[C[C[C[C[C[C[C[C[C[C[C[C[C[C[C[C[C[C[C[C[C[C[C[C[C[C[C[C[C[C[C[C[C[C[C[C[C[C[C[C[C[C[C[C[C[C[C[C[C[C[C[C[C[C[C[C[C[C[C[C[C[C[C[C[C[C[C[C[C[C[C[C[C[C[C[C[C[C[C[C[C[C[C[C[C[C[C[C[C[C[C[C[K
[K[A[C[C[C[C[C[C[C[C[C[C[C[C[C[C[C[C[C[C[C[C[C[C[C[C[C[C[C[C[C[C[C[C[C[C[C[C[C[C[C[C[C[C[C[C[C[C[C[C[C[C[C[C[C[C[C[C[C[C[C[C[C[C[C[C[C[C[C[C[C[C[C[C[C[C[C[C[C[C[C[C[C[C[C[C[C[C[C[C[C[C[C[C[Cd it main[K[K[K[K[K[K[K[A[C[C[C[C[C[C[C[C[C[C[C[C[C[C[C[C[C[C[C[C[C[C[C[C[C[C[C[C[C[C[C[C[C[C[C[C[C[C[C[C[C[C[C[C[C[C[C[C[C[C[C[C[C[C[C[C[C[C[C[C[C[C[C[C[C[C[C[C[C[C[C[C[C[C[C[C[C[C[C[C[C[C[C[C[C[C[C[C[C[C[C[C[C[K
[K[A[C[C[C[C[C[C[C[C[C[C[C[C[C[C[C[C[C[C[C[C[C[C[C[C[C[C[C[C[C[C[C[C[C[C[C[C[C[C[C[C[C[C[C[C[C[C[C[C[C[C[C[C[C[C[C[C[C[C[C[C[C[C[C[C[C[C[C[C[C[C[C[C[C[C[C[C[C[C[C[C[C[C[C[C[C[C[C[C[C[C[C[C[C[K[Kmak e -f .//[K[K./Makefile
g++ -MT main.o -MMD -MP -MF .deps/main.d -g -Wall -std=c++17 -c main.cc
[01m[Kmain.cc:[m[K In function â€˜[01m[Kint main(int, char**)[m[Kâ€™:
[01m[Kmain.cc:10:24:[m[K [01;31m[Kerror: [m[Kinvalid abstract type â€˜[01m[KAnimal[m[Kâ€™ for â€˜[01m[Kanimals[m[Kâ€™
   const Animal animals[[01;31m[K][m[K = { fido, fluffy };
                        [01;31m[K^[m[K
In file included from [01m[Kmain.cc:1[m[K:
[01m[Kanimal.hh:3:7:[m[K [01;36m[Knote: [m[K  because the following virtual functions are pure within â€˜[01m[KAnimal[m[Kâ€™:
 class [01;36m[KAnimal[m[K {
       [01;36m[K^~~~~~[m[K
[01m[Kanimal.hh:8:23:[m[K [01;36m[Knote: [m[K	â€˜[01m[Kvirtual std::__cxx11::string Animal::says() const[m[Kâ€™
   virtual std::string [01;36m[Ksays[m[K()  const = 0;
                       [01;36m[K^~~~[m[K
[01m[Kmain.cc:10:43:[m[K [01;31m[Kerror: [m[Kcannot allocate an object of abstract type â€˜[01m[KAnimal[m[Kâ€™
   const Animal animals[] = { fido, fluffy [01;31m[K}[m[K;
                                           [01;31m[K^[m[K
[01m[Kmain.cc:10:43:[m[K [01;31m[Kerror: [m[Kcannot allocate an object of abstract type â€˜[01m[KAnimal[m[Kâ€™
[01m[Kmain.cc:11:24:[m[K [01;31m[Kerror: [m[Kinvalid abstract type â€˜[01m[KAnimal[m[Kâ€™ for â€˜[01m[Kanimals[m[Kâ€™
   const Animal animals[[01;31m[K][m[K = {
                        [01;31m[K^[m[K
[01m[Kmain.cc:11:24:[m[K [01;31m[Kerror: [m[Kredeclaration of â€˜[01m[Kconst Animal animals [][m[Kâ€™
[01m[Kmain.cc:10:16:[m[K [01;36m[Knote: [m[Kâ€˜[01m[Kconst Animal animals [2][m[Kâ€™ previously declared here
   const Animal [01;36m[Kanimals[m[K[] = { fido, fluffy };
                [01;36m[K^~~~~~~[m[K
[01m[Kmain.cc:19:23:[m[K [01;31m[Kerror: [m[Kcannot allocate an object of abstract type â€˜[01m[KAnimal[m[Kâ€™
   for (auto animalP : [01;31m[Kanimals[m[K) {
                       [01;31m[K^~~~~~~[m[K
[01m[Kmain.cc:19:13:[m[K [01;31m[Kerror: [m[Kcannot declare variable â€˜[01m[KanimalP[m[Kâ€™ to be of abstract type â€˜[01m[KAnimal[m[Kâ€™
   for (auto [01;31m[KanimalP[m[K : animals) {
             [01;31m[K^~~~~~~[m[K
[01m[Kmain.cc:20:19:[m[K [01;31m[Kerror: [m[Kbase operand of â€˜[01m[K->[m[Kâ€™ has non-pointer type â€˜[01m[KAnimal[m[Kâ€™
     out << animalP[01;31m[K->[m[Kname << " says " << animalP->says() << std::endl;
                   [01;31m[K^~[m[K
[01m[Kmain.cc:20:48:[m[K [01;31m[Kerror: [m[Kbase operand of â€˜[01m[K->[m[Kâ€™ has non-pointer type â€˜[01m[KAnimal[m[Kâ€™
     out << animalP->name << " says " << animalP[01;31m[K->[m[Ksays() << std::endl;
                                                [01;31m[K^~[m[K
make: *** [../Makefile:48: main.o] Error 1
mmuffol1@g7-19:/import/linux/home1/mmuffol1/projects/i240a/submit/lab5/exercises/1-animal$ ged it main.cc animall .[K[K.hh
mmuffol1@g7-19:/import/linux/home1/mmuffol1/projects/i240a/submit/lab5/exercises/1-animal$ gedit main.cc animall.hh[1P.hh

(gedit:499993): Gtk-[1;33mWARNING[0m **: [34m12:26:34.932[0m: Calling org.xfce.Session.Manager.Inhibit failed: GDBus.Error:org.freedesktop.DBus.Error.UnknownMethod: Method "Inhibit" with signature "susu" on interface "org.xfce.Session.Manager" doesn't exist

^[[A^[[B^[[B^C
mmuffol1@g7-19:/import/linux/home1/mmuffol1/projects/i240a/submit/lab5/exercises/1-animal$ gedit main.cc animal.hh &
[1] 501021
mmuffol1@g7-19:/import/linux/home1/mmuffol1/projects/i240a/submit/lab5/exercises/1-animal$ 
(gedit:501021): Gtk-[1;33mWARNING[0m **: [34m12:29:33.580[0m: Calling org.xfce.Session.Manager.Inhibit failed: GDBus.Error:org.freedesktop.DBus.Error.UnknownMethod: Method "Inhibit" with signature "susu" on interface "org.xfce.Session.Manager" doesn't exist

gedit main.cc animal.hh &[A[C[C[C[C[C[C[C[C[C[C[C[C[C[C[C[C[C[C[C[C[C[C[C[C[C[C[C[C[C[C[C[C[C[C[C[C[C[C[C[C[C[C[C[C[C[C[C[C[C[C[C[C[C[C[C[C[C[C[C[C[C[C[C[C[C[C[C[C[C[K
[K[A[C[C[C[C[C[C[C[C[C[C[C[C[C[C[C[C[C[C[C[C[C[C[C[C[C[C[C[C[C[C[C[C[C[C[C[C[C[C[C[C[C[C[C[C[C[C[C[C[C[C[C[C[C[C[C[C[C[C[C[C[C[C[C[C[C[C[C[C[C[C[C[C[C[C[C[C[C[C[C[C[C[C[C[C[C[C[C[C[C[C[Cgedit main.cc animal.hh &[Kl.hh[A[C[C[C[C[C[C[C[C[C[C[C[C[C[C[C[C[C[C[C[C[C[C[C[C[C[C[C[C[C[C[C[C[C[C[C[C[C[C[C[C[C[C[C[C[C[C[C[C[C[C[C[C[C[C[C[C[C[C[C[C[C[C[C[C[C[C[C[C[C[Cmake[5P -f ../Makefile
g++ -MT main.o -MMD -MP -MF .deps/main.d -g -Wall -std=c++17 -c main.cc
[01m[Kmain.cc:[m[K In function â€˜[01m[Kint main(int, char**)[m[Kâ€™:
[01m[Kmain.cc:10:24:[m[K [01;31m[Kerror: [m[Kinvalid abstract type â€˜[01m[KAnimal[m[Kâ€™ for â€˜[01m[Kanimals[m[Kâ€™
   const Animal animals[[01;31m[K][m[K = { fido, fluffy };
                        [01;31m[K^[m[K
In file included from [01m[Kmain.cc:1[m[K:
[01m[Kanimal.hh:3:7:[m[K [01;36m[Knote: [m[K  because the following virtual functions are pure within â€˜[01m[KAnimal[m[Kâ€™:
 class [01;36m[KAnimal[m[K {
       [01;36m[K^~~~~~[m[K
[01m[Kanimal.hh:8:23:[m[K [01;36m[Knote: [m[K	â€˜[01m[Kvirtual std::__cxx11::string Animal::says() const[m[Kâ€™
   virtual std::string [01;36m[Ksays[m[K()  const = 0;
                       [01;36m[K^~~~[m[K
[01m[Kmain.cc:10:43:[m[K [01;31m[Kerror: [m[Kcannot allocate an object of abstract type â€˜[01m[KAnimal[m[Kâ€™
   const Animal animals[] = { fido, fluffy [01;31m[K}[m[K;
                                           [01;31m[K^[m[K
[01m[Kmain.cc:10:43:[m[K [01;31m[Kerror: [m[Kcannot allocate an object of abstract type â€˜[01m[KAnimal[m[Kâ€™
[01m[Kmain.cc:11:25:[m[K [01;31m[Kerror: [m[Kinvalid abstract type â€˜[01m[KAnimal[m[Kâ€™ for â€˜[01m[Kanimals2[m[Kâ€™
   const Animal animals2[[01;31m[K][m[K = {
                         [01;31m[K^[m[K
[01m[Kmain.cc:18:3:[m[K [01;31m[Kerror: [m[Kcannot allocate an object of abstract type â€˜[01m[KAnimal[m[Kâ€™
   [01;31m[K}[m[K;
   [01;31m[K^[m[K
[01m[Kmain.cc:18:3:[m[K [01;31m[Kerror: [m[Kcannot allocate an object of abstract type â€˜[01m[KAnimal[m[Kâ€™
[01m[Kmain.cc:18:3:[m[K [01;31m[Kerror: [m[Kcannot allocate an object of abstract type â€˜[01m[KAnimal[m[Kâ€™
[01m[Kmain.cc:18:3:[m[K [01;31m[Kerror: [m[Kcannot allocate an object of abstract type â€˜[01m[KAnimal[m[Kâ€™
[01m[Kmain.cc:18:3:[m[K [01;31m[Kerror: [m[Kcannot allocate an object of abstract type â€˜[01m[KAnimal[m[Kâ€™
[01m[Kmain.cc:18:3:[m[K [01;31m[Kerror: [m[Kcannot allocate an object of abstract type â€˜[01m[KAnimal[m[Kâ€™
[01m[Kmain.cc:19:23:[m[K [01;31m[Kerror: [m[Kcannot allocate an object of abstract type â€˜[01m[KAnimal[m[Kâ€™
   for (auto animalP : [01;31m[Kanimals[m[K) {
                       [01;31m[K^~~~~~~[m[K
[01m[Kmain.cc:19:13:[m[K [01;31m[Kerror: [m[Kcannot declare variable â€˜[01m[KanimalP[m[Kâ€™ to be of abstract type â€˜[01m[KAnimal[m[Kâ€™
   for (auto [01;31m[KanimalP[m[K : animals) {
             [01;31m[K^~~~~~~[m[K
[01m[Kmain.cc:20:19:[m[K [01;31m[Kerror: [m[Kbase operand of â€˜[01m[K->[m[Kâ€™ has non-pointer type â€˜[01m[KAnimal[m[Kâ€™
     out << animalP[01;31m[K->[m[Kname << " says " << animalP->says() << std::endl;
                   [01;31m[K^~[m[K
[01m[Kmain.cc:20:48:[m[K [01;31m[Kerror: [m[Kbase operand of â€˜[01m[K->[m[Kâ€™ has non-pointer type â€˜[01m[KAnimal[m[Kâ€™
     out << animalP->name << " says " << animalP[01;31m[K->[m[Ksays() << std::endl;
                                                [01;31m[K^~[m[K
make: *** [../Makefile:48: main.o] Error 1
mmuffol1@g7-19:/import/linux/home1/mmuffol1/projects/i240a/submit/lab5/exercises/1-animal$ make -f ../Makefile
g++ -MT main.o -MMD -MP -MF .deps/main.d -g -Wall -std=c++17 -c main.cc
[01m[Kmain.cc:[m[K In function â€˜[01m[Kint main(int, char**)[m[Kâ€™:
[01m[Kmain.cc:15:16:[m[K [01;31m[Kerror: [m[Kbase operand of â€˜[01m[K->[m[Kâ€™ has non-pointer type â€˜[01m[KDog[m[Kâ€™
     out << dogx[01;31m[K->[m[Kname << " says " << dogx->says() << std::endl;
                [01;31m[K^~[m[K
[01m[Kmain.cc:15:42:[m[K [01;31m[Kerror: [m[Kbase operand of â€˜[01m[K->[m[Kâ€™ has non-pointer type â€˜[01m[KDog[m[Kâ€™
     out << dogx->name << " says " << dogx[01;31m[K->[m[Ksays() << std::endl;
                                          [01;31m[K^~[m[K
[01m[Kmain.cc:18:16:[m[K [01;31m[Kerror: [m[Kbase operand of â€˜[01m[K->[m[Kâ€™ has non-pointer type â€˜[01m[KCow[m[Kâ€™
     out << cowx[01;31m[K->[m[Kname << " says " << cowx->says() << std::endl;
                [01;31m[K^~[m[K
[01m[Kmain.cc:18:42:[m[K [01;31m[Kerror: [m[Kbase operand of â€˜[01m[K->[m[Kâ€™ has non-pointer type â€˜[01m[KCow[m[Kâ€™
     out << cowx->name << " says " << cowx[01;31m[K->[m[Ksays() << std::endl;
                                          [01;31m[K^~[m[K
[01m[Kmain.cc:21:16:[m[K [01;31m[Kerror: [m[Kbase operand of â€˜[01m[K->[m[Kâ€™ has non-pointer type â€˜[01m[KCat[m[Kâ€™
     out << catx[01;31m[K->[m[Kname << " says " << catx->says() << std::endl;
                [01;31m[K^~[m[K
[01m[Kmain.cc:21:42:[m[K [01;31m[Kerror: [m[Kbase operand of â€˜[01m[K->[m[Kâ€™ has non-pointer type â€˜[01m[KCat[m[Kâ€™
     out << catx->name << " says " << catx[01;31m[K->[m[Ksays() << std::endl;
                                          [01;31m[K^~[m[K
make: *** [../Makefile:48: main.o] Error 1
mmuffol1@g7-19:/import/linux/home1/mmuffol1/projects/i240a/submit/lab5/exercises/1-animal$ make -f ../Makefile
g++ -MT main.o -MMD -MP -MF .deps/main.d -g -Wall -std=c++17 -c main.cc
g++ main.o -o main
cat </dev/null >.gitignore
echo .deps >.gitignore
for t in main main.o; do echo $t >>.gitignore; done
mmuffol1@g7-19:/import/linux/home1/mmuffol1/projects/i240a/submit/lab5/exercises/1-animal$ ./m ain
fido says woof
rufus says woof
bessie says moo
bossy says moo
fluffy says meow
simba says meow
mmuffol1@g7-19:/import/linux/home1/mmuffol1/projects/i240a/submit/lab5/exercises/1-animal$ cd  ..
mmuffol1@g7-19:/import/linux/home1/mmuffol1/projects/i240a/submit/lab5/exercises$ cd 2-expr
mmuffol1@g7-19:/import/linux/home1/mmuffol1/projects/i240a/submit/lab5/exercises/2-expr$ make  -f ../Makefile
g++ -MT tostring.o -MMD -MP -MF .deps/tostring.d -g -Wall -std=c++17 -c tostring.cc
g++ -MT main.o -MMD -MP -MF .deps/main.d -g -Wall -std=c++17 -c main.cc
g++ -MT parse.o -MMD -MP -MF .deps/parse.d -g -Wall -std=c++17 -c parse.cc
g++ -MT expr.o -MMD -MP -MF .deps/expr.d -g -Wall -std=c++17 -c expr.cc
g++ tostring.o main.o parse.o expr.o -o main
cat </dev/null >.gitignore
echo .deps >.gitignore
for t in main tostring.o main.o parse.o expr.o; do echo $t >>.gitignore; done
mmuffol1@g7-19:/import/linux/home1/mmuffol1/projects/i240a/submit/lab5/exercises/2-expr$ gedit  expr.cc expr.hh main.cc parse.cc parse.hh tostring.cc tostring.hh

(gedit:503665): Gtk-[1;33mWARNING[0m **: [34m12:57:37.982[0m: Calling org.xfce.Session.Manager.Inhibit failed: GDBus.Error:org.freedesktop.DBus.Error.UnknownMethod: Method "Inhibit" with signature "susu" on interface "org.xfce.Session.Manager" doesn't exist

[1]+  Done                    gedit main.cc animal.hh  (wd: /import/linux/home1/mmuffol1/projects/i240a/submit/lab5/exercises/1-animal)
(wd now: /import/linux/home1/mmuffol1/projects/i240a/submit/lab5/exercises/2-expr)
mmuffol1@g7-19:/import/linux/home1/mmuffol1/projects/i240a/submit/lab5/exercises/2-expr$ cd .. [A[C[C[C[C[C[C[C[C[C[C[C[C[C[C[C[C[C[C[C[C[C[C[C[C[C[C[C[C[C[C[C[C[C[C[C[C[C[C[C[C[C[C[C[C[C[C[C[C[C[C[C[C[C[C[C[C[C[C[C[C[C[C[C[C[C[C[C[C[C[C[C[C[C[C[C[C[C[C[C[C[C[C[C[C[C[C[C[C[C[C[C[C[C[K.
mmuffol1@g7-19:/import/linux/home1/mmuffol1/projects/i240a/submit/lab5/exercises$ cd anim[K[K[K[K1-animals [A[C[C[C[C[C[C[C[C[C[C[C[C[C[C[C[C[C[C[C[C[C[C[C[C[C[C[C[C[C[C[C[C[C[C[C[C[C[C[C[C[C[C[C[C[C[C[C[C[C[C[C[C[C[C[C[C[C[C[C[C[C[C[C[C[C[C[C[C[C[C[C[C[C[C[C[C[C[C[C[C[C[C[C[C[C[C[C[C[C[C[C[C[C[Ks
bash: cd: 1-animals: No such file or directory
mmuffol1@g7-19:/import/linux/home1/mmuffol1/projects/i240a/submit/lab5/exercises$ s[Kls
1-animal  2-expr  Makefile
mmuffol1@g7-19:/import/linux/home1/mmuffol1/projects/i240a/submit/lab5/exercises$ lscd 1-animals [A[C[C[C[C[C[C[C[C[C[C[C[C[C[C[C[C[C[C[C[C[C[C[C[C[C[C[C[C[C[C[C[C[C[C[C[C[C[C[C[C[C[C[C[C[C[C[C[C[C[C[C[C[C[C[C[C[C[C[C[C[C[C[C[C[C[C[C[C[C[C[C[C[C[C[C[C[C[C[C[C[C[C[C[C[C[C[C[C[C[C[C[C[C[K
[K[A[C[C[C[C[C[C[C[C[C[C[C[C[C[C[C[C[C[C[C[C[C[C[C[C[C[C[C[C[C[C[C[C[C[C[C[C[C[C[C[C[C[C[C[C[C[C[C[C[C[C[C[C[C[C[C[C[C[C[C[C[C[C[C[C[C[C[C[C[C[C[C[C[C[C[C[C[C[C[C[C[C[C[C[C[C[C[C[C[C[C[C[C[C
mmuffol1@g7-19:/import/linux/home1/mmuffol1/projects/i240a/submit/lab5/exercises/1-animal$ cd[K[Kcd  main.hh[K[K[K.cc animal.hh
bash: cd: too many arguments
mmuffol1@g7-19:/import/linux/home1/mmuffol1/projects/i240a/submit/lab5/exercises/1-animal$ cd main.cc animal.hh[A[C[C[C[C[C[C[C[C[C[C[C[C[C[C[C[C[C[C[C[C[C[C[C[C[C[C[C[C[C[C[C[C[C[C[C[C[C[C[C[C[C[C[C[C[C[C[C[C[C[C[C[C[C[C[C[C[C[C[C[C[C[C[C[C[C[C[C[C[C[C[C[C[C[C[C[C[C[C[C[C[C[C[C[C[C[C[C[C[C[C[C[C[C ma[1P[A[C[C[C[C[C[C[C[C[C[C[C[C[C[C[C[C[C[C[C[C[C[C[C[C[C[C[C[C[C[C[C[C[C[C[C[C[C[C[C[C[C[C[C[C[C[C[C[C[C[C[C[C[C[C[C[C[C[C[C[C[C[C[C[C[C[C[C[C[C[C[C[C[C[C[C[C[C[C[C[C[C[C[C[C[C[C[C[C[C[C[C mai[1P[A[C[C[C[C[C[C[C[C[C[C[C[C[C[C[C[C[C[C[C[C[C[C[C[C[C[C[C[C[C[C[C[C[C[C[C[C[C[C[C[C[C[C[C[C[C[C[C[C[C[C[C[C[C[C[C[C[C[C[C[C[C[C[C[C[C[C[C[C[C[C[C[C[C[C[C[C[C[C[C[C[C[C[C[C[C[C[C[C[C[Cg ma[1@i[A[C[C[C[C[C[C[C[C[C[C[C[C[C[C[C[C[C[C[C[C[C[C[C[C[C[C[C[C[C[C[C[C[C[C[C[C[C[C[C[C[C[C[C[C[C[C[C[C[C[C[C[C[C[C[C[C[C[C[C[C[C[C[C[C[C[C[C[C[C[C[C[C[C[C[C[C[C[C[C[C[C[C[C[C[C[C[C[C[C[Ce m[1@a[A[C[C[C[C[C[C[C[C[C[C[C[C[C[C[C[C[C[C[C[C[C[C[C[C[C[C[C[C[C[C[C[C[C[C[C[C[C[C[C[C[C[C[C[C[C[C[C[C[C[C[C[C[C[C[C[C[C[C[C[C[C[C[C[C[C[C[C[C[C[C[C[C[C[C[C[C[C[C[C[C[C[C[C[C[C[C[C[C[C[C[Cd [1@m[1@i[1@t[C[1@ [C[C[C[C[C[C[C[C[C[C[C[C[C[C[C[C[C[C &
[1] 504809
mmuffol1@g7-19:/import/linux/home1/mmuffol1/projects/i240a/submit/lab5/exercises/1-animal$ 
(gedit:504809): Gtk-[1;33mWARNING[0m **: [34m13:03:04.108[0m: Calling org.xfce.Session.Manager.Inhibit failed: GDBus.Error:org.freedesktop.DBus.Error.UnknownMethod: Method "Inhibit" with signature "susu" on interface "org.xfce.Session.Manager" doesn't exist

mak e[K[A[C[C[C[C[C[C[C[C[C[C[C[C[C[C[C[C[C[C[C[C[C[C[C[C[C[C[C[C[C[C[C[C[C[C[C[C[C[C[C[C[C[C[C[C[C[C[C[C[C[C[C[C[C[C[C[C[C[C[C[C[C[C[C[C[C[C[C[C[C[C[C[C[C[C[C[C[C[C[C[C[C[C[C[C[C[C[C[C[C[C[C[C[C[K
[K[A[C[C[C[C[C[C[C[C[C[C[C[C[C[C[C[C[C[C[C[C[C[C[C[C[C[C[C[C[C[C[C[C[C[C[C[C[C[C[C[C[C[C[C[C[C[C[C[C[C[C[C[C[C[C[C[C[C[C[C[C[C[C[C[C[C[C[C[C[C[C[C[C[C[C[C[C[C[C[C[C[C[C[C[C[C[C[C[C[C[C[C[C[C[K[Kmk[Kak e -f M[K../Makefile
g++ -MT main.o -MMD -MP -MF .deps/main.d -g -Wall -std=c++17 -c main.cc
g++ main.o -o main
cat </dev/null >.gitignore
echo .deps >.gitignore
for t in main main.o; do echo $t >>.gitignore; done
mmuffol1@g7-19:/import/linux/home1/mmuffol1/projects/i240a/submit/lab5/exercises/1-animal$ ./m ain
fido eats meat
rufus eats meat
bessie eats grass
bossy eats grass
fluffy eats fish
simba eats fish
mmuffol1@g7-19:/import/linux/home1/mmuffol1/projects/i240a/submit/lab5/exercises/1-animal$ cd  [A[C[C[C[C[C[C[C[C[C[C[C[C[C[C[C[C[C[C[C[C[C[C[C[C[C[C[C[C[C[C[C[C[C[C[C[C[C[C[C[C[C[C[C[C[C[C[C[C[C[C[C[C[C[C[C[C[C[C[C[C[C[C[C[C[C[C[C[C[C[C[C[C[C[C[C[C[C[C[C[C[C[C[C[C[C[C[C[C[C[C[C[C[C[K 
mmuffol1@g7-19:~$ cd import/linux/home1/mmuffol1/projects/i240a/submit/lab5/exercises
bash: cd: import/linux/home1/mmuffol1/projects/i240a/submit/lab5/exercises: No such file or directory
mmuffol1@g7-19:~$ cd /import/linux/home1/mmuffol1/projects/i240a/submit/lab5/exercises
mmuffol1@g7-19:/import/linux/home1/mmuffol1/projects/i240a/submit/lab5/exercises$ cd expr2expr-expr
[1]+  Done                    gedit main.cc animal.hh  (wd: /import/linux/home1/mmuffol1/projects/i240a/submit/lab5/exercises/1-animal)
(wd now: /import/linux/home1/mmuffol1/projects/i240a/submit/lab5/exercises/2-expr)
mmuffol1@g7-19:/import/linux/home1/mmuffol1/projects/i240a/submit/lab5/exercises/2-expr$ exp[Kpr[K[K[K[Kgedit  expr.cc edxpr[K[K[K[Kxpr.hh main.cc &
[1] 505945
mmuffol1@g7-19:/import/linux/home1/mmuffol1/projects/i240a/submit/lab5/exercises/2-expr$ 
(gedit:505945): Gtk-[1;33mWARNING[0m **: [34m13:20:33.064[0m: Calling org.xfce.Session.Manager.Inhibit failed: GDBus.Error:org.freedesktop.DBus.Error.UnknownMethod: Method "Inhibit" with signature "susu" on interface "org.xfce.Session.Manager" doesn't exist

make  -f [K[K[K[A[C[C[C[C[C[C[C[C[C[C[C[C[C[C[C[C[C[C[C[C[C[C[C[C[C[C[C[C[C[C[C[C[C[C[C[C[C[C[C[C[C[C[C[C[C[C[C[C[C[C[C[C[C[C[C[C[C[C[C[C[C[C[C[C[C[C[C[C[C[C[C[C[C[C[C[C[C[C[C[C[C[C[C[C[C[C[C[C[C[C[C[C[C[K
[K[A[C[C[C[C[C[C[C[C[C[C[C[C[C[C[C[C[C[C[C[C[C[C[C[C[C[C[C[C[C[C[C[C[C[C[C[C[C[C[C[C[C[C[C[C[C[C[C[C[C[C[C[C[C[C[C[C[C[C[C[C[C[C[C[C[C[C[C[C[C[C[C[C[C[C[C[C[C[C[C[C[C[C[C[C[C[C[C[C[C[C[C[C[C[K[K[K[Kmake  -f ./[K./Makefie[Kle
g++ -MT main.o -MMD -MP -MF .deps/main.d -g -Wall -std=c++17 -c main.cc
In file included from [01m[Kmain.cc:1[m[K:
[01m[Kexpr.hh:[m[K In member function â€˜[01m[Kstd::__cxx11::string AddExpr::dcCode() const[m[Kâ€™:
[01m[Kexpr.hh:67:56:[m[K [01;31m[Kerror: [m[Kno match for â€˜[01m[Koperator+[m[Kâ€™ (operand types are â€˜[01m[Kstd::__cxx11::basic_string<char>[m[Kâ€™ and â€˜[01m[Kint[m[Kâ€™)
   std::string dcCode() const { return [01;31m[KtoString() + " " + left->eval()[m[K + " + " + right->eval(); }
                                       [01;31m[K~~~~~~~~~~~~~~~~~^~~~~~~~~~~~~~[m[K
In file included from [01m[K/usr/include/c++/8/bits/stl_algobase.h:67[m[K,
                 from [01m[K/usr/include/c++/8/bits/char_traits.h:39[m[K,
                 from [01m[K/usr/include/c++/8/ios:40[m[K,
                 from [01m[K/usr/include/c++/8/ostream:38[m[K,
                 from [01m[K/usr/include/c++/8/iostream:39[m[K,
                 from [01m[Ktostring.hh:4[m[K,
                 from [01m[Kexpr.hh:4[m[K,
                 from [01m[Kmain.cc:1[m[K:
[01m[K/usr/include/c++/8/bits/stl_iterator.h:400:5:[m[K [01;36m[Knote: [m[Kcandidate: â€˜[01m[Ktemplate<class _Iterator> constexpr std::reverse_iterator<_Iterator> std::operator+(typename std::reverse_iterator<_Iterator>::difference_type, const std::reverse_iterator<_Iterator>&)[m[Kâ€™
     [01;36m[Koperator[m[K+(typename reverse_iterator<_Iterator>::difference_type __n,
     [01;36m[K^~~~~~~~[m[K
[01m[K/usr/include/c++/8/bits/stl_iterator.h:400:5:[m[K [01;36m[Knote: [m[K  template argument deduction/substitution failed:
In file included from [01m[Kmain.cc:1[m[K:
[01m[Kexpr.hh:67:69:[m[K [01;36m[Knote: [m[K  mismatched types â€˜[01m[Kconst std::reverse_iterator<_Iterator>[m[Kâ€™ and â€˜[01m[Kint[m[Kâ€™
   std::string dcCode() const { return toString() + " " + left->eval([01;36m[K)[m[K + " + " + right->eval(); }
                                                                     [01;36m[K^[m[K
In file included from [01m[K/usr/include/c++/8/bits/stl_algobase.h:67[m[K,
                 from [01m[K/usr/include/c++/8/bits/char_traits.h:39[m[K,
                 from [01m[K/usr/include/c++/8/ios:40[m[K,
                 from [01m[K/usr/include/c++/8/ostream:38[m[K,
                 from [01m[K/usr/include/c++/8/iostream:39[m[K,
                 from [01m[Ktostring.hh:4[m[K,
                 from [01m[Kexpr.hh:4[m[K,
                 from [01m[Kmain.cc:1[m[K:
[01m[K/usr/include/c++/8/bits/stl_iterator.h:1195:5:[m[K [01;36m[Knote: [m[Kcandidate: â€˜[01m[Ktemplate<class _Iterator> constexpr std::move_iterator<_IteratorL> std::operator+(typename std::move_iterator<_IteratorL>::difference_type, const std::move_iterator<_IteratorL>&)[m[Kâ€™
     [01;36m[Koperator[m[K+(typename move_iterator<_Iterator>::difference_type __n,
     [01;36m[K^~~~~~~~[m[K
[01m[K/usr/include/c++/8/bits/stl_iterator.h:1195:5:[m[K [01;36m[Knote: [m[K  template argument deduction/substitution failed:
In file included from [01m[Kmain.cc:1[m[K:
[01m[Kexpr.hh:67:69:[m[K [01;36m[Knote: [m[K  mismatched types â€˜[01m[Kconst std::move_iterator<_IteratorL>[m[Kâ€™ and â€˜[01m[Kint[m[Kâ€™
   std::string dcCode() const { return toString() + " " + left->eval([01;36m[K)[m[K + " + " + right->eval(); }
                                                                     [01;36m[K^[m[K
In file included from [01m[K/usr/include/c++/8/string:52[m[K,
                 from [01m[K/usr/include/c++/8/bits/locale_classes.h:40[m[K,
                 from [01m[K/usr/include/c++/8/bits/ios_base.h:41[m[K,
                 from [01m[K/usr/include/c++/8/ios:42[m[K,
                 from [01m[K/usr/include/c++/8/ostream:38[m[K,
                 from [01m[K/usr/include/c++/8/iostream:39[m[K,
                 from [01m[Ktostring.hh:4[m[K,
                 from [01m[Kexpr.hh:4[m[K,
                 from [01m[Kmain.cc:1[m[K:
[01m[K/usr/include/c++/8/bits/basic_string.h:5927:5:[m[K [01;36m[Knote: [m[Kcandidate: â€˜[01m[Ktemplate<class _CharT, class _Traits, class _Alloc> std::__cxx11::basic_string<_CharT, _Traits, _Allocator> std::operator+(const std::__cxx11::basic_string<_CharT, _Traits, _Allocator>&, const std::__cxx11::basic_string<_CharT, _Traits, _Allocator>&)[m[Kâ€™
     [01;36m[Koperator[m[K+(const basic_string<_CharT, _Traits, _Alloc>& __lhs,
     [01;36m[K^~~~~~~~[m[K
[01m[K/usr/include/c++/8/bits/basic_string.h:5927:5:[m[K [01;36m[Knote: [m[K  template argument deduction/substitution failed:
In file included from [01m[Kmain.cc:1[m[K:
[01m[Kexpr.hh:67:69:[m[K [01;36m[Knote: [m[K  mismatched types â€˜[01m[Kconst std::__cxx11::basic_string<_CharT, _Traits, _Allocator>[m[Kâ€™ and â€˜[01m[Kint[m[Kâ€™
   std::string dcCode() const { return toString() + " " + left->eval([01;36m[K)[m[K + " + " + right->eval(); }
                                                                     [01;36m[K^[m[K
In file included from [01m[K/usr/include/c++/8/string:53[m[K,
                 from [01m[K/usr/include/c++/8/bits/locale_classes.h:40[m[K,
                 from [01m[K/usr/include/c++/8/bits/ios_base.h:41[m[K,
                 from [01m[K/usr/include/c++/8/ios:42[m[K,
                 from [01m[K/usr/include/c++/8/ostream:38[m[K,
                 from [01m[K/usr/include/c++/8/iostream:39[m[K,
                 from [01m[Ktostring.hh:4[m[K,
                 from [01m[Kexpr.hh:4[m[K,
                 from [01m[Kmain.cc:1[m[K:
[01m[K/usr/include/c++/8/bits/basic_string.tcc:1157:5:[m[K [01;36m[Knote: [m[Kcandidate: â€˜[01m[Ktemplate<class _CharT, class _Traits, class _Alloc> std::__cxx11::basic_string<_CharT, _Traits, _Allocator> std::operator+(const _CharT*, const std::__cxx11::basic_string<_CharT, _Traits, _Allocator>&)[m[Kâ€™
     [01;36m[Koperator[m[K+(const _CharT* __lhs,
     [01;36m[K^~~~~~~~[m[K
[01m[K/usr/include/c++/8/bits/basic_string.tcc:1157:5:[m[K [01;36m[Knote: [m[K  template argument deduction/substitution failed:
In file included from [01m[Kmain.cc:1[m[K:
[01m[Kexpr.hh:67:69:[m[K [01;36m[Knote: [m[K  mismatched types â€˜[01m[Kconst _CharT*[m[Kâ€™ and â€˜[01m[Kstd::__cxx11::basic_string<char>[m[Kâ€™
   std::string dcCode() const { return toString() + " " + left->eval([01;36m[K)[m[K + " + " + right->eval(); }
                                                                     [01;36m[K^[m[K
In file included from [01m[K/usr/include/c++/8/string:53[m[K,
                 from [01m[K/usr/include/c++/8/bits/locale_classes.h:40[m[K,
                 from [01m[K/usr/include/c++/8/bits/ios_base.h:41[m[K,
                 from [01m[K/usr/include/c++/8/ios:42[m[K,
                 from [01m[K/usr/include/c++/8/ostream:38[m[K,
                 from [01m[K/usr/include/c++/8/iostream:39[m[K,
                 from [01m[Ktostring.hh:4[m[K,
                 from [01m[Kexpr.hh:4[m[K,
                 from [01m[Kmain.cc:1[m[K:
[01m[K/usr/include/c++/8/bits/basic_string.tcc:1173:5:[m[K [01;36m[Knote: [m[Kcandidate: â€˜[01m[Ktemplate<class _CharT, class _Traits, class _Alloc> std::__cxx11::basic_string<_CharT, _Traits, _Allocator> std::operator+(_CharT, const std::__cxx11::basic_string<_CharT, _Traits, _Allocator>&)[m[Kâ€™
     [01;36m[Koperator[m[K+(_CharT __lhs, const basic_string<_CharT, _Traits, _Alloc>& __rhs)
     [01;36m[K^~~~~~~~[m[K
[01m[K/usr/include/c++/8/bits/basic_string.tcc:1173:5:[m[K [01;36m[Knote: [m[K  template argument deduction/substitution failed:
In file included from [01m[Kmain.cc:1[m[K:
[01m[Kexpr.hh:67:69:[m[K [01;36m[Knote: [m[K  mismatched types â€˜[01m[Kconst std::__cxx11::basic_string<_CharT, _Traits, _Allocator>[m[Kâ€™ and â€˜[01m[Kint[m[Kâ€™
   std::string dcCode() const { return toString() + " " + left->eval([01;36m[K)[m[K + " + " + right->eval(); }
                                                                     [01;36m[K^[m[K
In file included from [01m[K/usr/include/c++/8/string:52[m[K,
                 from [01m[K/usr/include/c++/8/bits/locale_classes.h:40[m[K,
                 from [01m[K/usr/include/c++/8/bits/ios_base.h:41[m[K,
                 from [01m[K/usr/include/c++/8/ios:42[m[K,
                 from [01m[K/usr/include/c++/8/ostream:38[m[K,
                 from [01m[K/usr/include/c++/8/iostream:39[m[K,
                 from [01m[Ktostring.hh:4[m[K,
                 from [01m[Kexpr.hh:4[m[K,
                 from [01m[Kmain.cc:1[m[K:
[01m[K/usr/include/c++/8/bits/basic_string.h:5964:5:[m[K [01;36m[Knote: [m[Kcandidate: â€˜[01m[Ktemplate<class _CharT, class _Traits, class _Alloc> std::__cxx11::basic_string<_CharT, _Traits, _Allocator> std::operator+(const std::__cxx11::basic_string<_CharT, _Traits, _Allocator>&, const _CharT*)[m[Kâ€™
     [01;36m[Koperator[m[K+(const basic_string<_CharT, _Traits, _Alloc>& __lhs,
     [01;36m[K^~~~~~~~[m[K
[01m[K/usr/include/c++/8/bits/basic_string.h:5964:5:[m[K [01;36m[Knote: [m[K  template argument deduction/substitution failed:
In file included from [01m[Kmain.cc:1[m[K:
[01m[Kexpr.hh:67:69:[m[K [01;36m[Knote: [m[K  mismatched types â€˜[01m[Kconst _CharT*[m[Kâ€™ and â€˜[01m[Kint[m[Kâ€™
   std::string dcCode() const { return toString() + " " + left->eval([01;36m[K)[m[K + " + " + right->eval(); }
                                                                     [01;36m[K^[m[K
In file included from [01m[K/usr/include/c++/8/string:52[m[K,
                 from [01m[K/usr/include/c++/8/bits/locale_classes.h:40[m[K,
                 from [01m[K/usr/include/c++/8/bits/ios_base.h:41[m[K,
                 from [01m[K/usr/include/c++/8/ios:42[m[K,
                 from [01m[K/usr/include/c++/8/ostream:38[m[K,
                 from [01m[K/usr/include/c++/8/iostream:39[m[K,
                 from [01m[Ktostring.hh:4[m[K,
                 from [01m[Kexpr.hh:4[m[K,
                 from [01m[Kmain.cc:1[m[K:
[01m[K/usr/include/c++/8/bits/basic_string.h:5980:5:[m[K [01;36m[Knote: [m[Kcandidate: â€˜[01m[Ktemplate<class _CharT, class _Traits, class _Alloc> std::__cxx11::basic_string<_CharT, _Traits, _Allocator> std::operator+(const std::__cxx11::basic_string<_CharT, _Traits, _Allocator>&, _CharT)[m[Kâ€™
     [01;36m[Koperator[m[K+(const basic_string<_CharT, _Traits, _Alloc>& __lhs, _CharT __rhs)
     [01;36m[K^~~~~~~~[m[K
[01m[K/usr/include/c++/8/bits/basic_string.h:5980:5:[m[K [01;36m[Knote: [m[K  template argument deduction/substitution failed:
In file included from [01m[Kmain.cc:1[m[K:
[01m[Kexpr.hh:67:69:[m[K [01;36m[Knote: [m[K  deduced conflicting types for parameter â€˜[01m[K_CharT[m[Kâ€™ (â€˜[01m[Kchar[m[Kâ€™ and â€˜[01m[Kint[m[Kâ€™)
   std::string dcCode() const { return toString() + " " + left->eval([01;36m[K)[m[K + " + " + right->eval(); }
                                                                     [01;36m[K^[m[K
In file included from [01m[K/usr/include/c++/8/string:52[m[K,
                 from [01m[K/usr/include/c++/8/bits/locale_classes.h:40[m[K,
                 from [01m[K/usr/include/c++/8/bits/ios_base.h:41[m[K,
                 from [01m[K/usr/include/c++/8/ios:42[m[K,
                 from [01m[K/usr/include/c++/8/ostream:38[m[K,
                 from [01m[K/usr/include/c++/8/iostream:39[m[K,
                 from [01m[Ktostring.hh:4[m[K,
                 from [01m[Kexpr.hh:4[m[K,
                 from [01m[Kmain.cc:1[m[K:
[01m[K/usr/include/c++/8/bits/basic_string.h:5992:5:[m[K [01;36m[Knote: [m[Kcandidate: â€˜[01m[Ktemplate<class _CharT, class _Traits, class _Alloc> std::__cxx11::basic_string<_CharT, _Traits, _Allocator> std::operator+(std::__cxx11::basic_string<_CharT, _Traits, _Allocator>&&, const std::__cxx11::basic_string<_CharT, _Traits, _Allocator>&)[m[Kâ€™
     [01;36m[Koperator[m[K+(basic_string<_CharT, _Traits, _Alloc>&& __lhs,
     [01;36m[K^~~~~~~~[m[K
[01m[K/usr/include/c++/8/bits/basic_string.h:5992:5:[m[K [01;36m[Knote: [m[K  template argument deduction/substitution failed:
In file included from [01m[Kmain.cc:1[m[K:
[01m[Kexpr.hh:67:69:[m[K [01;36m[Knote: [m[K  mismatched types â€˜[01m[Kconst std::__cxx11::basic_string<_CharT, _Traits, _Allocator>[m[Kâ€™ and â€˜[01m[Kint[m[Kâ€™
   std::string dcCode() const { return toString() + " " + left->eval([01;36m[K)[m[K + " + " + right->eval(); }
                                                                     [01;36m[K^[m[K
In file included from [01m[K/usr/include/c++/8/string:52[m[K,
                 from [01m[K/usr/include/c++/8/bits/locale_classes.h:40[m[K,
                 from [01m[K/usr/include/c++/8/bits/ios_base.h:41[m[K,
                 from [01m[K/usr/include/c++/8/ios:42[m[K,
                 from [01m[K/usr/include/c++/8/ostream:38[m[K,
                 from [01m[K/usr/include/c++/8/iostream:39[m[K,
                 from [01m[Ktostring.hh:4[m[K,
                 from [01m[Kexpr.hh:4[m[K,
                 from [01m[Kmain.cc:1[m[K:
[01m[K/usr/include/c++/8/bits/basic_string.h:5998:5:[m[K [01;36m[Knote: [m[Kcandidate: â€˜[01m[Ktemplate<class _CharT, class _Traits, class _Alloc> std::__cxx11::basic_string<_CharT, _Traits, _Allocator> std::operator+(const std::__cxx11::basic_string<_CharT, _Traits, _Allocator>&, std::__cxx11::basic_string<_CharT, _Traits, _Allocator>&&)[m[Kâ€™
     [01;36m[Koperator[m[K+(const basic_string<_CharT, _Traits, _Alloc>& __lhs,
     [01;36m[K^~~~~~~~[m[K
[01m[K/usr/include/c++/8/bits/basic_string.h:5998:5:[m[K [01;36m[Knote: [m[K  template argument deduction/substitution failed:
In file included from [01m[Kmain.cc:1[m[K:
[01m[Kexpr.hh:67:69:[m[K [01;36m[Knote: [m[K  mismatched types â€˜[01m[Kstd::__cxx11::basic_string<_CharT, _Traits, _Allocator>[m[Kâ€™ and â€˜[01m[Kint[m[Kâ€™
   std::string dcCode() const { return toString() + " " + left->eval([01;36m[K)[m[K + " + " + right->eval(); }
                                                                     [01;36m[K^[m[K
In file included from [01m[K/usr/include/c++/8/string:52[m[K,
                 from [01m[K/usr/include/c++/8/bits/locale_classes.h:40[m[K,
                 from [01m[K/usr/include/c++/8/bits/ios_base.h:41[m[K,
                 from [01m[K/usr/include/c++/8/ios:42[m[K,
                 from [01m[K/usr/include/c++/8/ostream:38[m[K,
                 from [01m[K/usr/include/c++/8/iostream:39[m[K,
                 from [01m[Ktostring.hh:4[m[K,
                 from [01m[Kexpr.hh:4[m[K,
                 from [01m[Kmain.cc:1[m[K:
[01m[K/usr/include/c++/8/bits/basic_string.h:6004:5:[m[K [01;36m[Knote: [m[Kcandidate: â€˜[01m[Ktemplate<class _CharT, class _Traits, class _Alloc> std::__cxx11::basic_string<_CharT, _Traits, _Allocator> std::operator+(std::__cxx11::basic_string<_CharT, _Traits, _Allocator>&&, std::__cxx11::basic_string<_CharT, _Traits, _Allocator>&&)[m[Kâ€™
     [01;36m[Koperator[m[K+(basic_string<_CharT, _Traits, _Alloc>&& __lhs,
     [01;36m[K^~~~~~~~[m[K
[01m[K/usr/include/c++/8/bits/basic_string.h:6004:5:[m[K [01;36m[Knote: [m[K  template argument deduction/substitution failed:
In file included from [01m[Kmain.cc:1[m[K:
[01m[Kexpr.hh:67:69:[m[K [01;36m[Knote: [m[K  mismatched types â€˜[01m[Kstd::__cxx11::basic_string<_CharT, _Traits, _Allocator>[m[Kâ€™ and â€˜[01m[Kint[m[Kâ€™
   std::string dcCode() const { return toString() + " " + left->eval([01;36m[K)[m[K + " + " + right->eval(); }
                                                                     [01;36m[K^[m[K
In file included from [01m[K/usr/include/c++/8/string:52[m[K,
                 from [01m[K/usr/include/c++/8/bits/locale_classes.h:40[m[K,
                 from [01m[K/usr/include/c++/8/bits/ios_base.h:41[m[K,
                 from [01m[K/usr/include/c++/8/ios:42[m[K,
                 from [01m[K/usr/include/c++/8/ostream:38[m[K,
                 from [01m[K/usr/include/c++/8/iostream:39[m[K,
                 from [01m[Ktostring.hh:4[m[K,
                 from [01m[Kexpr.hh:4[m[K,
                 from [01m[Kmain.cc:1[m[K:
[01m[K/usr/include/c++/8/bits/basic_string.h:6016:5:[m[K [01;36m[Knote: [m[Kcandidate: â€˜[01m[Ktemplate<class _CharT, class _Traits, class _Alloc> std::__cxx11::basic_string<_CharT, _Traits, _Allocator> std::operator+(const _CharT*, std::__cxx11::basic_string<_CharT, _Traits, _Allocator>&&)[m[Kâ€™
     [01;36m[Koperator[m[K+(const _CharT* __lhs,
     [01;36m[K^~~~~~~~[m[K
[01m[K/usr/include/c++/8/bits/basic_string.h:6016:5:[m[K [01;36m[Knote: [m[K  template argument deduction/substitution failed:
In file included from [01m[Kmain.cc:1[m[K:
[01m[Kexpr.hh:67:69:[m[K [01;36m[Knote: [m[K  mismatched types â€˜[01m[Kconst _CharT*[m[Kâ€™ and â€˜[01m[Kstd::__cxx11::basic_string<char>[m[Kâ€™
   std::string dcCode() const { return toString() + " " + left->eval([01;36m[K)[m[K + " + " + right->eval(); }
                                                                     [01;36m[K^[m[K
In file included from [01m[K/usr/include/c++/8/string:52[m[K,
                 from [01m[K/usr/include/c++/8/bits/locale_classes.h:40[m[K,
                 from [01m[K/usr/include/c++/8/bits/ios_base.h:41[m[K,
                 from [01m[K/usr/include/c++/8/ios:42[m[K,
                 from [01m[K/usr/include/c++/8/ostream:38[m[K,
                 from [01m[K/usr/include/c++/8/iostream:39[m[K,
                 from [01m[Ktostring.hh:4[m[K,
                 from [01m[Kexpr.hh:4[m[K,
                 from [01m[Kmain.cc:1[m[K:
[01m[K/usr/include/c++/8/bits/basic_string.h:6022:5:[m[K [01;36m[Knote: [m[Kcandidate: â€˜[01m[Ktemplate<class _CharT, class _Traits, class _Alloc> std::__cxx11::basic_string<_CharT, _Traits, _Allocator> std::operator+(_CharT, std::__cxx11::basic_string<_CharT, _Traits, _Allocator>&&)[m[Kâ€™
     [01;36m[Koperator[m[K+(_CharT __lhs,
     [01;36m[K^~~~~~~~[m[K
[01m[K/usr/include/c++/8/bits/basic_string.h:6022:5:[m[K [01;36m[Knote: [m[K  template argument deduction/substitution failed:
In file included from [01m[Kmain.cc:1[m[K:
[01m[Kexpr.hh:67:69:[m[K [01;36m[Knote: [m[K  mismatched types â€˜[01m[Kstd::__cxx11::basic_string<_CharT, _Traits, _Allocator>[m[Kâ€™ and â€˜[01m[Kint[m[Kâ€™
   std::string dcCode() const { return toString() + " " + left->eval([01;36m[K)[m[K + " + " + right->eval(); }
                                                                     [01;36m[K^[m[K
In file included from [01m[K/usr/include/c++/8/string:52[m[K,
                 from [01m[K/usr/include/c++/8/bits/locale_classes.h:40[m[K,
                 from [01m[K/usr/include/c++/8/bits/ios_base.h:41[m[K,
                 from [01m[K/usr/include/c++/8/ios:42[m[K,
                 from [01m[K/usr/include/c++/8/ostream:38[m[K,
                 from [01m[K/usr/include/c++/8/iostream:39[m[K,
                 from [01m[Ktostring.hh:4[m[K,
                 from [01m[Kexpr.hh:4[m[K,
                 from [01m[Kmain.cc:1[m[K:
[01m[K/usr/include/c++/8/bits/basic_string.h:6028:5:[m[K [01;36m[Knote: [m[Kcandidate: â€˜[01m[Ktemplate<class _CharT, class _Traits, class _Alloc> std::__cxx11::basic_string<_CharT, _Traits, _Allocator> std::operator+(std::__cxx11::basic_string<_CharT, _Traits, _Allocator>&&, const _CharT*)[m[Kâ€™
     [01;36m[Koperator[m[K+(basic_string<_CharT, _Traits, _Alloc>&& __lhs,
     [01;36m[K^~~~~~~~[m[K
[01m[K/usr/include/c++/8/bits/basic_string.h:6028:5:[m[K [01;36m[Knote: [m[K  template argument deduction/substitution failed:
In file included from [01m[Kmain.cc:1[m[K:
[01m[Kexpr.hh:67:69:[m[K [01;36m[Knote: [m[K  mismatched types â€˜[01m[Kconst _CharT*[m[Kâ€™ and â€˜[01m[Kint[m[Kâ€™
   std::string dcCode() const { return toString() + " " + left->eval([01;36m[K)[m[K + " + " + right->eval(); }
                                                                     [01;36m[K^[m[K
In file included from [01m[K/usr/include/c++/8/string:52[m[K,
                 from [01m[K/usr/include/c++/8/bits/locale_classes.h:40[m[K,
                 from [01m[K/usr/include/c++/8/bits/ios_base.h:41[m[K,
                 from [01m[K/usr/include/c++/8/ios:42[m[K,
                 from [01m[K/usr/include/c++/8/ostream:38[m[K,
                 from [01m[K/usr/include/c++/8/iostream:39[m[K,
                 from [01m[Ktostring.hh:4[m[K,
                 from [01m[Kexpr.hh:4[m[K,
                 from [01m[Kmain.cc:1[m[K:
[01m[K/usr/include/c++/8/bits/basic_string.h:6034:5:[m[K [01;36m[Knote: [m[Kcandidate: â€˜[01m[Ktemplate<class _CharT, class _Traits, class _Alloc> std::__cxx11::basic_string<_CharT, _Traits, _Allocator> std::operator+(std::__cxx11::basic_string<_CharT, _Traits, _Allocator>&&, _CharT)[m[Kâ€™
     [01;36m[Koperator[m[K+(basic_string<_CharT, _Traits, _Alloc>&& __lhs,
     [01;36m[K^~~~~~~~[m[K
[01m[K/usr/include/c++/8/bits/basic_string.h:6034:5:[m[K [01;36m[Knote: [m[K  template argument deduction/substitution failed:
In file included from [01m[Kmain.cc:1[m[K:
[01m[Kexpr.hh:67:69:[m[K [01;36m[Knote: [m[K  deduced conflicting types for parameter â€˜[01m[K_CharT[m[Kâ€™ (â€˜[01m[Kchar[m[Kâ€™ and â€˜[01m[Kint[m[Kâ€™)
   std::string dcCode() const { return toString() + " " + left->eval([01;36m[K)[m[K + " + " + right->eval(); }
                                                                     [01;36m[K^[m[K
In file included from [01m[K/usr/include/c++/8/bits/stl_algobase.h:67[m[K,
                 from [01m[K/usr/include/c++/8/bits/char_traits.h:39[m[K,
                 from [01m[K/usr/include/c++/8/ios:40[m[K,
                 from [01m[K/usr/include/c++/8/ostream:38[m[K,
                 from [01m[K/usr/include/c++/8/iostream:39[m[K,
                 from [01m[Ktostring.hh:4[m[K,
                 from [01m[Kexpr.hh:4[m[K,
                 from [01m[Kmain.cc:1[m[K:
[01m[K/usr/include/c++/8/bits/stl_iterator.h:973:5:[m[K [01;36m[Knote: [m[Kcandidate: â€˜[01m[Ktemplate<class _Iterator, class _Container> __gnu_cxx::__normal_iterator<_Iterator, _Container> __gnu_cxx::operator+(typename __gnu_cxx::__normal_iterator<_Iterator, _Container>::difference_type, const __gnu_cxx::__normal_iterator<_Iterator, _Container>&)[m[Kâ€™
     [01;36m[Koperator[m[K+(typename __normal_iterator<_Iterator, _Container>::difference_type
     [01;36m[K^~~~~~~~[m[K
[01m[K/usr/include/c++/8/bits/stl_iterator.h:973:5:[m[K [01;36m[Knote: [m[K  template argument deduction/substitution failed:
In file included from [01m[Kmain.cc:1[m[K:
[01m[Kexpr.hh:67:69:[m[K [01;36m[Knote: [m[K  mismatched types â€˜[01m[Kconst __gnu_cxx::__normal_iterator<_Iterator, _Container>[m[Kâ€™ and â€˜[01m[Kint[m[Kâ€™
   std::string dcCode() const { return toString() + " " + left->eval([01;36m[K)[m[K + " + " + right->eval(); }
                                                                     [01;36m[K^[m[K
[01m[Kexpr.hh:[m[K In member function â€˜[01m[Kstd::__cxx11::string SubExpr::dcCode() const[m[Kâ€™:
[01m[Kexpr.hh:92:56:[m[K [01;31m[Kerror: [m[Kno match for â€˜[01m[Koperator+[m[Kâ€™ (operand types are â€˜[01m[Kstd::__cxx11::basic_string<char>[m[Kâ€™ and â€˜[01m[Kint[m[Kâ€™)
   std::string dcCode() const { return [01;31m[KtoString() + " " + left->eval()[m[K + " - " + right->eval(); }
                                       [01;31m[K~~~~~~~~~~~~~~~~~^~~~~~~~~~~~~~[m[K
In file included from [01m[K/usr/include/c++/8/bits/stl_algobase.h:67[m[K,
                 from [01m[K/usr/include/c++/8/bits/char_traits.h:39[m[K,
                 from [01m[K/usr/include/c++/8/ios:40[m[K,
                 from [01m[K/usr/include/c++/8/ostream:38[m[K,
                 from [01m[K/usr/include/c++/8/iostream:39[m[K,
                 from [01m[Ktostring.hh:4[m[K,
                 from [01m[Kexpr.hh:4[m[K,
                 from [01m[Kmain.cc:1[m[K:
[01m[K/usr/include/c++/8/bits/stl_iterator.h:400:5:[m[K [01;36m[Knote: [m[Kcandidate: â€˜[01m[Ktemplate<class _Iterator> constexpr std::reverse_iterator<_Iterator> std::operator+(typename std::reverse_iterator<_Iterator>::difference_type, const std::reverse_iterator<_Iterator>&)[m[Kâ€™
     [01;36m[Koperator[m[K+(typename reverse_iterator<_Iterator>::difference_type __n,
     [01;36m[K^~~~~~~~[m[K
[01m[K/usr/include/c++/8/bits/stl_iterator.h:400:5:[m[K [01;36m[Knote: [m[K  template argument deduction/substitution failed:
In file included from [01m[Kmain.cc:1[m[K:
[01m[Kexpr.hh:92:69:[m[K [01;36m[Knote: [m[K  mismatched types â€˜[01m[Kconst std::reverse_iterator<_Iterator>[m[Kâ€™ and â€˜[01m[Kint[m[Kâ€™
   std::string dcCode() const { return toString() + " " + left->eval([01;36m[K)[m[K + " - " + right->eval(); }
                                                                     [01;36m[K^[m[K
In file included from [01m[K/usr/include/c++/8/bits/stl_algobase.h:67[m[K,
                 from [01m[K/usr/include/c++/8/bits/char_traits.h:39[m[K,
                 from [01m[K/usr/include/c++/8/ios:40[m[K,
                 from [01m[K/usr/include/c++/8/ostream:38[m[K,
                 from [01m[K/usr/include/c++/8/iostream:39[m[K,
                 from [01m[Ktostring.hh:4[m[K,
                 from [01m[Kexpr.hh:4[m[K,
                 from [01m[Kmain.cc:1[m[K:
[01m[K/usr/include/c++/8/bits/stl_iterator.h:1195:5:[m[K [01;36m[Knote: [m[Kcandidate: â€˜[01m[Ktemplate<class _Iterator> constexpr std::move_iterator<_IteratorL> std::operator+(typename std::move_iterator<_IteratorL>::difference_type, const std::move_iterator<_IteratorL>&)[m[Kâ€™
     [01;36m[Koperator[m[K+(typename move_iterator<_Iterator>::difference_type __n,
     [01;36m[K^~~~~~~~[m[K
[01m[K/usr/include/c++/8/bits/stl_iterator.h:1195:5:[m[K [01;36m[Knote: [m[K  template argument deduction/substitution failed:
In file included from [01m[Kmain.cc:1[m[K:
[01m[Kexpr.hh:92:69:[m[K [01;36m[Knote: [m[K  mismatched types â€˜[01m[Kconst std::move_iterator<_IteratorL>[m[Kâ€™ and â€˜[01m[Kint[m[Kâ€™
   std::string dcCode() const { return toString() + " " + left->eval([01;36m[K)[m[K + " - " + right->eval(); }
                                                                     [01;36m[K^[m[K
In file included from [01m[K/usr/include/c++/8/string:52[m[K,
                 from [01m[K/usr/include/c++/8/bits/locale_classes.h:40[m[K,
                 from [01m[K/usr/include/c++/8/bits/ios_base.h:41[m[K,
                 from [01m[K/usr/include/c++/8/ios:42[m[K,
                 from [01m[K/usr/include/c++/8/ostream:38[m[K,
                 from [01m[K/usr/include/c++/8/iostream:39[m[K,
                 from [01m[Ktostring.hh:4[m[K,
                 from [01m[Kexpr.hh:4[m[K,
                 from [01m[Kmain.cc:1[m[K:
[01m[K/usr/include/c++/8/bits/basic_string.h:5927:5:[m[K [01;36m[Knote: [m[Kcandidate: â€˜[01m[Ktemplate<class _CharT, class _Traits, class _Alloc> std::__cxx11::basic_string<_CharT, _Traits, _Allocator> std::operator+(const std::__cxx11::basic_string<_CharT, _Traits, _Allocator>&, const std::__cxx11::basic_string<_CharT, _Traits, _Allocator>&)[m[Kâ€™
     [01;36m[Koperator[m[K+(const basic_string<_CharT, _Traits, _Alloc>& __lhs,
     [01;36m[K^~~~~~~~[m[K
[01m[K/usr/include/c++/8/bits/basic_string.h:5927:5:[m[K [01;36m[Knote: [m[K  template argument deduction/substitution failed:
In file included from [01m[Kmain.cc:1[m[K:
[01m[Kexpr.hh:92:69:[m[K [01;36m[Knote: [m[K  mismatched types â€˜[01m[Kconst std::__cxx11::basic_string<_CharT, _Traits, _Allocator>[m[Kâ€™ and â€˜[01m[Kint[m[Kâ€™
   std::string dcCode() const { return toString() + " " + left->eval([01;36m[K)[m[K + " - " + right->eval(); }
                                                                     [01;36m[K^[m[K
In file included from [01m[K/usr/include/c++/8/string:53[m[K,
                 from [01m[K/usr/include/c++/8/bits/locale_classes.h:40[m[K,
                 from [01m[K/usr/include/c++/8/bits/ios_base.h:41[m[K,
                 from [01m[K/usr/include/c++/8/ios:42[m[K,
                 from [01m[K/usr/include/c++/8/ostream:38[m[K,
                 from [01m[K/usr/include/c++/8/iostream:39[m[K,
                 from [01m[Ktostring.hh:4[m[K,
                 from [01m[Kexpr.hh:4[m[K,
                 from [01m[Kmain.cc:1[m[K:
[01m[K/usr/include/c++/8/bits/basic_string.tcc:1157:5:[m[K [01;36m[Knote: [m[Kcandidate: â€˜[01m[Ktemplate<class _CharT, class _Traits, class _Alloc> std::__cxx11::basic_string<_CharT, _Traits, _Allocator> std::operator+(const _CharT*, const std::__cxx11::basic_string<_CharT, _Traits, _Allocator>&)[m[Kâ€™
     [01;36m[Koperator[m[K+(const _CharT* __lhs,
     [01;36m[K^~~~~~~~[m[K
[01m[K/usr/include/c++/8/bits/basic_string.tcc:1157:5:[m[K [01;36m[Knote: [m[K  template argument deduction/substitution failed:
In file included from [01m[Kmain.cc:1[m[K:
[01m[Kexpr.hh:92:69:[m[K [01;36m[Knote: [m[K  mismatched types â€˜[01m[Kconst _CharT*[m[Kâ€™ and â€˜[01m[Kstd::__cxx11::basic_string<char>[m[Kâ€™
   std::string dcCode() const { return toString() + " " + left->eval([01;36m[K)[m[K + " - " + right->eval(); }
                                                                     [01;36m[K^[m[K
In file included from [01m[K/usr/include/c++/8/string:53[m[K,
                 from [01m[K/usr/include/c++/8/bits/locale_classes.h:40[m[K,
                 from [01m[K/usr/include/c++/8/bits/ios_base.h:41[m[K,
                 from [01m[K/usr/include/c++/8/ios:42[m[K,
                 from [01m[K/usr/include/c++/8/ostream:38[m[K,
                 from [01m[K/usr/include/c++/8/iostream:39[m[K,
                 from [01m[Ktostring.hh:4[m[K,
                 from [01m[Kexpr.hh:4[m[K,
                 from [01m[Kmain.cc:1[m[K:
[01m[K/usr/include/c++/8/bits/basic_string.tcc:1173:5:[m[K [01;36m[Knote: [m[Kcandidate: â€˜[01m[Ktemplate<class _CharT, class _Traits, class _Alloc> std::__cxx11::basic_string<_CharT, _Traits, _Allocator> std::operator+(_CharT, const std::__cxx11::basic_string<_CharT, _Traits, _Allocator>&)[m[Kâ€™
     [01;36m[Koperator[m[K+(_CharT __lhs, const basic_string<_CharT, _Traits, _Alloc>& __rhs)
     [01;36m[K^~~~~~~~[m[K
[01m[K/usr/include/c++/8/bits/basic_string.tcc:1173:5:[m[K [01;36m[Knote: [m[K  template argument deduction/substitution failed:
In file included from [01m[Kmain.cc:1[m[K:
[01m[Kexpr.hh:92:69:[m[K [01;36m[Knote: [m[K  mismatched types â€˜[01m[Kconst std::__cxx11::basic_string<_CharT, _Traits, _Allocator>[m[Kâ€™ and â€˜[01m[Kint[m[Kâ€™
   std::string dcCode() const { return toString() + " " + left->eval([01;36m[K)[m[K + " - " + right->eval(); }
                                                                     [01;36m[K^[m[K
In file included from [01m[K/usr/include/c++/8/string:52[m[K,
                 from [01m[K/usr/include/c++/8/bits/locale_classes.h:40[m[K,
                 from [01m[K/usr/include/c++/8/bits/ios_base.h:41[m[K,
                 from [01m[K/usr/include/c++/8/ios:42[m[K,
                 from [01m[K/usr/include/c++/8/ostream:38[m[K,
                 from [01m[K/usr/include/c++/8/iostream:39[m[K,
                 from [01m[Ktostring.hh:4[m[K,
                 from [01m[Kexpr.hh:4[m[K,
                 from [01m[Kmain.cc:1[m[K:
[01m[K/usr/include/c++/8/bits/basic_string.h:5964:5:[m[K [01;36m[Knote: [m[Kcandidate: â€˜[01m[Ktemplate<class _CharT, class _Traits, class _Alloc> std::__cxx11::basic_string<_CharT, _Traits, _Allocator> std::operator+(const std::__cxx11::basic_string<_CharT, _Traits, _Allocator>&, const _CharT*)[m[Kâ€™
     [01;36m[Koperator[m[K+(const basic_string<_CharT, _Traits, _Alloc>& __lhs,
     [01;36m[K^~~~~~~~[m[K
[01m[K/usr/include/c++/8/bits/basic_string.h:5964:5:[m[K [01;36m[Knote: [m[K  template argument deduction/substitution failed:
In file included from [01m[Kmain.cc:1[m[K:
[01m[Kexpr.hh:92:69:[m[K [01;36m[Knote: [m[K  mismatched types â€˜[01m[Kconst _CharT*[m[Kâ€™ and â€˜[01m[Kint[m[Kâ€™
   std::string dcCode() const { return toString() + " " + left->eval([01;36m[K)[m[K + " - " + right->eval(); }
                                                                     [01;36m[K^[m[K
In file included from [01m[K/usr/include/c++/8/string:52[m[K,
                 from [01m[K/usr/include/c++/8/bits/locale_classes.h:40[m[K,
                 from [01m[K/usr/include/c++/8/bits/ios_base.h:41[m[K,
                 from [01m[K/usr/include/c++/8/ios:42[m[K,
                 from [01m[K/usr/include/c++/8/ostream:38[m[K,
                 from [01m[K/usr/include/c++/8/iostream:39[m[K,
                 from [01m[Ktostring.hh:4[m[K,
                 from [01m[Kexpr.hh:4[m[K,
                 from [01m[Kmain.cc:1[m[K:
[01m[K/usr/include/c++/8/bits/basic_string.h:5980:5:[m[K [01;36m[Knote: [m[Kcandidate: â€˜[01m[Ktemplate<class _CharT, class _Traits, class _Alloc> std::__cxx11::basic_string<_CharT, _Traits, _Allocator> std::operator+(const std::__cxx11::basic_string<_CharT, _Traits, _Allocator>&, _CharT)[m[Kâ€™
     [01;36m[Koperator[m[K+(const basic_string<_CharT, _Traits, _Alloc>& __lhs, _CharT __rhs)
     [01;36m[K^~~~~~~~[m[K
[01m[K/usr/include/c++/8/bits/basic_string.h:5980:5:[m[K [01;36m[Knote: [m[K  template argument deduction/substitution failed:
In file included from [01m[Kmain.cc:1[m[K:
[01m[Kexpr.hh:92:69:[m[K [01;36m[Knote: [m[K  deduced conflicting types for parameter â€˜[01m[K_CharT[m[Kâ€™ (â€˜[01m[Kchar[m[Kâ€™ and â€˜[01m[Kint[m[Kâ€™)
   std::string dcCode() const { return toString() + " " + left->eval([01;36m[K)[m[K + " - " + right->eval(); }
                                                                     [01;36m[K^[m[K
In file included from [01m[K/usr/include/c++/8/string:52[m[K,
                 from [01m[K/usr/include/c++/8/bits/locale_classes.h:40[m[K,
                 from [01m[K/usr/include/c++/8/bits/ios_base.h:41[m[K,
                 from [01m[K/usr/include/c++/8/ios:42[m[K,
                 from [01m[K/usr/include/c++/8/ostream:38[m[K,
                 from [01m[K/usr/include/c++/8/iostream:39[m[K,
                 from [01m[Ktostring.hh:4[m[K,
                 from [01m[Kexpr.hh:4[m[K,
                 from [01m[Kmain.cc:1[m[K:
[01m[K/usr/include/c++/8/bits/basic_string.h:5992:5:[m[K [01;36m[Knote: [m[Kcandidate: â€˜[01m[Ktemplate<class _CharT, class _Traits, class _Alloc> std::__cxx11::basic_string<_CharT, _Traits, _Allocator> std::operator+(std::__cxx11::basic_string<_CharT, _Traits, _Allocator>&&, const std::__cxx11::basic_string<_CharT, _Traits, _Allocator>&)[m[Kâ€™
     [01;36m[Koperator[m[K+(basic_string<_CharT, _Traits, _Alloc>&& __lhs,
     [01;36m[K^~~~~~~~[m[K
[01m[K/usr/include/c++/8/bits/basic_string.h:5992:5:[m[K [01;36m[Knote: [m[K  template argument deduction/substitution failed:
In file included from [01m[Kmain.cc:1[m[K:
[01m[Kexpr.hh:92:69:[m[K [01;36m[Knote: [m[K  mismatched types â€˜[01m[Kconst std::__cxx11::basic_string<_CharT, _Traits, _Allocator>[m[Kâ€™ and â€˜[01m[Kint[m[Kâ€™
   std::string dcCode() const { return toString() + " " + left->eval([01;36m[K)[m[K + " - " + right->eval(); }
                                                                     [01;36m[K^[m[K
In file included from [01m[K/usr/include/c++/8/string:52[m[K,
                 from [01m[K/usr/include/c++/8/bits/locale_classes.h:40[m[K,
                 from [01m[K/usr/include/c++/8/bits/ios_base.h:41[m[K,
                 from [01m[K/usr/include/c++/8/ios:42[m[K,
                 from [01m[K/usr/include/c++/8/ostream:38[m[K,
                 from [01m[K/usr/include/c++/8/iostream:39[m[K,
                 from [01m[Ktostring.hh:4[m[K,
                 from [01m[Kexpr.hh:4[m[K,
                 from [01m[Kmain.cc:1[m[K:
[01m[K/usr/include/c++/8/bits/basic_string.h:5998:5:[m[K [01;36m[Knote: [m[Kcandidate: â€˜[01m[Ktemplate<class _CharT, class _Traits, class _Alloc> std::__cxx11::basic_string<_CharT, _Traits, _Allocator> std::operator+(const std::__cxx11::basic_string<_CharT, _Traits, _Allocator>&, std::__cxx11::basic_string<_CharT, _Traits, _Allocator>&&)[m[Kâ€™
     [01;36m[Koperator[m[K+(const basic_string<_CharT, _Traits, _Alloc>& __lhs,
     [01;36m[K^~~~~~~~[m[K
[01m[K/usr/include/c++/8/bits/basic_string.h:5998:5:[m[K [01;36m[Knote: [m[K  template argument deduction/substitution failed:
In file included from [01m[Kmain.cc:1[m[K:
[01m[Kexpr.hh:92:69:[m[K [01;36m[Knote: [m[K  mismatched types â€˜[01m[Kstd::__cxx11::basic_string<_CharT, _Traits, _Allocator>[m[Kâ€™ and â€˜[01m[Kint[m[Kâ€™
   std::string dcCode() const { return toString() + " " + left->eval([01;36m[K)[m[K + " - " + right->eval(); }
                                                                     [01;36m[K^[m[K
In file included from [01m[K/usr/include/c++/8/string:52[m[K,
                 from [01m[K/usr/include/c++/8/bits/locale_classes.h:40[m[K,
                 from [01m[K/usr/include/c++/8/bits/ios_base.h:41[m[K,
                 from [01m[K/usr/include/c++/8/ios:42[m[K,
                 from [01m[K/usr/include/c++/8/ostream:38[m[K,
                 from [01m[K/usr/include/c++/8/iostream:39[m[K,
                 from [01m[Ktostring.hh:4[m[K,
                 from [01m[Kexpr.hh:4[m[K,
                 from [01m[Kmain.cc:1[m[K:
[01m[K/usr/include/c++/8/bits/basic_string.h:6004:5:[m[K [01;36m[Knote: [m[Kcandidate: â€˜[01m[Ktemplate<class _CharT, class _Traits, class _Alloc> std::__cxx11::basic_string<_CharT, _Traits, _Allocator> std::operator+(std::__cxx11::basic_string<_CharT, _Traits, _Allocator>&&, std::__cxx11::basic_string<_CharT, _Traits, _Allocator>&&)[m[Kâ€™
     [01;36m[Koperator[m[K+(basic_string<_CharT, _Traits, _Alloc>&& __lhs,
     [01;36m[K^~~~~~~~[m[K
[01m[K/usr/include/c++/8/bits/basic_string.h:6004:5:[m[K [01;36m[Knote: [m[K  template argument deduction/substitution failed:
In file included from [01m[Kmain.cc:1[m[K:
[01m[Kexpr.hh:92:69:[m[K [01;36m[Knote: [m[K  mismatched types â€˜[01m[Kstd::__cxx11::basic_string<_CharT, _Traits, _Allocator>[m[Kâ€™ and â€˜[01m[Kint[m[Kâ€™
   std::string dcCode() const { return toString() + " " + left->eval([01;36m[K)[m[K + " - " + right->eval(); }
                                                                     [01;36m[K^[m[K
In file included from [01m[K/usr/include/c++/8/string:52[m[K,
                 from [01m[K/usr/include/c++/8/bits/locale_classes.h:40[m[K,
                 from [01m[K/usr/include/c++/8/bits/ios_base.h:41[m[K,
                 from [01m[K/usr/include/c++/8/ios:42[m[K,
                 from [01m[K/usr/include/c++/8/ostream:38[m[K,
                 from [01m[K/usr/include/c++/8/iostream:39[m[K,
                 from [01m[Ktostring.hh:4[m[K,
                 from [01m[Kexpr.hh:4[m[K,
                 from [01m[Kmain.cc:1[m[K:
[01m[K/usr/include/c++/8/bits/basic_string.h:6016:5:[m[K [01;36m[Knote: [m[Kcandidate: â€˜[01m[Ktemplate<class _CharT, class _Traits, class _Alloc> std::__cxx11::basic_string<_CharT, _Traits, _Allocator> std::operator+(const _CharT*, std::__cxx11::basic_string<_CharT, _Traits, _Allocator>&&)[m[Kâ€™
     [01;36m[Koperator[m[K+(const _CharT* __lhs,
     [01;36m[K^~~~~~~~[m[K
[01m[K/usr/include/c++/8/bits/basic_string.h:6016:5:[m[K [01;36m[Knote: [m[K  template argument deduction/substitution failed:
In file included from [01m[Kmain.cc:1[m[K:
[01m[Kexpr.hh:92:69:[m[K [01;36m[Knote: [m[K  mismatched types â€˜[01m[Kconst _CharT*[m[Kâ€™ and â€˜[01m[Kstd::__cxx11::basic_string<char>[m[Kâ€™
   std::string dcCode() const { return toString() + " " + left->eval([01;36m[K)[m[K + " - " + right->eval(); }
                                                                     [01;36m[K^[m[K
In file included from [01m[K/usr/include/c++/8/string:52[m[K,
                 from [01m[K/usr/include/c++/8/bits/locale_classes.h:40[m[K,
                 from [01m[K/usr/include/c++/8/bits/ios_base.h:41[m[K,
                 from [01m[K/usr/include/c++/8/ios:42[m[K,
                 from [01m[K/usr/include/c++/8/ostream:38[m[K,
                 from [01m[K/usr/include/c++/8/iostream:39[m[K,
                 from [01m[Ktostring.hh:4[m[K,
                 from [01m[Kexpr.hh:4[m[K,
                 from [01m[Kmain.cc:1[m[K:
[01m[K/usr/include/c++/8/bits/basic_string.h:6022:5:[m[K [01;36m[Knote: [m[Kcandidate: â€˜[01m[Ktemplate<class _CharT, class _Traits, class _Alloc> std::__cxx11::basic_string<_CharT, _Traits, _Allocator> std::operator+(_CharT, std::__cxx11::basic_string<_CharT, _Traits, _Allocator>&&)[m[Kâ€™
     [01;36m[Koperator[m[K+(_CharT __lhs,
     [01;36m[K^~~~~~~~[m[K
[01m[K/usr/include/c++/8/bits/basic_string.h:6022:5:[m[K [01;36m[Knote: [m[K  template argument deduction/substitution failed:
In file included from [01m[Kmain.cc:1[m[K:
[01m[Kexpr.hh:92:69:[m[K [01;36m[Knote: [m[K  mismatched types â€˜[01m[Kstd::__cxx11::basic_string<_CharT, _Traits, _Allocator>[m[Kâ€™ and â€˜[01m[Kint[m[Kâ€™
   std::string dcCode() const { return toString() + " " + left->eval([01;36m[K)[m[K + " - " + right->eval(); }
                                                                     [01;36m[K^[m[K
In file included from [01m[K/usr/include/c++/8/string:52[m[K,
                 from [01m[K/usr/include/c++/8/bits/locale_classes.h:40[m[K,
                 from [01m[K/usr/include/c++/8/bits/ios_base.h:41[m[K,
                 from [01m[K/usr/include/c++/8/ios:42[m[K,
                 from [01m[K/usr/include/c++/8/ostream:38[m[K,
                 from [01m[K/usr/include/c++/8/iostream:39[m[K,
                 from [01m[Ktostring.hh:4[m[K,
                 from [01m[Kexpr.hh:4[m[K,
                 from [01m[Kmain.cc:1[m[K:
[01m[K/usr/include/c++/8/bits/basic_string.h:6028:5:[m[K [01;36m[Knote: [m[Kcandidate: â€˜[01m[Ktemplate<class _CharT, class _Traits, class _Alloc> std::__cxx11::basic_string<_CharT, _Traits, _Allocator> std::operator+(std::__cxx11::basic_string<_CharT, _Traits, _Allocator>&&, const _CharT*)[m[Kâ€™
     [01;36m[Koperator[m[K+(basic_string<_CharT, _Traits, _Alloc>&& __lhs,
     [01;36m[K^~~~~~~~[m[K
[01m[K/usr/include/c++/8/bits/basic_string.h:6028:5:[m[K [01;36m[Knote: [m[K  template argument deduction/substitution failed:
In file included from [01m[Kmain.cc:1[m[K:
[01m[Kexpr.hh:92:69:[m[K [01;36m[Knote: [m[K  mismatched types â€˜[01m[Kconst _CharT*[m[Kâ€™ and â€˜[01m[Kint[m[Kâ€™
   std::string dcCode() const { return toString() + " " + left->eval([01;36m[K)[m[K + " - " + right->eval(); }
                                                                     [01;36m[K^[m[K
In file included from [01m[K/usr/include/c++/8/string:52[m[K,
                 from [01m[K/usr/include/c++/8/bits/locale_classes.h:40[m[K,
                 from [01m[K/usr/include/c++/8/bits/ios_base.h:41[m[K,
                 from [01m[K/usr/include/c++/8/ios:42[m[K,
                 from [01m[K/usr/include/c++/8/ostream:38[m[K,
                 from [01m[K/usr/include/c++/8/iostream:39[m[K,
                 from [01m[Ktostring.hh:4[m[K,
                 from [01m[Kexpr.hh:4[m[K,
                 from [01m[Kmain.cc:1[m[K:
[01m[K/usr/include/c++/8/bits/basic_string.h:6034:5:[m[K [01;36m[Knote: [m[Kcandidate: â€˜[01m[Ktemplate<class _CharT, class _Traits, class _Alloc> std::__cxx11::basic_string<_CharT, _Traits, _Allocator> std::operator+(std::__cxx11::basic_string<_CharT, _Traits, _Allocator>&&, _CharT)[m[Kâ€™
     [01;36m[Koperator[m[K+(basic_string<_CharT, _Traits, _Alloc>&& __lhs,
     [01;36m[K^~~~~~~~[m[K
[01m[K/usr/include/c++/8/bits/basic_string.h:6034:5:[m[K [01;36m[Knote: [m[K  template argument deduction/substitution failed:
In file included from [01m[Kmain.cc:1[m[K:
[01m[Kexpr.hh:92:69:[m[K [01;36m[Knote: [m[K  deduced conflicting types for parameter â€˜[01m[K_CharT[m[Kâ€™ (â€˜[01m[Kchar[m[Kâ€™ and â€˜[01m[Kint[m[Kâ€™)
   std::string dcCode() const { return toString() + " " + left->eval([01;36m[K)[m[K + " - " + right->eval(); }
                                                                     [01;36m[K^[m[K
In file included from [01m[K/usr/include/c++/8/bits/stl_algobase.h:67[m[K,
                 from [01m[K/usr/include/c++/8/bits/char_traits.h:39[m[K,
                 from [01m[K/usr/include/c++/8/ios:40[m[K,
                 from [01m[K/usr/include/c++/8/ostream:38[m[K,
                 from [01m[K/usr/include/c++/8/iostream:39[m[K,
                 from [01m[Ktostring.hh:4[m[K,
                 from [01m[Kexpr.hh:4[m[K,
                 from [01m[Kmain.cc:1[m[K:
[01m[K/usr/include/c++/8/bits/stl_iterator.h:973:5:[m[K [01;36m[Knote: [m[Kcandidate: â€˜[01m[Ktemplate<class _Iterator, class _Container> __gnu_cxx::__normal_iterator<_Iterator, _Container> __gnu_cxx::operator+(typename __gnu_cxx::__normal_iterator<_Iterator, _Container>::difference_type, const __gnu_cxx::__normal_iterator<_Iterator, _Container>&)[m[Kâ€™
     [01;36m[Koperator[m[K+(typename __normal_iterator<_Iterator, _Container>::difference_type
     [01;36m[K^~~~~~~~[m[K
[01m[K/usr/include/c++/8/bits/stl_iterator.h:973:5:[m[K [01;36m[Knote: [m[K  template argument deduction/substitution failed:
In file included from [01m[Kmain.cc:1[m[K:
[01m[Kexpr.hh:92:69:[m[K [01;36m[Knote: [m[K  mismatched types â€˜[01m[Kconst __gnu_cxx::__normal_iterator<_Iterator, _Container>[m[Kâ€™ and â€˜[01m[Kint[m[Kâ€™
   std::string dcCode() const { return toString() + " " + left->eval([01;36m[K)[m[K + " - " + right->eval(); }
                                                                     [01;36m[K^[m[K
[01m[Kexpr.hh:[m[K In member function â€˜[01m[Kstd::__cxx11::string MulExpr::dcCode() const[m[Kâ€™:
[01m[Kexpr.hh:117:56:[m[K [01;31m[Kerror: [m[Kno match for â€˜[01m[Koperator+[m[Kâ€™ (operand types are â€˜[01m[Kstd::__cxx11::basic_string<char>[m[Kâ€™ and â€˜[01m[Kint[m[Kâ€™)
   std::string dcCode() const { return [01;31m[KtoString() + " " + left->eval()[m[K + " * " + right->eval(); }
                                       [01;31m[K~~~~~~~~~~~~~~~~~^~~~~~~~~~~~~~[m[K
In file included from [01m[K/usr/include/c++/8/bits/stl_algobase.h:67[m[K,
                 from [01m[K/usr/include/c++/8/bits/char_traits.h:39[m[K,
                 from [01m[K/usr/include/c++/8/ios:40[m[K,
                 from [01m[K/usr/include/c++/8/ostream:38[m[K,
                 from [01m[K/usr/include/c++/8/iostream:39[m[K,
                 from [01m[Ktostring.hh:4[m[K,
                 from [01m[Kexpr.hh:4[m[K,
                 from [01m[Kmain.cc:1[m[K:
[01m[K/usr/include/c++/8/bits/stl_iterator.h:400:5:[m[K [01;36m[Knote: [m[Kcandidate: â€˜[01m[Ktemplate<class _Iterator> constexpr std::reverse_iterator<_Iterator> std::operator+(typename std::reverse_iterator<_Iterator>::difference_type, const std::reverse_iterator<_Iterator>&)[m[Kâ€™
     [01;36m[Koperator[m[K+(typename reverse_iterator<_Iterator>::difference_type __n,
     [01;36m[K^~~~~~~~[m[K
[01m[K/usr/include/c++/8/bits/stl_iterator.h:400:5:[m[K [01;36m[Knote: [m[K  template argument deduction/substitution failed:
In file included from [01m[Kmain.cc:1[m[K:
[01m[Kexpr.hh:117:69:[m[K [01;36m[Knote: [m[K  mismatched types â€˜[01m[Kconst std::reverse_iterator<_Iterator>[m[Kâ€™ and â€˜[01m[Kint[m[Kâ€™
   std::string dcCode() const { return toString() + " " + left->eval([01;36m[K)[m[K + " * " + right->eval(); }
                                                                     [01;36m[K^[m[K
In file included from [01m[K/usr/include/c++/8/bits/stl_algobase.h:67[m[K,
                 from [01m[K/usr/include/c++/8/bits/char_traits.h:39[m[K,
                 from [01m[K/usr/include/c++/8/ios:40[m[K,
                 from [01m[K/usr/include/c++/8/ostream:38[m[K,
                 from [01m[K/usr/include/c++/8/iostream:39[m[K,
                 from [01m[Ktostring.hh:4[m[K,
                 from [01m[Kexpr.hh:4[m[K,
                 from [01m[Kmain.cc:1[m[K:
[01m[K/usr/include/c++/8/bits/stl_iterator.h:1195:5:[m[K [01;36m[Knote: [m[Kcandidate: â€˜[01m[Ktemplate<class _Iterator> constexpr std::move_iterator<_IteratorL> std::operator+(typename std::move_iterator<_IteratorL>::difference_type, const std::move_iterator<_IteratorL>&)[m[Kâ€™
     [01;36m[Koperator[m[K+(typename move_iterator<_Iterator>::difference_type __n,
     [01;36m[K^~~~~~~~[m[K
[01m[K/usr/include/c++/8/bits/stl_iterator.h:1195:5:[m[K [01;36m[Knote: [m[K  template argument deduction/substitution failed:
In file included from [01m[Kmain.cc:1[m[K:
[01m[Kexpr.hh:117:69:[m[K [01;36m[Knote: [m[K  mismatched types â€˜[01m[Kconst std::move_iterator<_IteratorL>[m[Kâ€™ and â€˜[01m[Kint[m[Kâ€™
   std::string dcCode() const { return toString() + " " + left->eval([01;36m[K)[m[K + " * " + right->eval(); }
                                                                     [01;36m[K^[m[K
In file included from [01m[K/usr/include/c++/8/string:52[m[K,
                 from [01m[K/usr/include/c++/8/bits/locale_classes.h:40[m[K,
                 from [01m[K/usr/include/c++/8/bits/ios_base.h:41[m[K,
                 from [01m[K/usr/include/c++/8/ios:42[m[K,
                 from [01m[K/usr/include/c++/8/ostream:38[m[K,
                 from [01m[K/usr/include/c++/8/iostream:39[m[K,
                 from [01m[Ktostring.hh:4[m[K,
                 from [01m[Kexpr.hh:4[m[K,
                 from [01m[Kmain.cc:1[m[K:
[01m[K/usr/include/c++/8/bits/basic_string.h:5927:5:[m[K [01;36m[Knote: [m[Kcandidate: â€˜[01m[Ktemplate<class _CharT, class _Traits, class _Alloc> std::__cxx11::basic_string<_CharT, _Traits, _Allocator> std::operator+(const std::__cxx11::basic_string<_CharT, _Traits, _Allocator>&, const std::__cxx11::basic_string<_CharT, _Traits, _Allocator>&)[m[Kâ€™
     [01;36m[Koperator[m[K+(const basic_string<_CharT, _Traits, _Alloc>& __lhs,
     [01;36m[K^~~~~~~~[m[K
[01m[K/usr/include/c++/8/bits/basic_string.h:5927:5:[m[K [01;36m[Knote: [m[K  template argument deduction/substitution failed:
In file included from [01m[Kmain.cc:1[m[K:
[01m[Kexpr.hh:117:69:[m[K [01;36m[Knote: [m[K  mismatched types â€˜[01m[Kconst std::__cxx11::basic_string<_CharT, _Traits, _Allocator>[m[Kâ€™ and â€˜[01m[Kint[m[Kâ€™
   std::string dcCode() const { return toString() + " " + left->eval([01;36m[K)[m[K + " * " + right->eval(); }
                                                                     [01;36m[K^[m[K
In file included from [01m[K/usr/include/c++/8/string:53[m[K,
                 from [01m[K/usr/include/c++/8/bits/locale_classes.h:40[m[K,
                 from [01m[K/usr/include/c++/8/bits/ios_base.h:41[m[K,
                 from [01m[K/usr/include/c++/8/ios:42[m[K,
                 from [01m[K/usr/include/c++/8/ostream:38[m[K,
                 from [01m[K/usr/include/c++/8/iostream:39[m[K,
                 from [01m[Ktostring.hh:4[m[K,
                 from [01m[Kexpr.hh:4[m[K,
                 from [01m[Kmain.cc:1[m[K:
[01m[K/usr/include/c++/8/bits/basic_string.tcc:1157:5:[m[K [01;36m[Knote: [m[Kcandidate: â€˜[01m[Ktemplate<class _CharT, class _Traits, class _Alloc> std::__cxx11::basic_string<_CharT, _Traits, _Allocator> std::operator+(const _CharT*, const std::__cxx11::basic_string<_CharT, _Traits, _Allocator>&)[m[Kâ€™
     [01;36m[Koperator[m[K+(const _CharT* __lhs,
     [01;36m[K^~~~~~~~[m[K
[01m[K/usr/include/c++/8/bits/basic_string.tcc:1157:5:[m[K [01;36m[Knote: [m[K  template argument deduction/substitution failed:
In file included from [01m[Kmain.cc:1[m[K:
[01m[Kexpr.hh:117:69:[m[K [01;36m[Knote: [m[K  mismatched types â€˜[01m[Kconst _CharT*[m[Kâ€™ and â€˜[01m[Kstd::__cxx11::basic_string<char>[m[Kâ€™
   std::string dcCode() const { return toString() + " " + left->eval([01;36m[K)[m[K + " * " + right->eval(); }
                                                                     [01;36m[K^[m[K
In file included from [01m[K/usr/include/c++/8/string:53[m[K,
                 from [01m[K/usr/include/c++/8/bits/locale_classes.h:40[m[K,
                 from [01m[K/usr/include/c++/8/bits/ios_base.h:41[m[K,
                 from [01m[K/usr/include/c++/8/ios:42[m[K,
                 from [01m[K/usr/include/c++/8/ostream:38[m[K,
                 from [01m[K/usr/include/c++/8/iostream:39[m[K,
                 from [01m[Ktostring.hh:4[m[K,
                 from [01m[Kexpr.hh:4[m[K,
                 from [01m[Kmain.cc:1[m[K:
[01m[K/usr/include/c++/8/bits/basic_string.tcc:1173:5:[m[K [01;36m[Knote: [m[Kcandidate: â€˜[01m[Ktemplate<class _CharT, class _Traits, class _Alloc> std::__cxx11::basic_string<_CharT, _Traits, _Allocator> std::operator+(_CharT, const std::__cxx11::basic_string<_CharT, _Traits, _Allocator>&)[m[Kâ€™
     [01;36m[Koperator[m[K+(_CharT __lhs, const basic_string<_CharT, _Traits, _Alloc>& __rhs)
     [01;36m[K^~~~~~~~[m[K
[01m[K/usr/include/c++/8/bits/basic_string.tcc:1173:5:[m[K [01;36m[Knote: [m[K  template argument deduction/substitution failed:
In file included from [01m[Kmain.cc:1[m[K:
[01m[Kexpr.hh:117:69:[m[K [01;36m[Knote: [m[K  mismatched types â€˜[01m[Kconst std::__cxx11::basic_string<_CharT, _Traits, _Allocator>[m[Kâ€™ and â€˜[01m[Kint[m[Kâ€™
   std::string dcCode() const { return toString() + " " + left->eval([01;36m[K)[m[K + " * " + right->eval(); }
                                                                     [01;36m[K^[m[K
In file included from [01m[K/usr/include/c++/8/string:52[m[K,
                 from [01m[K/usr/include/c++/8/bits/locale_classes.h:40[m[K,
                 from [01m[K/usr/include/c++/8/bits/ios_base.h:41[m[K,
                 from [01m[K/usr/include/c++/8/ios:42[m[K,
                 from [01m[K/usr/include/c++/8/ostream:38[m[K,
                 from [01m[K/usr/include/c++/8/iostream:39[m[K,
                 from [01m[Ktostring.hh:4[m[K,
                 from [01m[Kexpr.hh:4[m[K,
                 from [01m[Kmain.cc:1[m[K:
[01m[K/usr/include/c++/8/bits/basic_string.h:5964:5:[m[K [01;36m[Knote: [m[Kcandidate: â€˜[01m[Ktemplate<class _CharT, class _Traits, class _Alloc> std::__cxx11::basic_string<_CharT, _Traits, _Allocator> std::operator+(const std::__cxx11::basic_string<_CharT, _Traits, _Allocator>&, const _CharT*)[m[Kâ€™
     [01;36m[Koperator[m[K+(const basic_string<_CharT, _Traits, _Alloc>& __lhs,
     [01;36m[K^~~~~~~~[m[K
[01m[K/usr/include/c++/8/bits/basic_string.h:5964:5:[m[K [01;36m[Knote: [m[K  template argument deduction/substitution failed:
In file included from [01m[Kmain.cc:1[m[K:
[01m[Kexpr.hh:117:69:[m[K [01;36m[Knote: [m[K  mismatched types â€˜[01m[Kconst _CharT*[m[Kâ€™ and â€˜[01m[Kint[m[Kâ€™
   std::string dcCode() const { return toString() + " " + left->eval([01;36m[K)[m[K + " * " + right->eval(); }
                                                                     [01;36m[K^[m[K
In file included from [01m[K/usr/include/c++/8/string:52[m[K,
                 from [01m[K/usr/include/c++/8/bits/locale_classes.h:40[m[K,
                 from [01m[K/usr/include/c++/8/bits/ios_base.h:41[m[K,
                 from [01m[K/usr/include/c++/8/ios:42[m[K,
                 from [01m[K/usr/include/c++/8/ostream:38[m[K,
                 from [01m[K/usr/include/c++/8/iostream:39[m[K,
                 from [01m[Ktostring.hh:4[m[K,
                 from [01m[Kexpr.hh:4[m[K,
                 from [01m[Kmain.cc:1[m[K:
[01m[K/usr/include/c++/8/bits/basic_string.h:5980:5:[m[K [01;36m[Knote: [m[Kcandidate: â€˜[01m[Ktemplate<class _CharT, class _Traits, class _Alloc> std::__cxx11::basic_string<_CharT, _Traits, _Allocator> std::operator+(const std::__cxx11::basic_string<_CharT, _Traits, _Allocator>&, _CharT)[m[Kâ€™
     [01;36m[Koperator[m[K+(const basic_string<_CharT, _Traits, _Alloc>& __lhs, _CharT __rhs)
     [01;36m[K^~~~~~~~[m[K
[01m[K/usr/include/c++/8/bits/basic_string.h:5980:5:[m[K [01;36m[Knote: [m[K  template argument deduction/substitution failed:
In file included from [01m[Kmain.cc:1[m[K:
[01m[Kexpr.hh:117:69:[m[K [01;36m[Knote: [m[K  deduced conflicting types for parameter â€˜[01m[K_CharT[m[Kâ€™ (â€˜[01m[Kchar[m[Kâ€™ and â€˜[01m[Kint[m[Kâ€™)
   std::string dcCode() const { return toString() + " " + left->eval([01;36m[K)[m[K + " * " + right->eval(); }
                                                                     [01;36m[K^[m[K
In file included from [01m[K/usr/include/c++/8/string:52[m[K,
                 from [01m[K/usr/include/c++/8/bits/locale_classes.h:40[m[K,
                 from [01m[K/usr/include/c++/8/bits/ios_base.h:41[m[K,
                 from [01m[K/usr/include/c++/8/ios:42[m[K,
                 from [01m[K/usr/include/c++/8/ostream:38[m[K,
                 from [01m[K/usr/include/c++/8/iostream:39[m[K,
                 from [01m[Ktostring.hh:4[m[K,
                 from [01m[Kexpr.hh:4[m[K,
                 from [01m[Kmain.cc:1[m[K:
[01m[K/usr/include/c++/8/bits/basic_string.h:5992:5:[m[K [01;36m[Knote: [m[Kcandidate: â€˜[01m[Ktemplate<class _CharT, class _Traits, class _Alloc> std::__cxx11::basic_string<_CharT, _Traits, _Allocator> std::operator+(std::__cxx11::basic_string<_CharT, _Traits, _Allocator>&&, const std::__cxx11::basic_string<_CharT, _Traits, _Allocator>&)[m[Kâ€™
     [01;36m[Koperator[m[K+(basic_string<_CharT, _Traits, _Alloc>&& __lhs,
     [01;36m[K^~~~~~~~[m[K
[01m[K/usr/include/c++/8/bits/basic_string.h:5992:5:[m[K [01;36m[Knote: [m[K  template argument deduction/substitution failed:
In file included from [01m[Kmain.cc:1[m[K:
[01m[Kexpr.hh:117:69:[m[K [01;36m[Knote: [m[K  mismatched types â€˜[01m[Kconst std::__cxx11::basic_string<_CharT, _Traits, _Allocator>[m[Kâ€™ and â€˜[01m[Kint[m[Kâ€™
   std::string dcCode() const { return toString() + " " + left->eval([01;36m[K)[m[K + " * " + right->eval(); }
                                                                     [01;36m[K^[m[K
In file included from [01m[K/usr/include/c++/8/string:52[m[K,
                 from [01m[K/usr/include/c++/8/bits/locale_classes.h:40[m[K,
                 from [01m[K/usr/include/c++/8/bits/ios_base.h:41[m[K,
                 from [01m[K/usr/include/c++/8/ios:42[m[K,
                 from [01m[K/usr/include/c++/8/ostream:38[m[K,
                 from [01m[K/usr/include/c++/8/iostream:39[m[K,
                 from [01m[Ktostring.hh:4[m[K,
                 from [01m[Kexpr.hh:4[m[K,
                 from [01m[Kmain.cc:1[m[K:
[01m[K/usr/include/c++/8/bits/basic_string.h:5998:5:[m[K [01;36m[Knote: [m[Kcandidate: â€˜[01m[Ktemplate<class _CharT, class _Traits, class _Alloc> std::__cxx11::basic_string<_CharT, _Traits, _Allocator> std::operator+(const std::__cxx11::basic_string<_CharT, _Traits, _Allocator>&, std::__cxx11::basic_string<_CharT, _Traits, _Allocator>&&)[m[Kâ€™
     [01;36m[Koperator[m[K+(const basic_string<_CharT, _Traits, _Alloc>& __lhs,
     [01;36m[K^~~~~~~~[m[K
[01m[K/usr/include/c++/8/bits/basic_string.h:5998:5:[m[K [01;36m[Knote: [m[K  template argument deduction/substitution failed:
In file included from [01m[Kmain.cc:1[m[K:
[01m[Kexpr.hh:117:69:[m[K [01;36m[Knote: [m[K  mismatched types â€˜[01m[Kstd::__cxx11::basic_string<_CharT, _Traits, _Allocator>[m[Kâ€™ and â€˜[01m[Kint[m[Kâ€™
   std::string dcCode() const { return toString() + " " + left->eval([01;36m[K)[m[K + " * " + right->eval(); }
                                                                     [01;36m[K^[m[K
In file included from [01m[K/usr/include/c++/8/string:52[m[K,
                 from [01m[K/usr/include/c++/8/bits/locale_classes.h:40[m[K,
                 from [01m[K/usr/include/c++/8/bits/ios_base.h:41[m[K,
                 from [01m[K/usr/include/c++/8/ios:42[m[K,
                 from [01m[K/usr/include/c++/8/ostream:38[m[K,
                 from [01m[K/usr/include/c++/8/iostream:39[m[K,
                 from [01m[Ktostring.hh:4[m[K,
                 from [01m[Kexpr.hh:4[m[K,
                 from [01m[Kmain.cc:1[m[K:
[01m[K/usr/include/c++/8/bits/basic_string.h:6004:5:[m[K [01;36m[Knote: [m[Kcandidate: â€˜[01m[Ktemplate<class _CharT, class _Traits, class _Alloc> std::__cxx11::basic_string<_CharT, _Traits, _Allocator> std::operator+(std::__cxx11::basic_string<_CharT, _Traits, _Allocator>&&, std::__cxx11::basic_string<_CharT, _Traits, _Allocator>&&)[m[Kâ€™
     [01;36m[Koperator[m[K+(basic_string<_CharT, _Traits, _Alloc>&& __lhs,
     [01;36m[K^~~~~~~~[m[K
[01m[K/usr/include/c++/8/bits/basic_string.h:6004:5:[m[K [01;36m[Knote: [m[K  template argument deduction/substitution failed:
In file included from [01m[Kmain.cc:1[m[K:
[01m[Kexpr.hh:117:69:[m[K [01;36m[Knote: [m[K  mismatched types â€˜[01m[Kstd::__cxx11::basic_string<_CharT, _Traits, _Allocator>[m[Kâ€™ and â€˜[01m[Kint[m[Kâ€™
   std::string dcCode() const { return toString() + " " + left->eval([01;36m[K)[m[K + " * " + right->eval(); }
                                                                     [01;36m[K^[m[K
In file included from [01m[K/usr/include/c++/8/string:52[m[K,
                 from [01m[K/usr/include/c++/8/bits/locale_classes.h:40[m[K,
                 from [01m[K/usr/include/c++/8/bits/ios_base.h:41[m[K,
                 from [01m[K/usr/include/c++/8/ios:42[m[K,
                 from [01m[K/usr/include/c++/8/ostream:38[m[K,
                 from [01m[K/usr/include/c++/8/iostream:39[m[K,
                 from [01m[Ktostring.hh:4[m[K,
                 from [01m[Kexpr.hh:4[m[K,
                 from [01m[Kmain.cc:1[m[K:
[01m[K/usr/include/c++/8/bits/basic_string.h:6016:5:[m[K [01;36m[Knote: [m[Kcandidate: â€˜[01m[Ktemplate<class _CharT, class _Traits, class _Alloc> std::__cxx11::basic_string<_CharT, _Traits, _Allocator> std::operator+(const _CharT*, std::__cxx11::basic_string<_CharT, _Traits, _Allocator>&&)[m[Kâ€™
     [01;36m[Koperator[m[K+(const _CharT* __lhs,
     [01;36m[K^~~~~~~~[m[K
[01m[K/usr/include/c++/8/bits/basic_string.h:6016:5:[m[K [01;36m[Knote: [m[K  template argument deduction/substitution failed:
In file included from [01m[Kmain.cc:1[m[K:
[01m[Kexpr.hh:117:69:[m[K [01;36m[Knote: [m[K  mismatched types â€˜[01m[Kconst _CharT*[m[Kâ€™ and â€˜[01m[Kstd::__cxx11::basic_string<char>[m[Kâ€™
   std::string dcCode() const { return toString() + " " + left->eval([01;36m[K)[m[K + " * " + right->eval(); }
                                                                     [01;36m[K^[m[K
In file included from [01m[K/usr/include/c++/8/string:52[m[K,
                 from [01m[K/usr/include/c++/8/bits/locale_classes.h:40[m[K,
                 from [01m[K/usr/include/c++/8/bits/ios_base.h:41[m[K,
                 from [01m[K/usr/include/c++/8/ios:42[m[K,
                 from [01m[K/usr/include/c++/8/ostream:38[m[K,
                 from [01m[K/usr/include/c++/8/iostream:39[m[K,
                 from [01m[Ktostring.hh:4[m[K,
                 from [01m[Kexpr.hh:4[m[K,
                 from [01m[Kmain.cc:1[m[K:
[01m[K/usr/include/c++/8/bits/basic_string.h:6022:5:[m[K [01;36m[Knote: [m[Kcandidate: â€˜[01m[Ktemplate<class _CharT, class _Traits, class _Alloc> std::__cxx11::basic_string<_CharT, _Traits, _Allocator> std::operator+(_CharT, std::__cxx11::basic_string<_CharT, _Traits, _Allocator>&&)[m[Kâ€™
     [01;36m[Koperator[m[K+(_CharT __lhs,
     [01;36m[K^~~~~~~~[m[K
[01m[K/usr/include/c++/8/bits/basic_string.h:6022:5:[m[K [01;36m[Knote: [m[K  template argument deduction/substitution failed:
In file included from [01m[Kmain.cc:1[m[K:
[01m[Kexpr.hh:117:69:[m[K [01;36m[Knote: [m[K  mismatched types â€˜[01m[Kstd::__cxx11::basic_string<_CharT, _Traits, _Allocator>[m[Kâ€™ and â€˜[01m[Kint[m[Kâ€™
   std::string dcCode() const { return toString() + " " + left->eval([01;36m[K)[m[K + " * " + right->eval(); }
                                                                     [01;36m[K^[m[K
In file included from [01m[K/usr/include/c++/8/string:52[m[K,
                 from [01m[K/usr/include/c++/8/bits/locale_classes.h:40[m[K,
                 from [01m[K/usr/include/c++/8/bits/ios_base.h:41[m[K,
                 from [01m[K/usr/include/c++/8/ios:42[m[K,
                 from [01m[K/usr/include/c++/8/ostream:38[m[K,
                 from [01m[K/usr/include/c++/8/iostream:39[m[K,
                 from [01m[Ktostring.hh:4[m[K,
                 from [01m[Kexpr.hh:4[m[K,
                 from [01m[Kmain.cc:1[m[K:
[01m[K/usr/include/c++/8/bits/basic_string.h:6028:5:[m[K [01;36m[Knote: [m[Kcandidate: â€˜[01m[Ktemplate<class _CharT, class _Traits, class _Alloc> std::__cxx11::basic_string<_CharT, _Traits, _Allocator> std::operator+(std::__cxx11::basic_string<_CharT, _Traits, _Allocator>&&, const _CharT*)[m[Kâ€™
     [01;36m[Koperator[m[K+(basic_string<_CharT, _Traits, _Alloc>&& __lhs,
     [01;36m[K^~~~~~~~[m[K
[01m[K/usr/include/c++/8/bits/basic_string.h:6028:5:[m[K [01;36m[Knote: [m[K  template argument deduction/substitution failed:
In file included from [01m[Kmain.cc:1[m[K:
[01m[Kexpr.hh:117:69:[m[K [01;36m[Knote: [m[K  mismatched types â€˜[01m[Kconst _CharT*[m[Kâ€™ and â€˜[01m[Kint[m[Kâ€™
   std::string dcCode() const { return toString() + " " + left->eval([01;36m[K)[m[K + " * " + right->eval(); }
                                                                     [01;36m[K^[m[K
In file included from [01m[K/usr/include/c++/8/string:52[m[K,
                 from [01m[K/usr/include/c++/8/bits/locale_classes.h:40[m[K,
                 from [01m[K/usr/include/c++/8/bits/ios_base.h:41[m[K,
                 from [01m[K/usr/include/c++/8/ios:42[m[K,
                 from [01m[K/usr/include/c++/8/ostream:38[m[K,
                 from [01m[K/usr/include/c++/8/iostream:39[m[K,
                 from [01m[Ktostring.hh:4[m[K,
                 from [01m[Kexpr.hh:4[m[K,
                 from [01m[Kmain.cc:1[m[K:
[01m[K/usr/include/c++/8/bits/basic_string.h:6034:5:[m[K [01;36m[Knote: [m[Kcandidate: â€˜[01m[Ktemplate<class _CharT, class _Traits, class _Alloc> std::__cxx11::basic_string<_CharT, _Traits, _Allocator> std::operator+(std::__cxx11::basic_string<_CharT, _Traits, _Allocator>&&, _CharT)[m[Kâ€™
     [01;36m[Koperator[m[K+(basic_string<_CharT, _Traits, _Alloc>&& __lhs,
     [01;36m[K^~~~~~~~[m[K
[01m[K/usr/include/c++/8/bits/basic_string.h:6034:5:[m[K [01;36m[Knote: [m[K  template argument deduction/substitution failed:
In file included from [01m[Kmain.cc:1[m[K:
[01m[Kexpr.hh:117:69:[m[K [01;36m[Knote: [m[K  deduced conflicting types for parameter â€˜[01m[K_CharT[m[Kâ€™ (â€˜[01m[Kchar[m[Kâ€™ and â€˜[01m[Kint[m[Kâ€™)
   std::string dcCode() const { return toString() + " " + left->eval([01;36m[K)[m[K + " * " + right->eval(); }
                                                                     [01;36m[K^[m[K
In file included from [01m[K/usr/include/c++/8/bits/stl_algobase.h:67[m[K,
                 from [01m[K/usr/include/c++/8/bits/char_traits.h:39[m[K,
                 from [01m[K/usr/include/c++/8/ios:40[m[K,
                 from [01m[K/usr/include/c++/8/ostream:38[m[K,
                 from [01m[K/usr/include/c++/8/iostream:39[m[K,
                 from [01m[Ktostring.hh:4[m[K,
                 from [01m[Kexpr.hh:4[m[K,
                 from [01m[Kmain.cc:1[m[K:
[01m[K/usr/include/c++/8/bits/stl_iterator.h:973:5:[m[K [01;36m[Knote: [m[Kcandidate: â€˜[01m[Ktemplate<class _Iterator, class _Container> __gnu_cxx::__normal_iterator<_Iterator, _Container> __gnu_cxx::operator+(typename __gnu_cxx::__normal_iterator<_Iterator, _Container>::difference_type, const __gnu_cxx::__normal_iterator<_Iterator, _Container>&)[m[Kâ€™
     [01;36m[Koperator[m[K+(typename __normal_iterator<_Iterator, _Container>::difference_type
     [01;36m[K^~~~~~~~[m[K
[01m[K/usr/include/c++/8/bits/stl_iterator.h:973:5:[m[K [01;36m[Knote: [m[K  template argument deduction/substitution failed:
In file included from [01m[Kmain.cc:1[m[K:
[01m[Kexpr.hh:117:69:[m[K [01;36m[Knote: [m[K  mismatched types â€˜[01m[Kconst __gnu_cxx::__normal_iterator<_Iterator, _Container>[m[Kâ€™ and â€˜[01m[Kint[m[Kâ€™
   std::string dcCode() const { return toString() + " " + left->eval([01;36m[K)[m[K + " * " + right->eval(); }
                                                                     [01;36m[K^[m[K
[01m[Kexpr.hh:[m[K In member function â€˜[01m[Kstd::__cxx11::string DivExpr::dcCode() const[m[Kâ€™:
[01m[Kexpr.hh:142:56:[m[K [01;31m[Kerror: [m[Kno match for â€˜[01m[Koperator+[m[Kâ€™ (operand types are â€˜[01m[Kstd::__cxx11::basic_string<char>[m[Kâ€™ and â€˜[01m[Kint[m[Kâ€™)
   std::string dcCode() const { return [01;31m[KtoString() + " " + left->eval()[m[K + " / " + right->eval(); }
                                       [01;31m[K~~~~~~~~~~~~~~~~~^~~~~~~~~~~~~~[m[K
In file included from [01m[K/usr/include/c++/8/bits/stl_algobase.h:67[m[K,
                 from [01m[K/usr/include/c++/8/bits/char_traits.h:39[m[K,
                 from [01m[K/usr/include/c++/8/ios:40[m[K,
                 from [01m[K/usr/include/c++/8/ostream:38[m[K,
                 from [01m[K/usr/include/c++/8/iostream:39[m[K,
                 from [01m[Ktostring.hh:4[m[K,
                 from [01m[Kexpr.hh:4[m[K,
                 from [01m[Kmain.cc:1[m[K:
[01m[K/usr/include/c++/8/bits/stl_iterator.h:400:5:[m[K [01;36m[Knote: [m[Kcandidate: â€˜[01m[Ktemplate<class _Iterator> constexpr std::reverse_iterator<_Iterator> std::operator+(typename std::reverse_iterator<_Iterator>::difference_type, const std::reverse_iterator<_Iterator>&)[m[Kâ€™
     [01;36m[Koperator[m[K+(typename reverse_iterator<_Iterator>::difference_type __n,
     [01;36m[K^~~~~~~~[m[K
[01m[K/usr/include/c++/8/bits/stl_iterator.h:400:5:[m[K [01;36m[Knote: [m[K  template argument deduction/substitution failed:
In file included from [01m[Kmain.cc:1[m[K:
[01m[Kexpr.hh:142:69:[m[K [01;36m[Knote: [m[K  mismatched types â€˜[01m[Kconst std::reverse_iterator<_Iterator>[m[Kâ€™ and â€˜[01m[Kint[m[Kâ€™
   std::string dcCode() const { return toString() + " " + left->eval([01;36m[K)[m[K + " / " + right->eval(); }
                                                                     [01;36m[K^[m[K
In file included from [01m[K/usr/include/c++/8/bits/stl_algobase.h:67[m[K,
                 from [01m[K/usr/include/c++/8/bits/char_traits.h:39[m[K,
                 from [01m[K/usr/include/c++/8/ios:40[m[K,
                 from [01m[K/usr/include/c++/8/ostream:38[m[K,
                 from [01m[K/usr/include/c++/8/iostream:39[m[K,
                 from [01m[Ktostring.hh:4[m[K,
                 from [01m[Kexpr.hh:4[m[K,
                 from [01m[Kmain.cc:1[m[K:
[01m[K/usr/include/c++/8/bits/stl_iterator.h:1195:5:[m[K [01;36m[Knote: [m[Kcandidate: â€˜[01m[Ktemplate<class _Iterator> constexpr std::move_iterator<_IteratorL> std::operator+(typename std::move_iterator<_IteratorL>::difference_type, const std::move_iterator<_IteratorL>&)[m[Kâ€™
     [01;36m[Koperator[m[K+(typename move_iterator<_Iterator>::difference_type __n,
     [01;36m[K^~~~~~~~[m[K
[01m[K/usr/include/c++/8/bits/stl_iterator.h:1195:5:[m[K [01;36m[Knote: [m[K  template argument deduction/substitution failed:
In file included from [01m[Kmain.cc:1[m[K:
[01m[Kexpr.hh:142:69:[m[K [01;36m[Knote: [m[K  mismatched types â€˜[01m[Kconst std::move_iterator<_IteratorL>[m[Kâ€™ and â€˜[01m[Kint[m[Kâ€™
   std::string dcCode() const { return toString() + " " + left->eval([01;36m[K)[m[K + " / " + right->eval(); }
                                                                     [01;36m[K^[m[K
In file included from [01m[K/usr/include/c++/8/string:52[m[K,
                 from [01m[K/usr/include/c++/8/bits/locale_classes.h:40[m[K,
                 from [01m[K/usr/include/c++/8/bits/ios_base.h:41[m[K,
                 from [01m[K/usr/include/c++/8/ios:42[m[K,
                 from [01m[K/usr/include/c++/8/ostream:38[m[K,
                 from [01m[K/usr/include/c++/8/iostream:39[m[K,
                 from [01m[Ktostring.hh:4[m[K,
                 from [01m[Kexpr.hh:4[m[K,
                 from [01m[Kmain.cc:1[m[K:
[01m[K/usr/include/c++/8/bits/basic_string.h:5927:5:[m[K [01;36m[Knote: [m[Kcandidate: â€˜[01m[Ktemplate<class _CharT, class _Traits, class _Alloc> std::__cxx11::basic_string<_CharT, _Traits, _Allocator> std::operator+(const std::__cxx11::basic_string<_CharT, _Traits, _Allocator>&, const std::__cxx11::basic_string<_CharT, _Traits, _Allocator>&)[m[Kâ€™
     [01;36m[Koperator[m[K+(const basic_string<_CharT, _Traits, _Alloc>& __lhs,
     [01;36m[K^~~~~~~~[m[K
[01m[K/usr/include/c++/8/bits/basic_string.h:5927:5:[m[K [01;36m[Knote: [m[K  template argument deduction/substitution failed:
In file included from [01m[Kmain.cc:1[m[K:
[01m[Kexpr.hh:142:69:[m[K [01;36m[Knote: [m[K  mismatched types â€˜[01m[Kconst std::__cxx11::basic_string<_CharT, _Traits, _Allocator>[m[Kâ€™ and â€˜[01m[Kint[m[Kâ€™
   std::string dcCode() const { return toString() + " " + left->eval([01;36m[K)[m[K + " / " + right->eval(); }
                                                                     [01;36m[K^[m[K
In file included from [01m[K/usr/include/c++/8/string:53[m[K,
                 from [01m[K/usr/include/c++/8/bits/locale_classes.h:40[m[K,
                 from [01m[K/usr/include/c++/8/bits/ios_base.h:41[m[K,
                 from [01m[K/usr/include/c++/8/ios:42[m[K,
                 from [01m[K/usr/include/c++/8/ostream:38[m[K,
                 from [01m[K/usr/include/c++/8/iostream:39[m[K,
                 from [01m[Ktostring.hh:4[m[K,
                 from [01m[Kexpr.hh:4[m[K,
                 from [01m[Kmain.cc:1[m[K:
[01m[K/usr/include/c++/8/bits/basic_string.tcc:1157:5:[m[K [01;36m[Knote: [m[Kcandidate: â€˜[01m[Ktemplate<class _CharT, class _Traits, class _Alloc> std::__cxx11::basic_string<_CharT, _Traits, _Allocator> std::operator+(const _CharT*, const std::__cxx11::basic_string<_CharT, _Traits, _Allocator>&)[m[Kâ€™
     [01;36m[Koperator[m[K+(const _CharT* __lhs,
     [01;36m[K^~~~~~~~[m[K
[01m[K/usr/include/c++/8/bits/basic_string.tcc:1157:5:[m[K [01;36m[Knote: [m[K  template argument deduction/substitution failed:
In file included from [01m[Kmain.cc:1[m[K:
[01m[Kexpr.hh:142:69:[m[K [01;36m[Knote: [m[K  mismatched types â€˜[01m[Kconst _CharT*[m[Kâ€™ and â€˜[01m[Kstd::__cxx11::basic_string<char>[m[Kâ€™
   std::string dcCode() const { return toString() + " " + left->eval([01;36m[K)[m[K + " / " + right->eval(); }
                                                                     [01;36m[K^[m[K
In file included from [01m[K/usr/include/c++/8/string:53[m[K,
                 from [01m[K/usr/include/c++/8/bits/locale_classes.h:40[m[K,
                 from [01m[K/usr/include/c++/8/bits/ios_base.h:41[m[K,
                 from [01m[K/usr/include/c++/8/ios:42[m[K,
                 from [01m[K/usr/include/c++/8/ostream:38[m[K,
                 from [01m[K/usr/include/c++/8/iostream:39[m[K,
                 from [01m[Ktostring.hh:4[m[K,
                 from [01m[Kexpr.hh:4[m[K,
                 from [01m[Kmain.cc:1[m[K:
[01m[K/usr/include/c++/8/bits/basic_string.tcc:1173:5:[m[K [01;36m[Knote: [m[Kcandidate: â€˜[01m[Ktemplate<class _CharT, class _Traits, class _Alloc> std::__cxx11::basic_string<_CharT, _Traits, _Allocator> std::operator+(_CharT, const std::__cxx11::basic_string<_CharT, _Traits, _Allocator>&)[m[Kâ€™
     [01;36m[Koperator[m[K+(_CharT __lhs, const basic_string<_CharT, _Traits, _Alloc>& __rhs)
     [01;36m[K^~~~~~~~[m[K
[01m[K/usr/include/c++/8/bits/basic_string.tcc:1173:5:[m[K [01;36m[Knote: [m[K  template argument deduction/substitution failed:
In file included from [01m[Kmain.cc:1[m[K:
[01m[Kexpr.hh:142:69:[m[K [01;36m[Knote: [m[K  mismatched types â€˜[01m[Kconst std::__cxx11::basic_string<_CharT, _Traits, _Allocator>[m[Kâ€™ and â€˜[01m[Kint[m[Kâ€™
   std::string dcCode() const { return toString() + " " + left->eval([01;36m[K)[m[K + " / " + right->eval(); }
                                                                     [01;36m[K^[m[K
In file included from [01m[K/usr/include/c++/8/string:52[m[K,
                 from [01m[K/usr/include/c++/8/bits/locale_classes.h:40[m[K,
                 from [01m[K/usr/include/c++/8/bits/ios_base.h:41[m[K,
                 from [01m[K/usr/include/c++/8/ios:42[m[K,
                 from [01m[K/usr/include/c++/8/ostream:38[m[K,
                 from [01m[K/usr/include/c++/8/iostream:39[m[K,
                 from [01m[Ktostring.hh:4[m[K,
                 from [01m[Kexpr.hh:4[m[K,
                 from [01m[Kmain.cc:1[m[K:
[01m[K/usr/include/c++/8/bits/basic_string.h:5964:5:[m[K [01;36m[Knote: [m[Kcandidate: â€˜[01m[Ktemplate<class _CharT, class _Traits, class _Alloc> std::__cxx11::basic_string<_CharT, _Traits, _Allocator> std::operator+(const std::__cxx11::basic_string<_CharT, _Traits, _Allocator>&, const _CharT*)[m[Kâ€™
     [01;36m[Koperator[m[K+(const basic_string<_CharT, _Traits, _Alloc>& __lhs,
     [01;36m[K^~~~~~~~[m[K
[01m[K/usr/include/c++/8/bits/basic_string.h:5964:5:[m[K [01;36m[Knote: [m[K  template argument deduction/substitution failed:
In file included from [01m[Kmain.cc:1[m[K:
[01m[Kexpr.hh:142:69:[m[K [01;36m[Knote: [m[K  mismatched types â€˜[01m[Kconst _CharT*[m[Kâ€™ and â€˜[01m[Kint[m[Kâ€™
   std::string dcCode() const { return toString() + " " + left->eval([01;36m[K)[m[K + " / " + right->eval(); }
                                                                     [01;36m[K^[m[K
In file included from [01m[K/usr/include/c++/8/string:52[m[K,
                 from [01m[K/usr/include/c++/8/bits/locale_classes.h:40[m[K,
                 from [01m[K/usr/include/c++/8/bits/ios_base.h:41[m[K,
                 from [01m[K/usr/include/c++/8/ios:42[m[K,
                 from [01m[K/usr/include/c++/8/ostream:38[m[K,
                 from [01m[K/usr/include/c++/8/iostream:39[m[K,
                 from [01m[Ktostring.hh:4[m[K,
                 from [01m[Kexpr.hh:4[m[K,
                 from [01m[Kmain.cc:1[m[K:
[01m[K/usr/include/c++/8/bits/basic_string.h:5980:5:[m[K [01;36m[Knote: [m[Kcandidate: â€˜[01m[Ktemplate<class _CharT, class _Traits, class _Alloc> std::__cxx11::basic_string<_CharT, _Traits, _Allocator> std::operator+(const std::__cxx11::basic_string<_CharT, _Traits, _Allocator>&, _CharT)[m[Kâ€™
     [01;36m[Koperator[m[K+(const basic_string<_CharT, _Traits, _Alloc>& __lhs, _CharT __rhs)
     [01;36m[K^~~~~~~~[m[K
[01m[K/usr/include/c++/8/bits/basic_string.h:5980:5:[m[K [01;36m[Knote: [m[K  template argument deduction/substitution failed:
In file included from [01m[Kmain.cc:1[m[K:
[01m[Kexpr.hh:142:69:[m[K [01;36m[Knote: [m[K  deduced conflicting types for parameter â€˜[01m[K_CharT[m[Kâ€™ (â€˜[01m[Kchar[m[Kâ€™ and â€˜[01m[Kint[m[Kâ€™)
   std::string dcCode() const { return toString() + " " + left->eval([01;36m[K)[m[K + " / " + right->eval(); }
                                                                     [01;36m[K^[m[K
In file included from [01m[K/usr/include/c++/8/string:52[m[K,
                 from [01m[K/usr/include/c++/8/bits/locale_classes.h:40[m[K,
                 from [01m[K/usr/include/c++/8/bits/ios_base.h:41[m[K,
                 from [01m[K/usr/include/c++/8/ios:42[m[K,
                 from [01m[K/usr/include/c++/8/ostream:38[m[K,
                 from [01m[K/usr/include/c++/8/iostream:39[m[K,
                 from [01m[Ktostring.hh:4[m[K,
                 from [01m[Kexpr.hh:4[m[K,
                 from [01m[Kmain.cc:1[m[K:
[01m[K/usr/include/c++/8/bits/basic_string.h:5992:5:[m[K [01;36m[Knote: [m[Kcandidate: â€˜[01m[Ktemplate<class _CharT, class _Traits, class _Alloc> std::__cxx11::basic_string<_CharT, _Traits, _Allocator> std::operator+(std::__cxx11::basic_string<_CharT, _Traits, _Allocator>&&, const std::__cxx11::basic_string<_CharT, _Traits, _Allocator>&)[m[Kâ€™
     [01;36m[Koperator[m[K+(basic_string<_CharT, _Traits, _Alloc>&& __lhs,
     [01;36m[K^~~~~~~~[m[K
[01m[K/usr/include/c++/8/bits/basic_string.h:5992:5:[m[K [01;36m[Knote: [m[K  template argument deduction/substitution failed:
In file included from [01m[Kmain.cc:1[m[K:
[01m[Kexpr.hh:142:69:[m[K [01;36m[Knote: [m[K  mismatched types â€˜[01m[Kconst std::__cxx11::basic_string<_CharT, _Traits, _Allocator>[m[Kâ€™ and â€˜[01m[Kint[m[Kâ€™
   std::string dcCode() const { return toString() + " " + left->eval([01;36m[K)[m[K + " / " + right->eval(); }
                                                                     [01;36m[K^[m[K
In file included from [01m[K/usr/include/c++/8/string:52[m[K,
                 from [01m[K/usr/include/c++/8/bits/locale_classes.h:40[m[K,
                 from [01m[K/usr/include/c++/8/bits/ios_base.h:41[m[K,
                 from [01m[K/usr/include/c++/8/ios:42[m[K,
                 from [01m[K/usr/include/c++/8/ostream:38[m[K,
                 from [01m[K/usr/include/c++/8/iostream:39[m[K,
                 from [01m[Ktostring.hh:4[m[K,
                 from [01m[Kexpr.hh:4[m[K,
                 from [01m[Kmain.cc:1[m[K:
[01m[K/usr/include/c++/8/bits/basic_string.h:5998:5:[m[K [01;36m[Knote: [m[Kcandidate: â€˜[01m[Ktemplate<class _CharT, class _Traits, class _Alloc> std::__cxx11::basic_string<_CharT, _Traits, _Allocator> std::operator+(const std::__cxx11::basic_string<_CharT, _Traits, _Allocator>&, std::__cxx11::basic_string<_CharT, _Traits, _Allocator>&&)[m[Kâ€™
     [01;36m[Koperator[m[K+(const basic_string<_CharT, _Traits, _Alloc>& __lhs,
     [01;36m[K^~~~~~~~[m[K
[01m[K/usr/include/c++/8/bits/basic_string.h:5998:5:[m[K [01;36m[Knote: [m[K  template argument deduction/substitution failed:
In file included from [01m[Kmain.cc:1[m[K:
[01m[Kexpr.hh:142:69:[m[K [01;36m[Knote: [m[K  mismatched types â€˜[01m[Kstd::__cxx11::basic_string<_CharT, _Traits, _Allocator>[m[Kâ€™ and â€˜[01m[Kint[m[Kâ€™
   std::string dcCode() const { return toString() + " " + left->eval([01;36m[K)[m[K + " / " + right->eval(); }
                                                                     [01;36m[K^[m[K
In file included from [01m[K/usr/include/c++/8/string:52[m[K,
                 from [01m[K/usr/include/c++/8/bits/locale_classes.h:40[m[K,
                 from [01m[K/usr/include/c++/8/bits/ios_base.h:41[m[K,
                 from [01m[K/usr/include/c++/8/ios:42[m[K,
                 from [01m[K/usr/include/c++/8/ostream:38[m[K,
                 from [01m[K/usr/include/c++/8/iostream:39[m[K,
                 from [01m[Ktostring.hh:4[m[K,
                 from [01m[Kexpr.hh:4[m[K,
                 from [01m[Kmain.cc:1[m[K:
[01m[K/usr/include/c++/8/bits/basic_string.h:6004:5:[m[K [01;36m[Knote: [m[Kcandidate: â€˜[01m[Ktemplate<class _CharT, class _Traits, class _Alloc> std::__cxx11::basic_string<_CharT, _Traits, _Allocator> std::operator+(std::__cxx11::basic_string<_CharT, _Traits, _Allocator>&&, std::__cxx11::basic_string<_CharT, _Traits, _Allocator>&&)[m[Kâ€™
     [01;36m[Koperator[m[K+(basic_string<_CharT, _Traits, _Alloc>&& __lhs,
     [01;36m[K^~~~~~~~[m[K
[01m[K/usr/include/c++/8/bits/basic_string.h:6004:5:[m[K [01;36m[Knote: [m[K  template argument deduction/substitution failed:
In file included from [01m[Kmain.cc:1[m[K:
[01m[Kexpr.hh:142:69:[m[K [01;36m[Knote: [m[K  mismatched types â€˜[01m[Kstd::__cxx11::basic_string<_CharT, _Traits, _Allocator>[m[Kâ€™ and â€˜[01m[Kint[m[Kâ€™
   std::string dcCode() const { return toString() + " " + left->eval([01;36m[K)[m[K + " / " + right->eval(); }
                                                                     [01;36m[K^[m[K
In file included from [01m[K/usr/include/c++/8/string:52[m[K,
                 from [01m[K/usr/include/c++/8/bits/locale_classes.h:40[m[K,
                 from [01m[K/usr/include/c++/8/bits/ios_base.h:41[m[K,
                 from [01m[K/usr/include/c++/8/ios:42[m[K,
                 from [01m[K/usr/include/c++/8/ostream:38[m[K,
                 from [01m[K/usr/include/c++/8/iostream:39[m[K,
                 from [01m[Ktostring.hh:4[m[K,
                 from [01m[Kexpr.hh:4[m[K,
                 from [01m[Kmain.cc:1[m[K:
[01m[K/usr/include/c++/8/bits/basic_string.h:6016:5:[m[K [01;36m[Knote: [m[Kcandidate: â€˜[01m[Ktemplate<class _CharT, class _Traits, class _Alloc> std::__cxx11::basic_string<_CharT, _Traits, _Allocator> std::operator+(const _CharT*, std::__cxx11::basic_string<_CharT, _Traits, _Allocator>&&)[m[Kâ€™
     [01;36m[Koperator[m[K+(const _CharT* __lhs,
     [01;36m[K^~~~~~~~[m[K
[01m[K/usr/include/c++/8/bits/basic_string.h:6016:5:[m[K [01;36m[Knote: [m[K  template argument deduction/substitution failed:
In file included from [01m[Kmain.cc:1[m[K:
[01m[Kexpr.hh:142:69:[m[K [01;36m[Knote: [m[K  mismatched types â€˜[01m[Kconst _CharT*[m[Kâ€™ and â€˜[01m[Kstd::__cxx11::basic_string<char>[m[Kâ€™
   std::string dcCode() const { return toString() + " " + left->eval([01;36m[K)[m[K + " / " + right->eval(); }
                                                                     [01;36m[K^[m[K
In file included from [01m[K/usr/include/c++/8/string:52[m[K,
                 from [01m[K/usr/include/c++/8/bits/locale_classes.h:40[m[K,
                 from [01m[K/usr/include/c++/8/bits/ios_base.h:41[m[K,
                 from [01m[K/usr/include/c++/8/ios:42[m[K,
                 from [01m[K/usr/include/c++/8/ostream:38[m[K,
                 from [01m[K/usr/include/c++/8/iostream:39[m[K,
                 from [01m[Ktostring.hh:4[m[K,
                 from [01m[Kexpr.hh:4[m[K,
                 from [01m[Kmain.cc:1[m[K:
[01m[K/usr/include/c++/8/bits/basic_string.h:6022:5:[m[K [01;36m[Knote: [m[Kcandidate: â€˜[01m[Ktemplate<class _CharT, class _Traits, class _Alloc> std::__cxx11::basic_string<_CharT, _Traits, _Allocator> std::operator+(_CharT, std::__cxx11::basic_string<_CharT, _Traits, _Allocator>&&)[m[Kâ€™
     [01;36m[Koperator[m[K+(_CharT __lhs,
     [01;36m[K^~~~~~~~[m[K
[01m[K/usr/include/c++/8/bits/basic_string.h:6022:5:[m[K [01;36m[Knote: [m[K  template argument deduction/substitution failed:
In file included from [01m[Kmain.cc:1[m[K:
[01m[Kexpr.hh:142:69:[m[K [01;36m[Knote: [m[K  mismatched types â€˜[01m[Kstd::__cxx11::basic_string<_CharT, _Traits, _Allocator>[m[Kâ€™ and â€˜[01m[Kint[m[Kâ€™
   std::string dcCode() const { return toString() + " " + left->eval([01;36m[K)[m[K + " / " + right->eval(); }
                                                                     [01;36m[K^[m[K
In file included from [01m[K/usr/include/c++/8/string:52[m[K,
                 from [01m[K/usr/include/c++/8/bits/locale_classes.h:40[m[K,
                 from [01m[K/usr/include/c++/8/bits/ios_base.h:41[m[K,
                 from [01m[K/usr/include/c++/8/ios:42[m[K,
                 from [01m[K/usr/include/c++/8/ostream:38[m[K,
                 from [01m[K/usr/include/c++/8/iostream:39[m[K,
                 from [01m[Ktostring.hh:4[m[K,
                 from [01m[Kexpr.hh:4[m[K,
                 from [01m[Kmain.cc:1[m[K:
[01m[K/usr/include/c++/8/bits/basic_string.h:6028:5:[m[K [01;36m[Knote: [m[Kcandidate: â€˜[01m[Ktemplate<class _CharT, class _Traits, class _Alloc> std::__cxx11::basic_string<_CharT, _Traits, _Allocator> std::operator+(std::__cxx11::basic_string<_CharT, _Traits, _Allocator>&&, const _CharT*)[m[Kâ€™
     [01;36m[Koperator[m[K+(basic_string<_CharT, _Traits, _Alloc>&& __lhs,
     [01;36m[K^~~~~~~~[m[K
[01m[K/usr/include/c++/8/bits/basic_string.h:6028:5:[m[K [01;36m[Knote: [m[K  template argument deduction/substitution failed:
In file included from [01m[Kmain.cc:1[m[K:
[01m[Kexpr.hh:142:69:[m[K [01;36m[Knote: [m[K  mismatched types â€˜[01m[Kconst _CharT*[m[Kâ€™ and â€˜[01m[Kint[m[Kâ€™
   std::string dcCode() const { return toString() + " " + left->eval([01;36m[K)[m[K + " / " + right->eval(); }
                                                                     [01;36m[K^[m[K
In file included from [01m[K/usr/include/c++/8/string:52[m[K,
                 from [01m[K/usr/include/c++/8/bits/locale_classes.h:40[m[K,
                 from [01m[K/usr/include/c++/8/bits/ios_base.h:41[m[K,
                 from [01m[K/usr/include/c++/8/ios:42[m[K,
                 from [01m[K/usr/include/c++/8/ostream:38[m[K,
                 from [01m[K/usr/include/c++/8/iostream:39[m[K,
                 from [01m[Ktostring.hh:4[m[K,
                 from [01m[Kexpr.hh:4[m[K,
                 from [01m[Kmain.cc:1[m[K:
[01m[K/usr/include/c++/8/bits/basic_string.h:6034:5:[m[K [01;36m[Knote: [m[Kcandidate: â€˜[01m[Ktemplate<class _CharT, class _Traits, class _Alloc> std::__cxx11::basic_string<_CharT, _Traits, _Allocator> std::operator+(std::__cxx11::basic_string<_CharT, _Traits, _Allocator>&&, _CharT)[m[Kâ€™
     [01;36m[Koperator[m[K+(basic_string<_CharT, _Traits, _Alloc>&& __lhs,
     [01;36m[K^~~~~~~~[m[K
[01m[K/usr/include/c++/8/bits/basic_string.h:6034:5:[m[K [01;36m[Knote: [m[K  template argument deduction/substitution failed:
In file included from [01m[Kmain.cc:1[m[K:
[01m[Kexpr.hh:142:69:[m[K [01;36m[Knote: [m[K  deduced conflicting types for parameter â€˜[01m[K_CharT[m[Kâ€™ (â€˜[01m[Kchar[m[Kâ€™ and â€˜[01m[Kint[m[Kâ€™)
   std::string dcCode() const { return toString() + " " + left->eval([01;36m[K)[m[K + " / " + right->eval(); }
                                                                     [01;36m[K^[m[K
In file included from [01m[K/usr/include/c++/8/bits/stl_algobase.h:67[m[K,
                 from [01m[K/usr/include/c++/8/bits/char_traits.h:39[m[K,
                 from [01m[K/usr/include/c++/8/ios:40[m[K,
                 from [01m[K/usr/include/c++/8/ostream:38[m[K,
                 from [01m[K/usr/include/c++/8/iostream:39[m[K,
                 from [01m[Ktostring.hh:4[m[K,
                 from [01m[Kexpr.hh:4[m[K,
                 from [01m[Kmain.cc:1[m[K:
[01m[K/usr/include/c++/8/bits/stl_iterator.h:973:5:[m[K [01;36m[Knote: [m[Kcandidate: â€˜[01m[Ktemplate<class _Iterator, class _Container> __gnu_cxx::__normal_iterator<_Iterator, _Container> __gnu_cxx::operator+(typename __gnu_cxx::__normal_iterator<_Iterator, _Container>::difference_type, const __gnu_cxx::__normal_iterator<_Iterator, _Container>&)[m[Kâ€™
     [01;36m[Koperator[m[K+(typename __normal_iterator<_Iterator, _Container>::difference_type
     [01;36m[K^~~~~~~~[m[K
[01m[K/usr/include/c++/8/bits/stl_iterator.h:973:5:[m[K [01;36m[Knote: [m[K  template argument deduction/substitution failed:
In file included from [01m[Kmain.cc:1[m[K:
[01m[Kexpr.hh:142:69:[m[K [01;36m[Knote: [m[K  mismatched types â€˜[01m[Kconst __gnu_cxx::__normal_iterator<_Iterator, _Container>[m[Kâ€™ and â€˜[01m[Kint[m[Kâ€™
   std::string dcCode() const { return toString() + " " + left->eval([01;36m[K)[m[K + " / " + right->eval(); }
                                                                     [01;36m[K^[m[K
make: *** [../Makefile:48: main.o] Error 1
mmuffol1@g7-19:/import/linux/home1/mmuffol1/projects/i240a/submit/lab5/exercises/2-expr$ clear [A[C[C[C[C[C[C[C[C[C[C[C[C[C[C[C[C[C[C[C[C[C[C[C[C[C[C[C[C[C[C[C[C[C[C[C[C[C[C[C[C[C[C[C[C[C[C[C[C[C[C[C[C[C[C[C[C[C[C[C[C[C[C[C[C[C[C[C[C[C[C[C[C[C[C[C[C[C[C[C[C[C[C[C[C[C[C[C[C[C[C[C[C[C[Kr
[H[2J[3Jmmuffol1@g7-19:/import/linux/home1/mmuffol1/projects/i240a/submit/lab5/exercises/2-expr$ mak[K[K[Kclear [A[C[C[C[C[C[C[C[C[C[C[C[C[C[C[C[C[C[C[C[C[C[C[C[C[C[C[C[C[C[C[C[C[C[C[C[C[C[C[C[C[C[C[C[C[C[C[C[C[C[C[C[C[C[C[C[C[C[C[C[C[C[C[C[C[C[C[C[C[C[C[C[C[C[C[C[C[C[C[C[C[C[C[C[C[C[C[C[C[Cmake -f ../Makefile
g++ -MT main.o -MMD -MP -MF .deps/main.d -g -Wall -std=c++17 -c main.cc
g++ -MT parse.o -MMD -MP -MF .deps/parse.d -g -Wall -std=c++17 -c parse.cc
g++ -MT expr.o -MMD -MP -MF .deps/expr.d -g -Wall -std=c++17 -c expr.cc
g++ tostring.o main.o parse.o expr.o -o main
mmuffol1@g7-19:/import/linux/home1/mmuffol1/projects/i240a/submit/lab5/exercises/2-expr$ make -f ../Makefile
g++ -MT main.o -MMD -MP -MF .deps/main.d -g -Wall -std=c++17 -c main.cc
g++ -MT parse.o -MMD -MP -MF .deps/parse.d -g -Wall -std=c++17 -c parse.cc
g++ -MT expr.o -MMD -MP -MF .deps/expr.d -g -Wall -std=c++17 -c expr.cc
g++ tostring.o main.o parse.o expr.o -o main
mmuffol1@g7-19:/import/linux/home1/mmuffol1/projects/i240a/submit/lab5/exercises/2-expr$ make -f ../Makefile
g++ -MT main.o -MMD -MP -MF .deps/main.d -g -Wall -std=c++17 -c main.cc
[01m[Kmain.cc:[m[K In function â€˜[01m[Kint main(int, char**)[m[Kâ€™:
[01m[Kmain.cc:16:18:[m[K [01;31m[Kerror: [m[Kno match for â€˜[01m[Koperator*[m[Kâ€™ (operand type is â€˜[01m[Kstd::__cxx11::string[m[Kâ€™ {aka â€˜[01m[Kstd::__cxx11::basic_string<char>[m[Kâ€™})
     std::cout << [01;31m[K*exprP->dcCode()[m[K << exprP->eval() << std::endl;
                  [01;31m[K^~~~~~~~~~~~~~~~[m[K
make: *** [../Makefile:48: main.o] Error 1
mmuffol1@g7-19:/import/linux/home1/mmuffol1/projects/i240a/submit/lab5/exercises/2-expr$ make -f ../Makefile
g++ -MT main.o -MMD -MP -MF .deps/main.d -g -Wall -std=c++17 -c main.cc
g++ -MT parse.o -MMD -MP -MF .deps/parse.d -g -Wall -std=c++17 -c parse.cc
g++ -MT expr.o -MMD -MP -MF .deps/expr.d -g -Wall -std=c++17 -c expr.cc
g++ tostring.o main.o parse.o expr.o -o main
cat </dev/null >.gitignore
echo .deps >.gitignore
for t in main tostring.o main.o parse.o expr.o; do echo $t >>.gitignore; done
mmuffol1@g7-19:/import/linux/home1/mmuffol1/projects/i240a/submit/lab5/exercises/2-expr$ ./main  "+ + + / 22  6 * 5 3 - 2 5 * 3 5"
((((22) / (6)) + ((5) * (3))) + ((2) - (5))) + ((3) * (5)) = 30
mmuffol1@g7-19:/import/linux/home1/mmuffol1/projects/i240a/submit/lab5/exercises/2-expr$ 22 6 / 5 3 * + 2 5 - + 3 5 * + p c
bash: 22: command not found
mmuffol1@g7-19:/import/linux/home1/mmuffol1/projects/i240a/submit/lab5/exercises/2-expr$ 22 6 / 5 3 * + 2 5 - + 3 5 * + p c[A[C[C[C[C[C[C[C[C[C[C[C[C[C[C[C[C[C[C[C[C[C[C[C[C[C[C[C[C[C[C[C[C[C[C[C[C[C[C[C[C[C[C[C[C[C[C[C[C[C[C[C[C[C[C[C[C[C[C[C[C[K
[K[A[C[C[C[C[C[C[C[C[C[C[C[C[C[C[C[C[C[C[C[C[C[C[C[C[C[C[C[C[C[C[C[C[C[C[C[C[C[C[C[C[C[C[C[C[C[C[C[C[C[C[C[C[C[C[C[C[C[C[C[C[C[C[C[C[C[C[C[C[C[C[C[C[C[C[C[C[C[C[C[C[C[C[C[C[C[C[C[C[C22 6 / 5 3 * + 2 5 - + 3 5 * + p c[A[C[C[C[C[C[C[C[C[C[C[C[C[C[C[C[C[C[C[C[C[C[C[C[C[C[C[C[C[C[C[C[C[C[C[C[C[C[C[C[C[C[C[C[C[C[C[C[C[C[C[C[C[C[C[C[C[C[C[C[C./main[C "+ + + / 22  6 * 5 3 - 2 5 * 3 5"[A[C[C[C[C[C[C[C[C[C[C[C[C[C[C[C[C[C[C[C[C[C[C[C[C[C[C[C[C[C[C[C[C[C[C[C[C[C[C[C[C[C[C[C[C[C[C[C[C[C[C[C[C[Cmake -[22Pf ../Makefile
g++ -MT main.o -MMD -MP -MF .deps/main.d -g -Wall -std=c++17 -c main.cc
g++ tostring.o main.o parse.o expr.o -o main
cat </dev/null >.gitignore
echo .deps >.gitignore
for t in main tostring.o main.o parse.o expr.o; do echo $t >>.gitignore; done
mmuffol1@g7-19:/import/linux/home1/mmuffol1/projects/i240a/submit/lab5/exercises/2-expr$ ./main "- 3 2" "* + 1 2 5"
* 

mmuffol1@g7-19:/import/linux/home1/mmuffol1/projects/i240a/submit/lab5/exercises/2-expr$ ./main "- 3 2" "* + 1 2 5"[K[K[K[K[K[K[K[K[K[K[K[K\
> ^C
mmuffol1@g7-19:/import/linux/home1/mmuffol1/projects/i240a/submit/lab5/exercises/2-expr$ ./main "- 3 2"\[K\
> ^C
mmuffol1@g7-19:/import/linux/home1/mmuffol1/projects/i240a/submit/lab5/exercises/2-expr$ ./main "- 3 2"\[K
* 
mmuffol1@g7-19:/import/linux/home1/mmuffol1/projects/i240a/submit/lab5/exercises/2-expr$ ./main "- 3 2"\ "* + 1 2 5"[A[C[C[C[C[C[C[C[C[C[C[C[C[C[C[C[C[C[C[C[C[C[C[C[C[C[C[C[C[C[C[C[C[C[C[C[C[C[C[C[C[C[C[C[C[C[C[C[C[C[C[C[C[C[C[C[C[C[C[C[C[C[C[C[C[C[C[C[Cmake -[7Pf ../Makefile
g++ -MT main.o -MMD -MP -MF .deps/main.d -g -Wall -std=c++17 -c main.cc
In file included from [01m[Kmain.cc:1[m[K:
[01m[Kexpr.hh:[m[K In member function â€˜[01m[Kvirtual std::__cxx11::string AddExpr::dcCode() const[m[Kâ€™:
[01m[Kexpr.hh:68:74:[m[K [01;31m[Kerror: [m[Kinvalid operands of types â€˜[01m[Kconst char*[m[Kâ€™ and â€˜[01m[Kconst char [4][m[Kâ€™ to binary â€˜[01m[Koperator+[m[Kâ€™
   std::string dcCode() const { return [01;31m[Kleft->eval() + " " + right->eval() + " + "[m[K; }
                                       [01;31m[K~~~~~~~~~~~~~~~~~~~~~~~~~~~~~~~~~~~^~~~~~~[m[K
make: *** [../Makefile:48: main.o] Error 1
mmuffol1@g7-19:/import/linux/home1/mmuffol1/projects/i240a/submit/lab5/exercises/2-expr$ make -f ../Makefile[A[C[C[C[C[C[C[C[C[C[C[C[C[C[C[C[C[C[C[C[C[C[C[C[C[C[C[C[C[C[C[C[C[C[C[C[C[C[C[C[C[C[C[C[C[C[C[C[C[C[C[C[C[C[C[C[C[C[C[C[C[C[C[C[C[C[C[C[C[C[C[C[C[C[C[C./main[5P "- 3 2"\ "* + 1 2 5"[A[C[C[C[C[C[C[C[C[C[C[C[C[C[C[C[C[C[C[C[C[C[C[C[C[C[C[C[C[C[C[C[C[C[C[C[C[C[C[C[C[C[C[C[C[C[C[C[C[C[C[C[C[C[C[C[C[C[C[C[C[C[C[C[C[C[C[C[Cmake -[7Pf ../Makefile
g++ -MT main.o -MMD -MP -MF .deps/main.d -g -Wall -std=c++17 -c main.cc
g++ -MT parse.o -MMD -MP -MF .deps/parse.d -g -Wall -std=c++17 -c parse.cc
g++ -MT expr.o -MMD -MP -MF .deps/expr.d -g -Wall -std=c++17 -c expr.cc
g++ tostring.o main.o parse.o expr.o -o main
cat </dev/null >.gitignore
echo .deps >.gitignore
for t in main tostring.o main.o parse.o expr.o; do echo $t >>.gitignore; done
mmuffol1@g7-19:/import/linux/home1/mmuffol1/projects/i240a/submit/lab5/exercises/2-expr$ make -f ../Makefile[A[C[C[C[C[C[C[C[C[C[C[C[C[C[C[C[C[C[C[C[C[C[C[C[C[C[C[C[C[C[C[C[C[C[C[C[C[C[C[C[C[C[C[C[C[C[C[C[C[C[C[C[C[C[C[C[C[C[C[C[C[C[C[C[C[C[C[C[C[C[C[C[C[C[C[C./main[5P "- 3 2"
*  p c
mmuffol1@g7-19:/import/linux/home1/mmuffol1/projects/i240a/submit/lab5/exercises/2-expr$ ./main "- 3 2"[A[C[C[C[C[C[C[C[C[C[C[C[C[C[C[C[C[C[C[C[C[C[C[C[C[C[C[C[C[C[C[C[C[C[C[C[C[C[C[C[C[C[C[C[C[C[C[C[C[C[C[C[C[C[C[C[C[C[C[C[C[C[C[C[C[C[C[C[C[C[C[C[C[C[C[C[C[C[C[C[Cmake -f ../Makefile
g++ -MT main.o -MMD -MP -MF .deps/main.d -g -Wall -std=c++17 -c main.cc
g++ -MT parse.o -MMD -MP -MF .deps/parse.d -g -Wall -std=c++17 -c parse.cc
g++ -MT expr.o -MMD -MP -MF .deps/expr.d -g -Wall -std=c++17 -c expr.cc
g++ tostring.o main.o parse.o expr.o -o main
mmuffol1@g7-19:/import/linux/home1/mmuffol1/projects/i240a/submit/lab5/exercises/2-expr$ make -f ../Makefile[A[C[C[C[C[C[C[C[C[C[C[C[C[C[C[C[C[C[C[C[C[C[C[C[C[C[C[C[C[C[C[C[C[C[C[C[C[C[C[C[C[C[C[C[C[C[C[C[C[C[C[C[C[C[C[C[C[C[C[C[C[C[C[C[C[C[C[C[C[C[C[C[C[C[C[C./main[5P "- 3 2"[A[C[C[C[C[C[C[C[C[C[C[C[C[C[C[C[C[C[C[C[C[C[C[C[C[C[C[C[C[C[C[C[C[C[C[C[C[C[C[C[C[C[C[C[C[C[C[C[C[C[C[C[C[C[C[C[C[C[C[C[C[C[C[C[C[C[C[C[C[C[C[C[C[C[C[C[C[C[C[C[Cmake -f ../Makefile[A[C[C[C[C[C[C[C[C[C[C[C[C[C[C[C[C[C[C[C[C[C[C[C[C[C[C[C[C[C[C[C[C[C[C[C[C[C[C[C[C[C[C[C[C[C[C[C[C[C[C[C[C[C[C[C[C[C[C[C[C[C[C[C[C[C[C[C[C[C[C[C[C[C[C[C./main[5P "- 3 2"\[K[A[C[C[C[C[C[C[C[C[C[C[C[C[C[C[C[C[C[C[C[C[C[C[C[C[C[C[C[C[C[C[C[C[C[C[C[C[C[C[C[C[C[C[C[C[C[C[C[C[C[C[C[C[C[C[C[C[C[C[C[C[C[C[C[C[C[C[C[C[C[C[C[C[C[C[C[C[C[C[C[Cmake -f ../Makefile[A[C[C[C[C[C[C[C[C[C[C[C[C[C[C[C[C[C[C[C[C[C[C[C[C[C[C[C[C[C[C[C[C[C[C[C[C[C[C[C[C[C[C[C[C[C[C[C[C[C[C[C[C[C[C[C[C[C[C[C[C[C[C[C[C[C[C[C[C[C[C[C[C[C[C[C./main[5P "- 3 2"[A[C[C[C[C[C[C[C[C[C[C[C[C[C[C[C[C[C[C[C[C[C[C[C[C[C[C[C[C[C[C[C[C[C[C[C[C[C[C[C[C[C[C[C[C[C[C[C[C[C[C[C[C[C[C[C[C[C[C[C[C[C[C[C[C[C[C[C[C[C[C[C[C[C[C[C[C[C[C[C[Cmake -f ../Makefile[A[C[C[C[C[C[C[C[C[C[C[C[C[C[C[C[C[C[C[C[C[C[C[C[C[C[C[C[C[C[C[C[C[C[C[C[C[C[C[C[C[C[C[C[C[C[C[C[C[C[C[C[C[C[C[C[C[C[C[C[C[C[C[C[C[C[C[C[C[C[C[C[C[C[C[C[K
[K[A[C[C[C[C[C[C[C[C[C[C[C[C[C[C[C[C[C[C[C[C[C[C[C[C[C[C[C[C[C[C[C[C[C[C[C[C[C[C[C[C[C[C[C[C[C[C[C[C[C[C[C[C[C[C[C[C[C[C[C[C[C[C[C[C[C[C[C[C[C[C[C[C[C[C[C[C[C[C[C[C[C[C[C[C[C[C[C[C[Cmake -f ../Makefile[A[C[C[C[C[C[C[C[C[C[C[C[C[C[C[C[C[C[C[C[C[C[C[C[C[C[C[C[C[C[C[C[C[C[C[C[C[C[C[C[C[C[C[C[C[C[C[C[C[C[C[C[C[C[C[C[C[C[C[C[C[C[C[C[C[C[C[C[C[C[C[C[C[C[C[C./main[5P "- 3 2"
3 2 -  p c
mmuffol1@g7-19:/import/linux/home1/mmuffol1/projects/i240a/submit/lab5/exercises/2-expr$ ./main "- 3 2" |dc
1
mmuffol1@g7-19:/import/linux/home1/mmuffol1/projects/i240a/submit/lab5/exercises/2-expr$ ./main "- 3 2" "* + 1 2 5" | dc
1
15
mmuffol1@g7-19:/import/linux/home1/mmuffol1/projects/i240a/submit/lab5/exercises/2-expr$ ./main  "+ + + / 22  6 * 5 3 - 2 5 * 3 5" | dc
30
mmuffol1@g7-19:/import/linux/home1/mmuffol1/projects/i240a/submit/lab5/exercises/2-expr$ 30
bash: 30: command not found
mmuffol1@g7-19:/import/linux/home1/mmuffol1/projects/i240a/submit/lab5/exercises/2-expr$ ./main  "+ + + / 22  6 * 5 3 - 2 5 * 3 5" | dc
30
mmuffol1@g7-19:/import/linux/home1/mmuffol1/projects/i240a/submit/lab5/exercises/2-expr$ cd [K .. [A[C[C[C[C[C[C[C[C[C[C[C[C[C[C[C[C[C[C[C[C[C[C[C[C[C[C[C[C[C[C[C[C[C[C[C[C[C[C[C[C[C[C[C[C[C[C[C[C[C[C[C[C[C[C[C[C[C[C[C[C[C[C[C[C[C[C[C[C[C[C[C[C[C[C[C[C[C[C[C[C[C[C[C[C[C[C[C[C[C[C[C[C[C[K.
mmuffol1@g7-19:/import/linux/home1/mmuffol1/projects/i240a/submit/lab5/exercises$ cd ..
mmuffol1@g7-19:/import/linux/home1/mmuffol1/projects/i240a/submit/lab5$ git add -a
error: unknown switch `a'
usage: git add [<options>] [--] <pathspec>...

    -n, --dry-run         dry run
    -v, --verbose         be verbose

    -i, --interactive     interactive picking
    -p, --patch           select hunks interactively
    -e, --edit            edit current diff and apply
    -f, --force           allow adding otherwise ignored files
    -u, --update          update tracked files
    --renormalize         renormalize EOL of tracked files (implies -u)
    -N, --intent-to-add   record only the fact that the path will be added later
    -A, --all             add changes from all tracked and untracked files
    --ignore-removal      ignore paths removed in the working tree (same as --no-all)
    --refresh             don't add, only refresh the index
    --ignore-errors       just skip files which cannot be added because of errors
    --ignore-missing      check if - even missing - files are ignored in dry run
    --chmod (+|-)x        override the executable bit of the listed files

mmuffol1@g7-19:/import/linux/home1/mmuffol1/projects/i240a/submit/lab5$ git add -A
mmuffol1@g7-19:/import/linux/home1/mmuffol1/projects/i240a/submit/lab5$ git commit -am "comple ting lab5"
[lab5 006a188] completing lab5
 Committer: Marcus Muffoletto <mmuffol1@cs.binghamton.edu>
Your name and email address were configured automatically based
on your username and hostname. Please check that they are accurate.
You can suppress this message by setting them explicitly. Run the
following command and follow the instructions in your editor to edit
your configuration file:

    git config --global --edit

After doing this, you may fix the identity used for this commit with:

    git commit --amend --reset-author

 15 files changed, 1926 insertions(+), 1 deletion(-)
 create mode 100644 submit/lab5/exercises/1-animal/.gitignore
 create mode 100644 submit/lab5/exercises/1-animal/.swp
 create mode 100644 submit/lab5/exercises/1-animal/animal.hh
 create mode 100644 submit/lab5/exercises/1-animal/main.cc
 create mode 100644 submit/lab5/exercises/2-expr/.gitignore
 create mode 100644 submit/lab5/exercises/2-expr/expr.cc
 create mode 100644 submit/lab5/exercises/2-expr/expr.hh
 create mode 100644 submit/lab5/exercises/2-expr/main.cc
 create mode 100644 submit/lab5/exercises/2-expr/parse.cc
 create mode 100644 submit/lab5/exercises/2-expr/parse.hh
 create mode 100644 submit/lab5/exercises/2-expr/tostring.cc
 create mode 100644 submit/lab5/exercises/2-expr/tostring.hh
 create mode 100644 submit/lab5/exercises/Makefile
 create mode 100644 submit/lab5/lab5.LOG
mmuffol1@g7-19:/import/linux/home1/mmuffol1/projects/i240a/submit/lab5$ git pu8[Ksh
fatal: The current branch lab5 has no upstream branch.
To push the current branch and set the remote as upstream, use

    git push --set-upstream origin lab5

mmuffol1@g7-19:/import/linux/home1/mmuffol1/projects/i240a/submit/lab5$ git brant[Kch l[K-l
[?1h=  lab0[m[m
  lab2[m[m
  lab3[m[m
* [32mlab5[m[m
  master[m[m
  prj1-sol[m[m
[K[?1l>mmuffol1@g7-19:/import/linux/home1/mmuffol1/projects/i240a/submit/lab5$ git merge -m "[K'mergeed[K[Kd m aster' master
Already up to date.
mmuffol1@g7-19:/import/linux/home1/mmuffol1/projects/i240a/submit/lab5$ git checkout ms[Kaster
error: Your local changes to the following files would be overwritten by checkout:
	submit/lab5/lab5.LOG
Please commit your changes or stash them before you switch branches.
Aborting
mmuffol1@g7-19:/import/linux/home1/mmuffol1/projects/i240a/submit/lab5$ git commit "completing  lab5"
error: pathspec 'completing lab5' did not match any file(s) known to git
mmuffol1@g7-19:/import/linux/home1/mmuffol1/projects/i240a/submit/lab5$ git commit "completing lab5"[A[C[C[C[C[C[C[C[C[C[C[C[C[C[C[C[C[C[C[C[C[C[C[C[C[C[C[C[C[C[C[C[C[C[C[C[C[C[C[C[C[C[C[C[C[C[C[C[C[C[C[C[C[C[C[C[C[C[C[C[C[C[C[C[C[C[C[C[C[C[C[C[3Pheckout master
[K[A[C[C[C[C[C[C[C[C[C[C[C[C[C[C[C[C[C[C[C[C[C[C[C[C[C[C[C[C[C[C[C[C[C[C[C[C[C[C[C[C[C[C[C[C[C[C[C[C[C[C[C[C[C[C[C[C[C[C[C[C[C[C[C[C[C[C[C[C[C[C[C[C[C[C[C[C[C[C[C[C[C[C[C[C[C[C[C[C[C[C[C
error: Your local changes to the following files would be overwritten by checkout:
	submit/lab5/lab5.LOG
Please commit your changes or stash them before you switch branches.
Aborting
mmuffol1@g7-19:/import/linux/home1/mmuffol1/projects/i240a/submit/lab5$ exit

Script done on 2020-02-27 14:18:21-05:00 [COMMAND_EXIT_CODE="1"]
